Unsupported production-claim scan
Matches below must be negative statements, launch-stage labels, future signoff options, or do-not-do constraints; no production readiness is claimed.
reports/placement-v3-launch-progression.md:9:| blocked | Default-off flags; release gates documented; known blockers tracked. | Live benchmark, drift replay, native audio, provider failover, production Supabase runtime, observability, and A29 modality evidence are missing. | Any accidental flag enablement or public route exposure. | `placement-v3-release-gates.md`; `placement-v3-known-risks.md`; `flag-audit.md`; PR #949. | Release owner | Low user risk because flags remain off; high launch risk if bypassed. |
reports/placement-v3-launch-progression.md:16:| public launch | Sustained multi-day live evidence; public support readiness; measured claims only. | No sustained production evidence; no production readiness claim is supported. | Any critical metric regression, user-visible grading trust issue, cost spike, native audio/privacy issue. | Updated production readiness report from live evidence; support/incident log; public claim review. | Chau | Critical. |
reports/placement-v3-launch-control-board.md:9:| #943 A36 DriftReplay | Agent A36 (DriftReplay) | Open draft; Build and Test in progress at latest capture | `reports/placement-v3-readiness-evidence/pr-943.json`; drift replay scaffold; `runtime-evidence-audit.md` says no live drift metrics | Live replay corpus output, CEFR movement rate, provider variance, approved thresholds | Blocks invite-only, soft launch, and public launch | KEEP DRAFT / NEEDS LIVE EVIDENCE | "Stay on #943. Produce live or clearly simulated drift replay evidence; do not claim drift stability without replay metrics. Update thresholds and blocker report." |
reports/placement-v3-launch-control-board.md:13:| #950 B1 ReliabilityGuardrails | Agent B1 (ReliabilityGuardrails) | Open, not draft; clean/green at latest capture | `reports/placement-v3-readiness-evidence/pr-950.json`; test harness/E2E reliability branch | Confirm PR body does not overclaim product/runtime readiness | Improves reliability evidence; not production readiness by itself | MERGE, if PR body is scoped to test reliability | "Confirm no production-readiness claims, then merge or prepare for merge. After merge, update #949 evidence index." |
reports/placement-v3-launch-criteria-history.md:39:- This does not prove production readiness; it only clears the local mocked path as a product-breakage signal.
reports/PLACEMENT-V3-POST-MERGE-READINESS-2026-05-20.md:11:Placement V3 is now integrated behind default-off flags, but it is not production-ready for users today. The safe state is merged code dark-launched behind flags. The unsafe state is enabling either public or broad internal user access before live benchmark, drift replay, native speaking, and A29 modality evidence exists.
reports/PLACEMENT-V3-POST-MERGE-READINESS-2026-05-20.md:22:- `reports/placement-v3-launch-progression.md` — stage-by-stage progression tracker from blocked through public launch.
reports/PLACEMENT-V3-POST-MERGE-READINESS-2026-05-20.md:100:- Local vertical E2E only proves the mocked internal path when explicit Placement V3 flags are enabled; it does not prove production readiness.
reports/PLACEMENT-V3-POST-MERGE-READINESS-2026-05-20.md:136:Conclusion: the original failure is local E2E environment/harness instability, not confirmed Placement V3 product breakage. The reruns verify the mocked internal path with explicit flags only; they do not prove live Supabase, live graders, cost/latency, provider failover, drift, native audio, or production readiness. Full analysis: `e2e-failure-analysis.md`.
reports/PLACEMENT-V3-POST-MERGE-READINESS-2026-05-20.md:193:- Placement V3 is production-ready.
reports/placement-v3-operational-cadence.md:12:- Confirm both Placement V3 flags remain off unless a signed decision template authorizes a scoped stage.
reports/placement-v3-operational-cadence.md:35:- Before moving to invite-only, soft launch, or public launch.
reports/placement-v3-next-agent-queue.md:8:| Agent A3 (DataQuality) | `feat/a3-placement-v3-data-quality` | #951 | Draft data-quality audit/tooling is clean/green, but not accepted as launch evidence yet. | Finish data-quality audit, list hard data blockers, and mark whether each affects internal/staff/invite/public launch. | report-only plus local audit | Audit logs, integrity report, blocker table, commands run. |
reports/placement-v3-next-agent-queue.md:12:| Agent B1 (ReliabilityGuardrails) | `feat/b1-test-stability-burndown` | #950 | Test/E2E reliability PR is now clean/green at latest capture. | Confirm PR body and docs do not imply Placement V3 production readiness; prepare merge if scoped. | report-only / local verification | CI summary, local verification logs if rerun, scoped PR body. |
reports/placement-v3-do-not-do.md:26:- Green CI is not production readiness.
reports/placement-v3-do-not-do.md:55:- production readiness,
reports/placement-v3-known-risks.md:28:| Stub/fallback scoring may be misread as real placement | Non-writing/non-conversation paths can fall back to stub heuristics. | #949 report | critical | Label fallback limitation clearly and block public launch until real graders exist. |
reports/placement-v3-known-risks.md:68:| Green CI may be confused with production readiness | CI proves build/test health, not runtime cost/latency/drift/native evidence. | #949 CI green; #949 report | high | Keep DO NOT ENABLE until critical runtime gates pass. |
reports/placement-v3-founder-decision-template.md:79:- ENABLE PUBLICLY
reports/placement-v3-blocker-ownership.md:13:| Adaptive generation hard gates failed | high | Adaptive generation / content quality | public launch; any generated-item exposure | #946: 59/90 candidates, 4 accepted items, tuned run stopped on `fetch failed`. | #946 / Adaptive generation owner | Resolve fetch instability, rerun gauntlet, human-review accepted items. | Yes if adaptive generation stays off and generated items are not in launch corpus. |
reports/placement-v3-blocker-ownership.md:15:| Shadow replay implementation absent | high | Shadow replay / validation | soft launch and public launch | #945 closed blocker-only; #952 is readiness docs, not runtime proof. | #952 / Shadow replay owner | Implement or explicitly defer shadow replay with accepted risk. | No for public launch claims; limited internal may proceed if risk is accepted. |
reports/placement-v3-evidence-index.md:23:| #951 | Placement V3 data-quality audit and integrity tooling | Draft evidence. Potentially important for launch corpus/data integrity. | Not accepted as runtime proof. | Unknown from #949 evidence. | Not production readiness while draft. | Open draft, clean/green at latest capture. |
reports/placement-v3-evidence-index.md:26:| #954 | Endurance + regression burn-in tooling | Draft endurance tooling; clean/green at latest capture. | Not accepted as endurance proof until burn-in artifacts exist. | Unknown from #949 evidence. | Not production readiness while draft. | Open draft, clean/green at latest capture. |
reports/placement-v3-evidence-index.md:30:- `green CI` means the branch builds/tests; it does not mean Placement V3 is production-ready.
