A36 simulation run 2 2026-05-20T13:33:20Z
[placement-drift] run=determinism-sim-02-2026-05-20T13-33-22-059Z batch=determinism-sim-02 samples=40 simulated=true
[placement-drift] sample=sp-a1-final-s-01 modality=speaking status=success provider=none cefr=A1 latencyMs=1242
[placement-drift] sample=sp-a1-copula-02 modality=speaking status=success provider=none cefr=A1 latencyMs=1173
[placement-drift] sample=sp-a2-past-03 modality=speaking status=malformed provider=none cefr=null latencyMs=1025
[placement-drift] sample=sp-a2-question-04 modality=speaking status=success provider=none cefr=A2 latencyMs=1252
[placement-drift] sample=sp-b1-articles-05 modality=speaking status=success provider=none cefr=A2 latencyMs=1056
[placement-drift] sample=sp-b1-literal-06 modality=speaking status=success provider=none cefr=B1 latencyMs=1483
[placement-drift] sample=sp-b2-borderline-07 modality=speaking status=success provider=none cefr=B2 latencyMs=1490
[placement-drift] sample=sp-b2-intonation-08 modality=speaking status=success provider=none cefr=B2 latencyMs=1044
[placement-drift] sample=sp-c1-pragmatic-09 modality=speaking status=success provider=none cefr=C1 latencyMs=1396
[placement-drift] sample=sp-c2-weird-10 modality=speaking status=success provider=none cefr=C2 latencyMs=1074
[placement-drift] sample=rd-a1-literal-11 modality=reading status=success provider=none cefr=A1 latencyMs=1383
[placement-drift] sample=rd-a1-wrong-12 modality=reading status=success provider=none cefr=A1 latencyMs=1044
[placement-drift] sample=rd-a2-mcq-13 modality=reading status=success provider=none cefr=A2 latencyMs=722
[placement-drift] sample=rd-a2-article-14 modality=reading status=success provider=none cefr=A2 latencyMs=296
[placement-drift] sample=rd-b1-inference-15 modality=reading status=success provider=none cefr=B2 latencyMs=1146
[placement-drift] sample=rd-b1-borderline-16 modality=reading status=success provider=none cefr=B2 latencyMs=194
[placement-drift] sample=rd-b2-nuance-17 modality=reading status=malformed provider=none cefr=null latencyMs=1038
[placement-drift] sample=rd-b2-mcq-18 modality=reading status=success provider=none cefr=C1 latencyMs=1062
[placement-drift] sample=rd-c1-hedging-19 modality=reading status=success provider=none cefr=C1 latencyMs=1070
[placement-drift] sample=rd-c2-adversarial-20 modality=reading status=success provider=none cefr=C1 latencyMs=313
[placement-drift] sample=ls-a1-detail-21 modality=listening status=success provider=none cefr=A1 latencyMs=601
[placement-drift] sample=ls-a1-wrong-22 modality=listening status=success provider=none cefr=A1 latencyMs=940
[placement-drift] sample=ls-a2-gist-23 modality=listening status=success provider=none cefr=A2 latencyMs=364
[placement-drift] sample=ls-a2-mcq-24 modality=listening status=success provider=none cefr=A2 latencyMs=1575
[placement-drift] sample=ls-b1-inference-25 modality=listening status=success provider=none cefr=B1 latencyMs=662
[placement-drift] sample=ls-b1-final-s-26 modality=listening status=success provider=none cefr=B1 latencyMs=258
[placement-drift] sample=ls-b2-detail-27 modality=listening status=malformed provider=none cefr=null latencyMs=637
[placement-drift] sample=ls-b2-nuance-28 modality=listening status=success provider=none cefr=C1 latencyMs=257
[placement-drift] sample=ls-c1-implicit-29 modality=listening status=success provider=none cefr=C1 latencyMs=1213
[placement-drift] sample=ls-c2-irony-30 modality=listening status=success provider=none cefr=C2 latencyMs=894
[placement-drift] sample=sp-c1-relative-31 modality=speaking status=success provider=none cefr=C2 latencyMs=747
[placement-drift] sample=rd-a2-there-is-32 modality=reading status=success provider=none cefr=A2 latencyMs=1521
[placement-drift] sample=ls-b1-negation-33 modality=listening status=success provider=none cefr=B1 latencyMs=255
[placement-drift] sample=sp-b2-topic-34 modality=speaking status=success provider=none cefr=B2 latencyMs=489
[placement-drift] sample=rd-c1-register-35 modality=reading status=success provider=none cefr=C1 latencyMs=1483
[placement-drift] sample=ls-a2-adversarial-emptyish-36 modality=listening status=success provider=none cefr=A2 latencyMs=869
[placement-drift] sample=sp-a1-code-switch-37 modality=speaking status=success provider=none cefr=A1 latencyMs=1143
[placement-drift] sample=rd-b2-overanswer-38 modality=reading status=success provider=none cefr=B2 latencyMs=1023
[placement-drift] sample=ls-c1-borderline-39 modality=listening status=success provider=none cefr=C1 latencyMs=1385
[placement-drift] sample=sp-c2-borderline-40 modality=speaking status=success provider=none cefr=C2 latencyMs=1142
[placement-drift] wrote docs/placement-v3/drift-detection/determinism-runs/determinism-sim-02/determinism-sim-02-2026-05-20T13-33-22-059Z.json
