
> mercyblade@0.0.0 prebuild
> npm run rooms:check


> mercyblade@0.0.0 rooms:check
> npm run generate:room-registry && npm run validate-rooms:core


> mercyblade@0.0.0 generate:room-registry
> node scripts/generate-room-registry.mjs

Total JSON files: 485
Warnings (non-fatal): 0

Registry generated successfully

> mercyblade@0.0.0 validate-rooms:core
> MB_VALIDATE_CORE_ONLY=1 node scripts/validate-rooms.mjs

Total ROOM JSON files (public/data/*.json): 485
Mode: CORE_ONLY
Warnings (non-fatal): 30
Errors: 0

Warning breakdown (non-fatal — backlog, not gate):
- PLACEHOLDER_EN_TITLE: 30
✅ validate-rooms: PASS

> mercyblade@0.0.0 build
> node scripts/generate-version.js && npm run generate:audio-manifest && npm run generate:sitemap && vite build

[version] Generated version.json: v2026-05-20-07 (1f6833a03)

> mercyblade@0.0.0 generate:audio-manifest
> node scripts/generate-audio-manifest.mjs

Scanning public/audio for .mp3 files...
✅ Audio manifest generated
   Total .mp3 files: 0

> mercyblade@0.0.0 generate:sitemap
> tsx scripts/generate-sitemap.ts

[sitemap] wrote 83 URLs to /private/tmp/a3-placement-v3-data-quality/public/sitemap.xml
vite v6.4.2 building for production...
transforming...
[plugin vite:dynamic-import-vars] src/components/mercy-guide/kidsDataLoader.ts: invalid import "./kids/kidPage${pageNumber}Data". A file extension must be included in the static part of the import. For example: import(`./foo/${bar}.js`).
✓ 3915 modules transformed.
Circular chunk: mercy-grammar-tab -> mercy-guide -> mercy-grammar-tab. Please adjust the manual chunk logic for these chunks.
Circular chunk: mercy-grammar-tab -> mercy-speak-tab -> mercy-grammar-tab. Please adjust the manual chunk logic for these chunks.
rendering chunks...
[plugin vite:reporter] 
(!) /private/tmp/a3-placement-v3-data-quality/src/config/slos.ts is dynamically imported by /private/tmp/a3-placement-v3-data-quality/src/lib/admin/errorBudget.ts but also statically imported by /private/tmp/a3-placement-v3-data-quality/src/lib/admin/errorBudget.ts, /private/tmp/a3-placement-v3-data-quality/src/lib/admin/incidentLog.ts, /private/tmp/a3-placement-v3-data-quality/src/pages/admin/SloDashboard.tsx, /private/tmp/a3-placement-v3-data-quality/src/pages/admin/SloDetail.tsx, dynamic import will not move module into another chunk.

computing gzip size...
dist/manifest.webmanifest                                 0.47 kB
dist/index.html                                           6.87 kB │ gzip:   2.38 kB
dist/assets/index-DazfKAZ_.css                          185.23 kB │ gzip:  26.35 kB
dist/assets/awardXPEventBus-BMZcGmrB.js                   0.04 kB │ gzip:   0.06 kB
dist/assets/PremiumGate-D0_oHLyH.js                       0.12 kB │ gzip:   0.12 kB
dist/assets/nativeContent-B2HrFNpS.js                     0.14 kB │ gzip:   0.11 kB
dist/assets/eventBus-CV2aPw6-.js                          0.14 kB │ gzip:   0.14 kB
dist/assets/AllRooms-BLuMbYK3.js                          0.16 kB │ gzip:   0.16 kB
dist/assets/chromeLanguage-Bmx9jgIP.js                    0.22 kB │ gzip:   0.17 kB
dist/assets/mfaEligibility-DTlR_2ck.js                    0.31 kB │ gzip:   0.18 kB
dist/assets/GlobalNavigationShortcuts-D6VuIrJf.js         0.42 kB │ gzip:   0.29 kB
dist/assets/MercyUnifiedPage-RR9-qQYf.js                  0.46 kB │ gzip:   0.32 kB
dist/assets/NativeDeepLinkListener-C6g6LTft.js            0.55 kB │ gzip:   0.38 kB
dist/assets/types-CNSnfwnr.js                             0.56 kB │ gzip:   0.39 kB
dist/assets/AccessibleToast-MLWyHq8I.js                   0.58 kB │ gzip:   0.37 kB
dist/assets/levels-C_c6gItW.js                            0.58 kB │ gzip:   0.35 kB
dist/assets/telemetry-C1iJM5ry.js                         0.63 kB │ gzip:   0.33 kB
dist/assets/configHealth-C0afCS-Z.js                      0.70 kB │ gzip:   0.44 kB
dist/assets/badge-Dv_uBTyc.js                             0.78 kB │ gzip:   0.41 kB
dist/assets/authGuard-CypVq6JY.js                         0.84 kB │ gzip:   0.48 kB
dist/assets/SentrySmokeTest-B5VJ2h9N.js                   0.88 kB │ gzip:   0.52 kB
dist/assets/types-DegwkW2O.js                             0.89 kB │ gzip:   0.54 kB
dist/assets/clarity-M0M8d1nw.js                           0.97 kB │ gzip:   0.56 kB
dist/assets/perfBudget-ms5FPM2Q.js                        1.00 kB │ gzip:   0.55 kB
dist/assets/card-rX4qySj-.js                              1.03 kB │ gzip:   0.40 kB
dist/assets/AndroidBackButton-CEFdGS8m.js                 1.05 kB │ gzip:   0.66 kB
dist/assets/NativeBootstrap-CkHEpzJU.js                   1.07 kB │ gzip:   0.55 kB
dist/assets/useAudioUrl-CeBnv0YT.js                       1.10 kB │ gzip:   0.49 kB
dist/assets/types-DmPqmEQh.js                             1.11 kB │ gzip:   0.64 kB
dist/assets/tierFromRoomId-DhrhdCs3.js                    1.12 kB │ gzip:   0.37 kB
dist/assets/rpc-C60EK0Bt.js                               1.26 kB │ gzip:   0.53 kB
dist/assets/TOEFLCopy-CscZyHry.js                         1.30 kB │ gzip:   0.65 kB
dist/assets/ga4-8gCQrEqG.js                               1.37 kB │ gzip:   0.75 kB
dist/assets/utm-C0N-EelT.js                               1.37 kB │ gzip:   0.63 kB
dist/assets/logs-BAd2BtUm.js                              1.43 kB │ gzip:   0.74 kB
dist/assets/SeoLayout-Bdo6zzRi.js                         1.44 kB │ gzip:   0.66 kB
dist/assets/pixel-CsmkCB6n.js                             1.46 kB │ gzip:   0.76 kB
dist/assets/table-C1mMX2vn.js                             1.53 kB │ gzip:   0.54 kB
dist/assets/nativeOAuth-CfKlN3ak.js                       1.59 kB │ gzip:   0.81 kB
dist/assets/TeacherRoute-DxWPy18d.js                      1.64 kB │ gzip:   0.85 kB
dist/assets/VstepTopicPage-Besugin5.js                    1.64 kB │ gzip:   0.89 kB
dist/assets/IeltsTopicPage-DFKlYBAw.js                    1.68 kB │ gzip:   0.86 kB
dist/assets/webVitalsTracking-D0TXRXUn.js                 1.69 kB │ gzip:   0.93 kB
dist/assets/LevelUpModal-BKwFBsxE.js                      1.70 kB │ gzip:   0.93 kB
dist/assets/InterviewIndex-C6cggZAC.js                    1.72 kB │ gzip:   0.92 kB
dist/assets/drillGraduation-DJpImZ4z.js                   1.85 kB │ gzip:   0.70 kB
dist/assets/CertificateToast-CY1ccqua.js                  2.02 kB │ gzip:   1.10 kB
dist/assets/ToeicTopicPage-DDJjiofZ.js                    2.05 kB │ gzip:   1.13 kB
dist/assets/TOEFLWritingPage-ChyY5lXa.js                  2.06 kB │ gzip:   0.95 kB
dist/assets/familyInviteCopy-CaTzqY6t.js                  2.07 kB │ gzip:   0.98 kB
dist/assets/tiers-BBl1jcWq.js                             2.11 kB │ gzip:   0.65 kB
dist/assets/speechAttempts-C0LBCdVb.js                    2.13 kB │ gzip:   1.00 kB
dist/assets/emailPreferences-CvoFzvqo.js                  2.14 kB │ gzip:   0.80 kB
dist/assets/routeHelper-CPEn9poY.js                       2.22 kB │ gzip:   0.96 kB
dist/assets/SeoMeta-DWpg4T0Z.js                           2.26 kB │ gzip:   0.82 kB
dist/assets/Writing-QWiZh5Gg.js                           2.27 kB │ gzip:   1.03 kB
dist/assets/Writing-CoVvmWWj.js                           2.35 kB │ gzip:   1.05 kB
dist/assets/HocTiengAnhMienPhiPage-BrkBDY9q.js            2.37 kB │ gzip:   1.13 kB
dist/assets/LoiTiengAnhNguoiVietHaySaiPage-C7FcpVUg.js    2.37 kB │ gzip:   1.19 kB
dist/assets/SuaPhatAmTiengAnhPage-BNm5pmtb.js             2.37 kB │ gzip:   1.20 kB
dist/assets/HocTiengAnhChoNguoiVietPage-BBFcqKS0.js       2.51 kB │ gzip:   1.20 kB
dist/assets/band-descriptors-BUj5-KbU.js                  2.52 kB │ gzip:   1.07 kB
dist/assets/PhongVanTiengAnhPage-BAjrBe_E.js              2.55 kB │ gzip:   1.24 kB
dist/assets/repository-mDILK6pU.js                        2.57 kB │ gzip:   0.97 kB
dist/assets/globalShortcuts-B0fCd8H7.js                   2.57 kB │ gzip:   1.18 kB
dist/assets/TOEFLSpeakingPage-BvgXBX8Y.js                 2.61 kB │ gzip:   1.16 kB
dist/assets/eligibility-BBAoYXSG.js                       2.64 kB │ gzip:   1.25 kB
dist/assets/VNCulturalIndexPage-zm6rt0if.js               2.66 kB │ gzip:   1.24 kB
dist/assets/sample-questions-LaUfjR4R.js                  2.73 kB │ gzip:   1.46 kB
dist/assets/JoinCorporatePage-ngEEsJFC.js                 2.75 kB │ gzip:   1.46 kB
dist/assets/Speaking-ynKMdQO8.js                          2.80 kB │ gzip:   1.25 kB
dist/assets/authUI-C3mSqW7q.js                            2.87 kB │ gzip:   1.07 kB
dist/assets/MySubmissionsPage-Bl2Olcrj.js                 2.97 kB │ gzip:   1.32 kB
dist/assets/studyGroupClient-C3gt3H0K.js                  3.00 kB │ gzip:   1.02 kB
dist/assets/catalog-FOmoL3mz.js                           3.07 kB │ gzip:   1.09 kB
dist/assets/CreateGroupPage-DEPiZ1pY.js                   3.08 kB │ gzip:   1.37 kB
dist/assets/streakCopy-L2FjzhYf.js                        3.10 kB │ gzip:   1.56 kB
dist/assets/IELTSListeningPage-Dssn6vBq.js                3.18 kB │ gzip:   1.29 kB
dist/assets/TOEICIndexPage-sRl0g4cb.js                    3.21 kB │ gzip:   1.39 kB
dist/assets/TOEFLListeningPage-BxSb2zyy.js                3.22 kB │ gzip:   1.29 kB
dist/assets/Referral-Ck9Uuu7R.js                          3.28 kB │ gzip:   1.43 kB
dist/assets/IELTSEstimatorPage-BtYPKhby.js                3.31 kB │ gzip:   1.25 kB
dist/assets/toaster-CQdYwe-q.js                           3.33 kB │ gzip:   1.26 kB
dist/assets/MyGiftsPage-B49zl8tc.js                       3.34 kB │ gzip:   1.42 kB
dist/assets/MilestoneObserver-qqzRsLEJ.js                 3.37 kB │ gzip:   1.25 kB
dist/assets/GroupsIndex-BsVDzejl.js                       3.40 kB │ gzip:   1.46 kB
dist/assets/giftSubscriptionClient-BgirGlpZ.js            3.43 kB │ gzip:   1.31 kB
dist/assets/IELTSIndexPage-9NSszaPc.js                    3.43 kB │ gzip:   1.40 kB
dist/assets/TOEFLIndexPage-Er4W9BzS.js                    3.44 kB │ gzip:   1.42 kB
dist/assets/AdminPaymentsPage-Bz6mA7Y5.js                 3.50 kB │ gzip:   1.42 kB
dist/assets/displayPrices-D5YnwgYU.js                     3.50 kB │ gzip:   1.43 kB
dist/assets/ReviewQueue-DUrCNl_D.js                       3.51 kB │ gzip:   1.60 kB
dist/assets/WritingTopic-E9u8kVJ4.js                      3.51 kB │ gzip:   1.19 kB
dist/assets/Listening-DfSddwZu.js                         3.55 kB │ gzip:   1.41 kB
dist/assets/Listening-CRpjYY7z.js                         3.56 kB │ gzip:   1.44 kB
dist/assets/ShortcutHelpOverlay-BJvf_fQk.js               3.65 kB │ gzip:   1.71 kB
dist/assets/sentenceSubmission-U876WrsX.js                3.68 kB │ gzip:   1.37 kB
dist/assets/PendingSentencesPage-C9gmPnCg.js              3.70 kB │ gzip:   1.62 kB
dist/assets/VSTEPIndexPage-DnxfU5KN.js                    3.75 kB │ gzip:   1.60 kB
dist/assets/roomJsonResolver-B8vuI7Gu.js                  3.76 kB │ gzip:   1.63 kB
dist/assets/Speaking-DWLAxOQv.js                          3.86 kB │ gzip:   1.70 kB
dist/assets/AcceptInvite-CGzccnih.js                      3.87 kB │ gzip:   1.62 kB
dist/assets/IELTSReadingPage-B1tE14-X.js                  3.88 kB │ gzip:   1.51 kB
dist/assets/FrenchLessonsPage-C9XmIOS0.js                 3.89 kB │ gzip:   1.85 kB
dist/assets/corporateClient-DvWlId4f.js                   3.89 kB │ gzip:   1.48 kB
dist/assets/curriculumTracker-Cu19fKrw.js                 3.90 kB │ gzip:   1.51 kB
dist/assets/VietnameseLessonsPage-Doat-trt.js             3.92 kB │ gzip:   1.73 kB
dist/assets/LeaderboardPage-BHKTaOML.js                   3.96 kB │ gzip:   1.49 kB
dist/assets/TOEFLReadingPage-7Q5_D6Jn.js                  3.97 kB │ gzip:   1.40 kB
dist/assets/useEntitlements-U0CC4qJ-.js                   3.98 kB │ gzip:   1.61 kB
dist/assets/ReadingPassage-ChrKTQE_.js                    4.02 kB │ gzip:   1.55 kB
dist/assets/ReadingPassage-aFW81Nhy.js                    4.05 kB │ gzip:   1.55 kB
dist/assets/MockInterviewIndex-CkTLKMp0.js                4.12 kB │ gzip:   1.72 kB
dist/assets/Reading-CkTVXQMm.js                           4.22 kB │ gzip:   1.64 kB
dist/assets/Reading-C7m_l2lQ.js                           4.27 kB │ gzip:   1.66 kB
dist/assets/Terms-C9Vjvb9i.js                             4.31 kB │ gzip:   1.84 kB
dist/assets/BlogIndex-Cs1Jo9pS.js                         4.31 kB │ gzip:   1.85 kB
dist/assets/VNCulturalPackPage-6WsVuRs6.js                4.38 kB │ gzip:   1.44 kB
dist/assets/WritingTopic-BaQII8yU.js                      4.42 kB │ gzip:   1.39 kB
dist/assets/MercyAnswerFeedback-BUvoyfEJ.js               4.58 kB │ gzip:   2.08 kB
dist/assets/referralLeaderboardCopy-CMeWC0JC.js           4.69 kB │ gzip:   2.05 kB
dist/assets/SpeakingTopic-BaNYyuXm.js                     4.70 kB │ gzip:   1.37 kB
dist/assets/RedeemGiftPage-91GhOxnP.js                    4.71 kB │ gzip:   1.94 kB
dist/assets/weeklyLeaderboardCopy-B_yKnw3D.js             4.72 kB │ gzip:   2.13 kB
dist/assets/KoreanLessonsPage-B4-wc_0d.js                 4.81 kB │ gzip:   2.18 kB
dist/assets/FeedbackTriagePage-DymFTdu2.js                4.81 kB │ gzip:   1.99 kB
dist/assets/ChineseLessonsPage-DHRDO7R9.js                4.88 kB │ gzip:   2.14 kB
dist/assets/iap-cXUR5izd.js                               4.94 kB │ gzip:   1.87 kB
dist/assets/ProfessionsIndexPage-BUcx4OKZ.js              4.97 kB │ gzip:   2.02 kB
dist/assets/TOEICPaywallGate-C8UDX735.js                  5.01 kB │ gzip:   2.10 kB
dist/assets/costMonitoring-CKC3j7Rl.js                    5.12 kB │ gzip:   1.94 kB
dist/assets/JapaneseLessonsPage-Csi3Dm5X.js               5.14 kB │ gzip:   2.31 kB
dist/assets/PremiumGate-BaNNgkAX.js                       5.16 kB │ gzip:   2.19 kB
dist/assets/GermanLessonsPage-DKv8a-vo.js                 5.16 kB │ gzip:   2.20 kB
dist/assets/incidentLog-D-IjuxCq.js                       5.21 kB │ gzip:   2.10 kB
dist/assets/MonthlyReferralLeaderboard-DJpaJMu2.js        5.24 kB │ gzip:   1.89 kB
dist/assets/Library-C__u9Eyf.js                           5.27 kB │ gzip:   2.26 kB
dist/assets/IELTSWritingPage-COKAzH2J.js                  5.31 kB │ gzip:   2.09 kB
dist/assets/ChallengeHistoryPage-DtIKLsv6.js              5.33 kB │ gzip:   2.10 kB
dist/assets/PurchaseGiftPage-C5vwn15T.js                  5.35 kB │ gzip:   2.26 kB
dist/assets/PublicProfilePage-BJpdcfkG.js                 5.36 kB │ gzip:   2.14 kB
dist/assets/InterviewSessionPage-BQV3maeo.js              5.38 kB │ gzip:   2.02 kB
dist/assets/GroupPage-TGCUSWXp.js                         5.43 kB │ gzip:   2.25 kB
dist/assets/BillingSuccessPage-aqHSwIUG.js                5.43 kB │ gzip:   2.23 kB
dist/assets/WritingPracticePage-D-JBEYrS.js               5.51 kB │ gzip:   2.00 kB
dist/assets/StoryDetail-CVP0UTH3.js                       5.53 kB │ gzip:   2.34 kB
dist/assets/StoryModeration-BmmdZoad.js                   5.57 kB │ gzip:   2.02 kB
dist/assets/ContentAdvisory--1VkEYru.js                   5.57 kB │ gzip:   2.45 kB
dist/assets/BehavioralAnalytics-Clcl5tDc.js               5.70 kB │ gzip:   2.38 kB
dist/assets/Unsubscribe-DWlCGfXj.js                       5.73 kB │ gzip:   2.16 kB
dist/assets/LanguagesIndexPage-C336q2AC.js                5.75 kB │ gzip:   2.12 kB
dist/assets/WeeklyDigest-Cm-2fTqP.js                      5.75 kB │ gzip:   2.14 kB
dist/assets/SpeakingTopic--YPgHVDI.js                     5.81 kB │ gzip:   1.87 kB
dist/assets/AdminFeedbackPage-D9jDOzTK.js                 5.82 kB │ gzip:   2.00 kB
dist/assets/Stories-u3kqP5Cy.js                           5.97 kB │ gzip:   2.28 kB
dist/assets/DeveloperPortalPage-BAIHrOc9.js               6.01 kB │ gzip:   2.47 kB
dist/assets/CreateCorporatePage-DnMD6iNI.js               6.01 kB │ gzip:   2.17 kB
dist/assets/ContributeSentencePage-BbPbi7nY.js            6.07 kB │ gzip:   2.24 kB
dist/assets/PublicRoadmapPage-C5B3NIgy.js                 6.07 kB │ gzip:   2.43 kB
dist/assets/XPHistoryPage-Bkj9GQzI.js                     6.08 kB │ gzip:   2.37 kB
dist/assets/InterviewPromptsModeration-CFCueUeu.js        6.16 kB │ gzip:   2.13 kB
dist/assets/DailyChallengePage-Ce57i1On.js                6.32 kB │ gzip:   2.56 kB
dist/assets/Library-DuOa82Cn.js                           6.39 kB │ gzip:   2.47 kB
dist/assets/ApplyReferralCodeForm-Ct6pbAN4.js             6.46 kB │ gzip:   2.55 kB
dist/assets/PlacementDataQualityDashboard-C32GBmDz.js     6.52 kB │ gzip:   2.08 kB
dist/assets/practiceRecommendations-BnRG1qbA.js           6.55 kB │ gzip:   2.78 kB
dist/assets/ReviewItem-CRaaj-uZ.js                        6.58 kB │ gzip:   2.68 kB
dist/assets/TOEICEstimatorPage-DwJz_e-W.js                6.60 kB │ gzip:   2.82 kB
dist/assets/heatmapInsights-DFpuxFeJ.js                   6.64 kB │ gzip:   2.55 kB
dist/assets/speechProgress-AsjxMp6b.js                    6.71 kB │ gzip:   2.43 kB
dist/assets/CommunityPrompts-C2RBU56u.js                  6.77 kB │ gzip:   2.52 kB
dist/assets/interviewSession-Do_ksg5U.js                  6.78 kB │ gzip:   2.81 kB
dist/assets/NotificationPreferences-CD2bCOiP.js           6.90 kB │ gzip:   3.05 kB
dist/assets/scoreEssay-C4ZXJR2w.js                        6.90 kB │ gzip:   3.08 kB
dist/assets/ShareProgressPage-5Zm8nm7O.js                 6.99 kB │ gzip:   2.72 kB
dist/assets/Aal2Challenge-BO6F5yQ1.js                     7.36 kB │ gzip:   3.01 kB
dist/assets/BlogPost-DQdtQoJ5.js                          7.40 kB │ gzip:   2.72 kB
dist/assets/TeacherFeedbackTriage-DBLU8CmY.js             7.46 kB │ gzip:   2.60 kB
dist/assets/SloDetail-CNRZgVtA.js                         7.46 kB │ gzip:   2.79 kB
dist/assets/RecoverWith2FA-CFkHsQIX.js                    7.48 kB │ gzip:   2.92 kB
dist/assets/IELTSSpeakingPage-Cya_5g7n.js                 7.54 kB │ gzip:   2.35 kB
dist/assets/VSTEPSpeakingPage-LteNPWQW.js                 7.54 kB │ gzip:   2.55 kB
dist/assets/CorporateDashboardPage-CRUIHZYr.js            7.55 kB │ gzip:   2.71 kB
dist/assets/InterviewSummaryPage-D08ghamb.js              7.57 kB │ gzip:   2.68 kB
dist/assets/CertificatesGalleryPage-rYbrGRwR.js           7.73 kB │ gzip:   2.92 kB
dist/assets/ListeningItem-a4GnKTFb.js                     7.80 kB │ gzip:   2.55 kB
dist/assets/SeoTopicPage-Cis04tHt.js                      8.29 kB │ gzip:   2.69 kB
dist/assets/NailTechnicianPage-CH8tvTKT.js                8.35 kB │ gzip:   2.65 kB
dist/assets/FrontendPerformance-BcAAVK89.js               8.47 kB │ gzip:   3.18 kB
dist/assets/ReviewSession-Dbk0XNiJ.js                     8.49 kB │ gzip:   3.15 kB
dist/assets/ConvertAccount-Gqp_tO2O.js                    8.51 kB │ gzip:   3.02 kB
dist/assets/ListeningItem-DwgjNVcM.js                     8.68 kB │ gzip:   2.97 kB
dist/assets/SloDashboard-BncmlROa.js                      8.71 kB │ gzip:   3.00 kB
dist/assets/memory-OZ9ufvuv.js                            8.84 kB │ gzip:   2.68 kB
dist/assets/AudioCoveragePage-C66_MA01.js                 8.85 kB │ gzip:   2.86 kB
dist/assets/RetentionDashboard-htce6ju0.js                9.34 kB │ gzip:   3.77 kB
dist/assets/Submit-Bb4xydqO.js                            9.70 kB │ gzip:   3.23 kB
dist/assets/ResetPasswordPage-CCfBCGOH.js                 9.73 kB │ gzip:   3.83 kB
dist/assets/MarketingLandingPage-BQviBmHT.js              9.82 kB │ gzip:   3.42 kB
dist/assets/tierRoomSource-CzKn8JDX.js                    9.86 kB │ gzip:   2.92 kB
dist/assets/FeatureFlagsAdmin-KcJhdasF.js                 9.90 kB │ gzip:   3.40 kB
dist/assets/OnboardingPage-TYIDXmTv.js                   10.20 kB │ gzip:   3.48 kB
dist/assets/TOEFLEstimatorPage-BG_akwg4.js               10.29 kB │ gzip:   3.36 kB
dist/assets/ClipPlayer-DP5ii4n9.js                       10.39 kB │ gzip:   3.67 kB
dist/assets/CostMonitoring-B0iTV24O.js                   10.51 kB │ gzip:   3.94 kB
dist/assets/TierDetail-86Ibo39z.js                       11.09 kB │ gzip:   3.75 kB
dist/assets/LatencyMonitoring-CN6iuNAD.js                11.21 kB │ gzip:   3.83 kB
dist/assets/PushPreferences-CVPo4R91.js                  11.41 kB │ gzip:   3.99 kB
dist/assets/ShareStory-CanW1IvI.js                       11.58 kB │ gzip:   3.62 kB
dist/assets/Enable2FA-FoCQeVBf.js                        11.65 kB │ gzip:   4.27 kB
dist/assets/SpeechHistoryPage-B-GYHEoP.js                11.66 kB │ gzip:   4.29 kB
dist/assets/Support-CwNH0WU1.js                          11.67 kB │ gzip:   4.22 kB
dist/assets/AdminAccessCodes-Bgou8-ZO.js                 11.72 kB │ gzip:   4.07 kB
dist/assets/TalkingFacePlayButton--WkKtnps.js            11.81 kB │ gzip:   3.60 kB
dist/assets/mercy-german-tab-DVtAl1Yl.js                 11.85 kB │ gzip:   4.24 kB
dist/assets/SecuritySettings-BcadwOfk.js                 11.95 kB │ gzip:   4.27 kB
dist/assets/BulkInvite-CA9rgv0_.js                       12.05 kB │ gzip:   4.30 kB
dist/assets/PlacementV2Page-8v8LKJB9.js                  12.17 kB │ gzip:   4.37 kB
dist/assets/PhonemeDrillPage-CzsR2Wc5.js                 12.35 kB │ gzip:   4.43 kB
dist/assets/SpanishLessonsPage-DQizxYkb.js               12.91 kB │ gzip:   5.19 kB
dist/assets/Practice-DG0ERuIA.js                         13.17 kB │ gzip:   4.39 kB
dist/assets/Billing-ClRznygt.js                          14.26 kB │ gzip:   4.80 kB
dist/assets/BottomMusicBar-Pdvr0u59.js                   14.38 kB │ gzip:   4.45 kB
dist/assets/AdminSubscriptions-o9EmptJn.js               14.77 kB │ gzip:   4.40 kB
dist/assets/mercy-french-tab-QZfghV6b.js                 14.83 kB │ gzip:   5.35 kB
dist/assets/WritingPracticeSessionPage-CCGhPJr8.js       15.36 kB │ gzip:   5.05 kB
dist/assets/TOEICPracticePage-DkjBZkvg.js                15.89 kB │ gzip:   6.32 kB
dist/assets/PronunciationSRSSessionPage-BDLENctZ.js      16.47 kB │ gzip:   5.39 kB
dist/assets/FamilyPlanPage-CNe45I-V.js                   16.49 kB │ gzip:   4.95 kB
dist/assets/SpeechDrill-DzaW8iZM.js                      16.77 kB │ gzip:   5.92 kB
dist/assets/RoomLoadDiagnostics-c3_iVN-G.js              16.82 kB │ gzip:   4.58 kB
dist/assets/dailyChallenge-Dot87mcJ.js                   17.21 kB │ gzip:   5.03 kB
dist/assets/blogManifest-ck92OIa_.js                     17.62 kB │ gzip:   7.06 kB
dist/assets/LessonRenderer-bi43x6Cr.js                   18.84 kB │ gzip:   5.18 kB
dist/assets/MercyThreadPage-84oRBlCz.js                  19.14 kB │ gzip:   6.67 kB
dist/assets/AdminDashboard-BYKuPD10.js                   19.89 kB │ gzip:   6.39 kB
dist/assets/vendor-datefns-CBpsKyOP.js                   20.37 kB │ gzip:   5.72 kB
dist/assets/CertVerifyPage-C9dhdUhN.js                   20.43 kB │ gzip:   6.36 kB
dist/assets/AdminAnalyticsPage-GUCXbx1-.js               21.35 kB │ gzip:   6.86 kB
dist/assets/Privacy-GTUQVzxH.js                          22.28 kB │ gzip:   7.74 kB
dist/assets/MockInterviewRoom-7B1IpxH5.js                22.65 kB │ gzip:   6.74 kB
dist/assets/TierIndex-0x42_Axg.js                        23.04 kB │ gzip:   6.54 kB
dist/assets/writing-topics-SNqyTAmi.js                   23.60 kB │ gzip:   8.01 kB
dist/assets/prompts-DKQ08QJG.js                          24.14 kB │ gzip:   8.50 kB
dist/assets/index-BkWw5-xZ.js                            25.92 kB │ gzip:   9.08 kB
dist/assets/Progress-DBaafmjK.js                         27.16 kB │ gzip:   8.30 kB
dist/assets/VSTEPListeningPage-Au72O_i3.js               29.96 kB │ gzip:  10.74 kB
dist/assets/roomManifest-Bd9v2IoV.js                     30.54 kB │ gzip:   5.19 kB
dist/assets/LoginPage-B00dRF0Q.js                        32.51 kB │ gzip:   9.93 kB
dist/assets/VSTEPWritingPage-Vn4ub9nL.js                 33.04 kB │ gzip:  12.24 kB
dist/assets/mercy-guide-panel-kWVcHC56.js                33.33 kB │ gzip:  10.45 kB
dist/assets/vendor-sonner-Ce-psCVG.js                    33.83 kB │ gzip:   9.51 kB
dist/assets/scenarios-BXd4sg9r.js                        34.57 kB │ gzip:  12.94 kB
dist/assets/VSTEPReadingPage-ByaVf1nM.js                 36.65 kB │ gzip:  13.26 kB
dist/assets/AdminUsersPage-BGCQbbr4.js                   37.59 kB │ gzip:   9.26 kB
dist/assets/reading-passages-BswYlfrN.js                 40.39 kB │ gzip:  14.03 kB
dist/assets/writing-topics-DudPD1Cp.js                   40.66 kB │ gzip:  14.47 kB
dist/assets/mercy-logic-tab-CUfKUkCE.js                  43.68 kB │ gzip:  11.48 kB
dist/assets/Pricing-B3G3LW_m.js                          45.68 kB │ gzip:  13.59 kB
dist/assets/index-eN4_V1R2.js                            46.46 kB │ gzip:  13.35 kB
dist/assets/AccountPage-CoMMcYUz.js                      48.35 kB │ gzip:  14.82 kB
dist/assets/micro-lessons-Cp77RWuJ.js                    53.17 kB │ gzip:  15.62 kB
dist/assets/NailTechLessonsPage-Bv5U9b4u.js              53.59 kB │ gzip:  17.06 kB
dist/assets/listeningProgress-2sWi_l8N.js                58.16 kB │ gzip:  18.62 kB
dist/assets/RestaurantLessonsPage-C9TgomlO.js            60.29 kB │ gzip:  19.34 kB
dist/assets/vendor-zod-C8aw77wn.js                       60.65 kB │ gzip:  16.47 kB
dist/assets/speaking-topics-Cn93kJRg.js                  60.99 kB │ gzip:  20.26 kB
dist/assets/mercy-teacher-tab-DnDD2sLv.js                61.53 kB │ gzip:  19.35 kB
dist/assets/Home-CTT5rvHy.js                             64.37 kB │ gzip:  18.39 kB
dist/assets/speaking-topics-RRxh1PQl.js                  65.47 kB │ gzip:  18.98 kB
dist/assets/CustomerServiceLessonsPage-Cm33uFC2.js       65.73 kB │ gzip:  20.62 kB
dist/assets/HospitalityLessonsPage-AzT4bm-N.js           66.12 kB │ gzip:  22.33 kB
dist/assets/HealthcareLessonsPage-Dxh5E8ra.js            67.82 kB │ gzip:  21.76 kB
dist/assets/DriversLessonsPage-BBXIfxZX.js               67.83 kB │ gzip:  22.42 kB
dist/assets/practice-items-CT8gNmWC.js                   71.27 kB │ gzip:  23.31 kB
dist/assets/TechWorkerLessonsPage-DZ8y-Lcs.js            72.06 kB │ gzip:  24.29 kB
dist/assets/listening-items-qrBAhMXK.js                  72.99 kB │ gzip:  24.51 kB
dist/assets/mercy-guide-BPqmi_Fz.js                      73.99 kB │ gzip:  24.30 kB
dist/assets/RoleplayPage-CoLEOyeC.js                     82.15 kB │ gzip:  29.19 kB
dist/assets/mercy-grammar-tab-DW3w4Hnv.js                82.86 kB │ gzip:  25.87 kB
dist/assets/WritingFeedbackPage-BzDczhCI.js              84.73 kB │ gzip:  26.88 kB
dist/assets/culturalPackSchema-CfcU5nD1.js               85.64 kB │ gzip:  30.32 kB
dist/assets/ChatHub-PWS1pIs0.js                          92.41 kB │ gzip:  26.04 kB
dist/assets/speaking-topics-CrgjvUuK.js                  94.76 kB │ gzip:  30.97 kB
dist/assets/SpeechDrillPage-C8Pjzn9Z.js                  99.92 kB │ gzip:  25.73 kB
dist/assets/index-4CoylEPA.js                           108.05 kB │ gzip:  31.52 kB
dist/assets/mercy-speak-tab-cfbgBvsx.js                 108.07 kB │ gzip:  33.70 kB
dist/assets/listening-items-CJGjpifD.js                 108.99 kB │ gzip:  34.96 kB
dist/assets/reading-passages-C_pSuFzd.js                113.99 kB │ gzip:  35.35 kB
dist/assets/professional-scenarios-C4BkpGGT.js          120.88 kB │ gzip:  38.34 kB
dist/assets/react-B-m70iF_.js                           145.73 kB │ gzip:  46.73 kB
dist/assets/ui-Bb7QhgnA.js                              154.08 kB │ gzip:  42.87 kB
dist/assets/vendor-BlTkC1e9.js                          167.48 kB │ gzip:  53.74 kB
dist/assets/supabase-o8zm2xNm.js                        191.56 kB │ gzip:  50.47 kB
dist/assets/charts-DyVg4saS.js                          362.06 kB │ gzip: 104.53 kB
dist/assets/sentry-BpDC98XP.js                          472.94 kB │ gzip: 155.62 kB
✓ built in 19.17s

PWA v1.2.0
mode      generateSW
precache  55 entries (1208.07 KiB)
files generated
  dist/sw.js
  dist/workbox-9ef91e99.js
