{
  "runId": "a3-20260520T130823",
  "timestamp": "2026-05-20T13:08:23.920Z",
  "command": "pnpm tsx scripts/placement-v3/run-corpus-integrity-audit.ts",
  "auditKinds": [
    "corpus_integrity"
  ],
  "issues": [
    {
      "id": "9a8bc9ba1d6938f3aa7cf258",
      "auditKind": "corpus_integrity",
      "category": "missing_required_surface",
      "severity": "blocker",
      "file": "docs/placement-v3/calibration",
      "message": "Required Placement V3 surface is missing on origin/main: docs/placement-v3/calibration",
      "evidence": {
        "surface": "docs/placement-v3/calibration"
      }
    },
    {
      "id": "1727290d72ba1f4a76b80185",
      "auditKind": "corpus_integrity",
      "category": "missing_required_surface",
      "severity": "blocker",
      "file": "docs/placement-v3/taxonomy",
      "message": "Required Placement V3 surface is missing on origin/main: docs/placement-v3/taxonomy",
      "evidence": {
        "surface": "docs/placement-v3/taxonomy"
      }
    },
    {
      "id": "9720c20de80c98b1d97b6ebe",
      "auditKind": "corpus_integrity",
      "category": "missing_required_surface",
      "severity": "blocker",
      "file": "docs/placement-v3/prompt-library",
      "message": "Required Placement V3 surface is missing on origin/main: docs/placement-v3/prompt-library",
      "evidence": {
        "surface": "docs/placement-v3/prompt-library"
      }
    },
    {
      "id": "bd5c1a55110a759b5c917ffc",
      "auditKind": "corpus_integrity",
      "category": "missing_required_surface",
      "severity": "blocker",
      "file": "src/lib/recommendations",
      "message": "Required Placement V3 surface is missing on origin/main: src/lib/recommendations",
      "evidence": {
        "surface": "src/lib/recommendations"
      }
    },
    {
      "id": "a63b014a99bc81dff1820a9c",
      "auditKind": "corpus_integrity",
      "category": "missing_required_surface",
      "severity": "blocker",
      "file": "supabase/functions/placement-v3-grade-writing/index.ts",
      "message": "Required Placement V3 surface is missing on origin/main: supabase/functions/placement-v3-grade-writing/index.ts",
      "evidence": {
        "surface": "supabase/functions/placement-v3-grade-writing/index.ts"
      }
    },
    {
      "id": "d503fc5e074b717e572f5148",
      "auditKind": "corpus_integrity",
      "category": "missing_required_surface",
      "severity": "blocker",
      "file": "supabase/functions/placement-v3-session-orchestrator/index.ts",
      "message": "Required Placement V3 surface is missing on origin/main: supabase/functions/placement-v3-session-orchestrator/index.ts",
      "evidence": {
        "surface": "supabase/functions/placement-v3-session-orchestrator/index.ts"
      }
    }
  ],
  "counts": {
    "total": 6,
    "blockers": 6,
    "errors": 0,
    "warnings": 0,
    "info": 0,
    "byCategory": {
      "missing_required_surface": 6
    }
  },
  "changedFilesSincePreviousRun": [
    "src/router/AppRouter.tsx",
    "/private/tmp/a3-placement-v3-data-quality/docs/placement-v3/data-quality/raw-runs/a3-20260520T130823-corpus-integrity.json"
  ],
  "auditedFiles": [
    "docs/placement-v3/native-audio/native-permission-audit.md",
    "src/lib/placement/questions.ts",
    "src/lib/placement/cefrToRoom.ts",
    "src/lib/weakness/weakness-catalog.ts",
    "src/lib/weakness/recommendationEngine.ts",
    "src/lib/weakness/micro-lessons.ts",
    "supabase/functions/placement-session/types.ts",
    "supabase/functions/placement-session/config.ts",
    "supabase/functions/placement-session/engine/itemBank.ts",
    "supabase/migrations/20260618000000_placement_items.sql",
    "supabase/migrations/20260619000000_placement_sessions.sql"
  ],
  "missingRequiredSurfaces": [
    "docs/placement-v3/calibration",
    "docs/placement-v3/taxonomy",
    "docs/placement-v3/prompt-library",
    "src/lib/recommendations",
    "supabase/functions/placement-v3-grade-writing/index.ts",
    "supabase/functions/placement-v3-session-orchestrator/index.ts"
  ]
}
