{
  "runId": "a3-20260520T132558",
  "timestamp": "2026-05-20T13:25:58.550Z",
  "command": "pnpm tsx scripts/placement-v3/run-recommendation-graph-audit.ts",
  "auditKinds": [
    "recommendation_graph"
  ],
  "issues": [
    {
      "id": "a9d7e8f8beb1b7c93de7bb2d",
      "auditKind": "recommendation_graph",
      "category": "invalid_recommendation_reference",
      "severity": "warning",
      "file": "src/lib/placement/v3/recommender.ts",
      "message": "Recommendation L1 alias points to taxonomy id not defined in legacy or V3 catalogs: vi_l1_final_consonants",
      "evidence": {
        "target": "vi_l1_final_consonants"
      }
    }
  ],
  "counts": {
    "total": 1,
    "blockers": 0,
    "errors": 0,
    "warnings": 1,
    "info": 0,
    "byCategory": {
      "invalid_recommendation_reference": 1
    }
  },
  "changedFilesSincePreviousRun": [
    "docs/placement-v3/data-quality/PR_BODY.md",
    "docs/placement-v3/data-quality/a3-blockers.md",
    "docs/placement-v3/data-quality/a3-final-report.md",
    "docs/placement-v3/data-quality/a3-fixes-applied.md",
    "docs/placement-v3/data-quality/a3-initial-audit.md",
    "docs/placement-v3/data-quality/a3-integrity-findings.md",
    "docs/placement-v3/data-quality/a3-prompt-rubric-gaps.md",
    "docs/placement-v3/data-quality/a3-recommendation-gaps.md",
    "docs/placement-v3/data-quality/a3-taxonomy-conflicts.md",
    "scripts/placement-v3/dataQualityAuditCore.ts",
    "tests/integration/placement-v3-data-quality/data-quality-audits.test.ts",
    "/private/tmp/a3-placement-v3-data-quality/docs/placement-v3/data-quality/raw-runs/a3-20260520T132558-recommendation-graph.json"
  ],
  "auditedFiles": [
    "docs/placement-v3/native-audio/native-permission-audit.md",
    "src/data/placement/v3/prompts/index.ts",
    "src/data/placement/v3/prompts/writing.ts",
    "src/data/placement/v3/prompts/speaking.ts",
    "src/data/placement/v3/prompts/reading.ts",
    "src/data/placement/v3/prompts/listening.ts",
    "src/data/placement/v3/prompts/conversation.ts",
    "src/data/placement/v3/calibration/index.ts",
    "src/data/placement/v3/calibration/writing-corpus.ts",
    "src/data/placement/v3/calibration/speaking-corpus.ts",
    "src/data/placement/v3/calibration/reading-corpus.ts",
    "src/data/placement/v3/calibration/listening-corpus.ts",
    "src/lib/placement/v3/recommender.ts",
    "src/lib/placement/v3/lessonIndex.ts",
    "src/lib/placement/v3/recommenderTypes.ts",
    "src/lib/placement/questions.ts",
    "src/lib/placement/cefrToRoom.ts",
    "src/lib/weakness/weakness-catalog.ts",
    "src/lib/weakness/recommendationEngine.ts",
    "src/lib/weakness/micro-lessons.ts",
    "supabase/functions/placement-session/types.ts",
    "supabase/functions/placement-session/config.ts",
    "supabase/functions/placement-session/engine/itemBank.ts",
    "supabase/functions/_shared/cefr/rubric.ts",
    "supabase/functions/_shared/cefr/types.ts",
    "supabase/functions/placement-v3-grade-writing/types.ts",
    "supabase/functions/placement-v3-grade-writing/core.ts",
    "supabase/functions/placement-v3-grade-writing/__tests__/fixtures/prompts.json",
    "supabase/functions/placement-v3-session/types.ts",
    "supabase/functions/placement-v3-session/modality.ts",
    "supabase/functions/placement-v3-session/core.ts",
    "supabase/migrations/20260618000000_placement_items.sql",
    "supabase/migrations/20260619000000_placement_sessions.sql",
    "supabase/migrations/20260627000000_placement_v3_sessions.sql",
    "supabase/migrations/20260627000001_placement_v3_responses.sql",
    "supabase/migrations/20260627000002_placement_v3_profiles.sql",
    "supabase/migrations/20260627000003_placement_v3_rls.sql"
  ],
  "missingRequiredSurfaces": []
}
