repeat-e2e start 2026-05-20T13:40:55Z
iterations=5 pattern=placement-v3-vertical log_dir=reports/b1-e2e-diagnostics/burnin artifact_dir=reports/b1-e2e-diagnostics/burnin/artifacts summary_json=reports/b1-e2e-diagnostics/burnin/repeat-e2e-summary.json cluster_json=reports/b1-e2e-diagnostics/burnin/repeat-e2e-flaky-summary.json base_url=http://127.0.0.1:3588
E2E REPEAT RUN 1/5 2026-05-20T13:40:55Z

> mercyblade@0.0.0 test:e2e
> playwright test -c playwright.smoke.config.ts placement-v3-vertical

[2m[WebServer] [22m(node:99691) Warning: The 'NO_COLOR' env is ignored due to the 'FORCE_COLOR' env being set.
[2m[WebServer] [22m(Use `node --trace-warnings ...` to show where the warning was created)

Running 1 test using 1 worker

(node:99697) Warning: The 'NO_COLOR' env is ignored due to the 'FORCE_COLOR' env being set.
(Use `node --trace-warnings ...` to show where the warning was created)
(node:99697) Warning: The 'NO_COLOR' env is ignored due to the 'FORCE_COLOR' env being set.
(Use `node --trace-warnings ...` to show where the warning was created)
  ✓  1 [chromium] › tests/e2e/placement-v3-vertical.spec.ts:44:3 › placement v3 end-to-end vertical › runs UI client, session orchestrator, graders, recommender, results, and persistence (8.6s)

  1 passed (9.7s)
E2E REPEAT RUN 1 PASS duration=10s log=reports/b1-e2e-diagnostics/burnin/burnin-e2e-20260520-134055-run-1.log
E2E REPEAT RUN 2/5 2026-05-20T13:41:05Z

> mercyblade@0.0.0 test:e2e
> playwright test -c playwright.smoke.config.ts placement-v3-vertical

[2m[WebServer] [22m(node:99954) Warning: The 'NO_COLOR' env is ignored due to the 'FORCE_COLOR' env being set.
[2m[WebServer] [22m(Use `node --trace-warnings ...` to show where the warning was created)

Running 1 test using 1 worker

(node:99956) Warning: The 'NO_COLOR' env is ignored due to the 'FORCE_COLOR' env being set.
(Use `node --trace-warnings ...` to show where the warning was created)
(node:99956) Warning: The 'NO_COLOR' env is ignored due to the 'FORCE_COLOR' env being set.
(Use `node --trace-warnings ...` to show where the warning was created)
  ✓  1 [chromium] › tests/e2e/placement-v3-vertical.spec.ts:44:3 › placement v3 end-to-end vertical › runs UI client, session orchestrator, graders, recommender, results, and persistence (9.1s)

  1 passed (9.9s)
E2E REPEAT RUN 2 PASS duration=10s log=reports/b1-e2e-diagnostics/burnin/burnin-e2e-20260520-134105-run-2.log
E2E REPEAT RUN 3/5 2026-05-20T13:41:15Z

> mercyblade@0.0.0 test:e2e
> playwright test -c playwright.smoke.config.ts placement-v3-vertical

[2m[WebServer] [22m(node:272) Warning: The 'NO_COLOR' env is ignored due to the 'FORCE_COLOR' env being set.
[2m[WebServer] [22m(Use `node --trace-warnings ...` to show where the warning was created)

Running 1 test using 1 worker

(node:276) Warning: The 'NO_COLOR' env is ignored due to the 'FORCE_COLOR' env being set.
(Use `node --trace-warnings ...` to show where the warning was created)
(node:276) Warning: The 'NO_COLOR' env is ignored due to the 'FORCE_COLOR' env being set.
(Use `node --trace-warnings ...` to show where the warning was created)
  ✓  1 [chromium] › tests/e2e/placement-v3-vertical.spec.ts:44:3 › placement v3 end-to-end vertical › runs UI client, session orchestrator, graders, recommender, results, and persistence (8.7s)

  1 passed (9.5s)
E2E REPEAT RUN 3 PASS duration=10s log=reports/b1-e2e-diagnostics/burnin/burnin-e2e-20260520-134115-run-3.log
E2E REPEAT RUN 4/5 2026-05-20T13:41:25Z

> mercyblade@0.0.0 test:e2e
> playwright test -c playwright.smoke.config.ts placement-v3-vertical

[2m[WebServer] [22m(node:466) Warning: The 'NO_COLOR' env is ignored due to the 'FORCE_COLOR' env being set.
[2m[WebServer] [22m(Use `node --trace-warnings ...` to show where the warning was created)

Running 1 test using 1 worker

(node:468) Warning: The 'NO_COLOR' env is ignored due to the 'FORCE_COLOR' env being set.
(Use `node --trace-warnings ...` to show where the warning was created)
(node:468) Warning: The 'NO_COLOR' env is ignored due to the 'FORCE_COLOR' env being set.
(Use `node --trace-warnings ...` to show where the warning was created)
  ✓  1 [chromium] › tests/e2e/placement-v3-vertical.spec.ts:44:3 › placement v3 end-to-end vertical › runs UI client, session orchestrator, graders, recommender, results, and persistence (8.6s)

  1 passed (9.5s)
E2E REPEAT RUN 4 PASS duration=10s log=reports/b1-e2e-diagnostics/burnin/burnin-e2e-20260520-134125-run-4.log
E2E REPEAT RUN 5/5 2026-05-20T13:41:35Z

> mercyblade@0.0.0 test:e2e
> playwright test -c playwright.smoke.config.ts placement-v3-vertical

[2m[WebServer] [22m(node:629) Warning: The 'NO_COLOR' env is ignored due to the 'FORCE_COLOR' env being set.
[2m[WebServer] [22m(Use `node --trace-warnings ...` to show where the warning was created)

Running 1 test using 1 worker

(node:631) Warning: The 'NO_COLOR' env is ignored due to the 'FORCE_COLOR' env being set.
(Use `node --trace-warnings ...` to show where the warning was created)
(node:631) Warning: The 'NO_COLOR' env is ignored due to the 'FORCE_COLOR' env being set.
(Use `node --trace-warnings ...` to show where the warning was created)
  ✓  1 [chromium] › tests/e2e/placement-v3-vertical.spec.ts:44:3 › placement v3 end-to-end vertical › runs UI client, session orchestrator, graders, recommender, results, and persistence (7.8s)

  1 passed (8.6s)
E2E REPEAT RUN 5 PASS duration=9s log=reports/b1-e2e-diagnostics/burnin/burnin-e2e-20260520-134135-run-5.log
repeat-e2e complete 2026-05-20T13:41:44Z
repeat-e2e summary pass=5 fail=0 total_duration=49s measured_test_duration=49s summary_json=reports/b1-e2e-diagnostics/burnin/repeat-e2e-summary.json cluster_json=reports/b1-e2e-diagnostics/burnin/repeat-e2e-flaky-summary.json artifact_dir=reports/b1-e2e-diagnostics/burnin/artifacts
