./dist/data/earth_environment_kids_l3.json
./dist/data/environment_nature_kids_l2.json
./dist/data/vip6_shadow_envy.json
./node_modules/.bin/loose-envify
./node_modules/loose-envify
./node_modules/loose-envify/loose-envify.js
./node_modules/dotenv
./node_modules/std-env
./node_modules/proxy-from-env
./node_modules/vitest/environments.d.ts
./node_modules/env-paths
./node_modules/undici-types/env-http-proxy-agent.d.ts
./node_modules/elevenlabs/environments.d.ts
./node_modules/elevenlabs/environments.js
./node_modules/@babel/preset-env
./node_modules/set-function-length/env.d.ts
./node_modules/set-function-length/env.js
./public/data/earth_environment_kids_l3.json
./public/data/environment_nature_kids_l2.json
./public/data/vip6_shadow_envy.json
./scripts/print-env.mjs
./.env.example
./reports/a37-shadow-replay-readiness/env-files-found.log
./reports/a37-shadow-replay-readiness/env-audit.log
./src/vite-env.d.ts
./src/simulator/SimulatorEnvironment.ts
