
> mercyblade@0.0.0 lint
> eslint .

node:internal/modules/cjs/loader:1478
  throw err;
  ^

Error: Cannot find module '../package.json'
Require stack:
- /private/tmp/a37-readiness-main/node_modules/eslint/bin/eslint.js
    at Module._resolveFilename (node:internal/modules/cjs/loader:1475:15)
    at wrapResolveFilename (node:internal/modules/cjs/loader:1048:27)
    at defaultResolveImplForCJSLoading (node:internal/modules/cjs/loader:1072:10)
    at resolveForCJSWithHooks (node:internal/modules/cjs/loader:1093:12)
    at Module._load (node:internal/modules/cjs/loader:1261:25)
    at wrapModuleLoad (node:internal/modules/cjs/loader:255:19)
    at Module.require (node:internal/modules/cjs/loader:1575:12)
    at require (node:internal/modules/helpers:191:16)
    at process.onFatalError (/private/tmp/a37-readiness-main/node_modules/eslint/bin/eslint.js:117:25)
    at process.emit (node:events:508:20)
    at process._fatalException (node:internal/process/execution:159:25) {
  code: 'MODULE_NOT_FOUND',
  requireStack: [
    '/private/tmp/a37-readiness-main/node_modules/eslint/bin/eslint.js'
  ]
}

Node.js v25.8.1
