
> mercyblade@0.0.0 prebuild
> npm run rooms:check


> mercyblade@0.0.0 rooms:check
> npm run generate:room-registry && npm run validate-rooms:core


> mercyblade@0.0.0 generate:room-registry
> node scripts/generate-room-registry.mjs

Total JSON files: 485
Warnings (non-fatal): 0

Registry generated successfully

> mercyblade@0.0.0 validate-rooms:core
> MB_VALIDATE_CORE_ONLY=1 node scripts/validate-rooms.mjs

Total ROOM JSON files (public/data/*.json): 485
Mode: CORE_ONLY
Warnings (non-fatal): 30
Errors: 0

Warning breakdown (non-fatal — backlog, not gate):
- PLACEHOLDER_EN_TITLE: 30
✅ validate-rooms: PASS

> mercyblade@0.0.0 build
> node scripts/generate-version.js && npm run generate:audio-manifest && npm run generate:sitemap && vite build

[version] Generated version.json: v2026-05-20-07 (de6d31c28)

> mercyblade@0.0.0 generate:audio-manifest
> node scripts/generate-audio-manifest.mjs

Scanning public/audio for .mp3 files...
✅ Audio manifest generated
   Total .mp3 files: 0

> mercyblade@0.0.0 generate:sitemap
> tsx scripts/generate-sitemap.ts

[sitemap] wrote 83 URLs to /Users/admin/MercyB/public/sitemap.xml
vite v6.4.2 building for production...
transforming...
✓ 3951 modules transformed.
rendering chunks...
computing gzip size...
dist/manifest.webmanifest                                 0.47 kB
dist/index.html                                           6.87 kB │ gzip:   2.38 kB
dist/assets/index-bCwIq8Td.css                          186.51 kB │ gzip:  26.55 kB
dist/assets/awardXPEventBus-BMZcGmrB.js                   0.04 kB │ gzip:   0.06 kB
dist/assets/PremiumGate-Dt3y8N-o.js                       0.12 kB │ gzip:   0.12 kB
dist/assets/nativeContent-B2HrFNpS.js                     0.14 kB │ gzip:   0.11 kB
dist/assets/eventBus-CV2aPw6-.js                          0.14 kB │ gzip:   0.14 kB
dist/assets/AllRooms-DQHuZSiO.js                          0.16 kB │ gzip:   0.16 kB
dist/assets/chromeLanguage-C-ncO4Jg.js                    0.23 kB │ gzip:   0.18 kB
dist/assets/mfaEligibility-DTlR_2ck.js                    0.31 kB │ gzip:   0.18 kB
dist/assets/BilingualLabel-Yl019zi5.js                    0.34 kB │ gzip:   0.24 kB
dist/assets/usePlacementResume-qFaQ6FpP.js                0.42 kB │ gzip:   0.31 kB
dist/assets/GlobalNavigationShortcuts-k2NKDHng.js         0.42 kB │ gzip:   0.29 kB
dist/assets/usePlacementSessionV3-DcOac6pV.js             0.46 kB │ gzip:   0.33 kB
dist/assets/MercyUnifiedPage-DHE7PZCt.js                  0.47 kB │ gzip:   0.33 kB
dist/assets/NativeDeepLinkListener-Dg6tiWoc.js            0.55 kB │ gzip:   0.38 kB
dist/assets/types-B6pVr5Ms.js                             0.56 kB │ gzip:   0.39 kB
dist/assets/AccessibleToast-TOb2IamI.js                   0.58 kB │ gzip:   0.37 kB
dist/assets/levels-C_c6gItW.js                            0.58 kB │ gzip:   0.35 kB
dist/assets/telemetry-C0RY5TpK.js                         0.63 kB │ gzip:   0.33 kB
dist/assets/LoadingPlaceholder-DqpkBPKt.js                0.68 kB │ gzip:   0.47 kB
dist/assets/badge-CffPfeLu.js                             0.78 kB │ gzip:   0.41 kB
dist/assets/configHealth-BooXTTmV.js                      0.85 kB │ gzip:   0.60 kB
dist/assets/authGuard-D5GbJdDK.js                         0.85 kB │ gzip:   0.48 kB
dist/assets/types-COscLVil.js                             0.88 kB │ gzip:   0.53 kB
dist/assets/SentrySmokeTest-CvdUOh3-.js                   0.88 kB │ gzip:   0.52 kB
dist/assets/clarity-M0M8d1nw.js                           0.97 kB │ gzip:   0.56 kB
dist/assets/perfBudget-ms5FPM2Q.js                        1.00 kB │ gzip:   0.55 kB
dist/assets/card-DT4UtF55.js                              1.03 kB │ gzip:   0.40 kB
dist/assets/AndroidBackButton-BUXvFcvh.js                 1.05 kB │ gzip:   0.66 kB
dist/assets/NativeBootstrap-C2y1Tr6l.js                   1.07 kB │ gzip:   0.55 kB
dist/assets/useAudioUrl-BuXelKUd.js                       1.10 kB │ gzip:   0.50 kB
dist/assets/types-DjAteZxr.js                             1.11 kB │ gzip:   0.64 kB
dist/assets/tierFromRoomId-DhrhdCs3.js                    1.12 kB │ gzip:   0.37 kB
dist/assets/rpc-DnFh-h6L.js                               1.26 kB │ gzip:   0.52 kB
dist/assets/TOEFLCopy-CscZyHry.js                         1.30 kB │ gzip:   0.65 kB
dist/assets/ga4-8gCQrEqG.js                               1.37 kB │ gzip:   0.75 kB
dist/assets/utm-C0N-EelT.js                               1.37 kB │ gzip:   0.63 kB
dist/assets/logs-BAd2BtUm.js                              1.43 kB │ gzip:   0.74 kB
dist/assets/SeoLayout-CNq9gTLi.js                         1.44 kB │ gzip:   0.67 kB
dist/assets/pixel-CsmkCB6n.js                             1.46 kB │ gzip:   0.76 kB
dist/assets/SkipConfirmPage-D5SxNHAG.js                   1.49 kB │ gzip:   0.82 kB
dist/assets/table-DG_vpE9r.js                             1.52 kB │ gzip:   0.54 kB
dist/assets/nativeOAuth-D2ZZqBVY.js                       1.59 kB │ gzip:   0.81 kB
dist/assets/TeacherRoute-D5UERaK5.js                      1.64 kB │ gzip:   0.85 kB
dist/assets/VstepTopicPage-DXTUNJlj.js                    1.64 kB │ gzip:   0.89 kB
dist/assets/IeltsTopicPage-DB31SDqM.js                    1.68 kB │ gzip:   0.86 kB
dist/assets/webVitalsTracking-ChlJFNrU.js                 1.69 kB │ gzip:   0.93 kB
dist/assets/LevelUpModal-qiXL23xX.js                      1.70 kB │ gzip:   0.93 kB
dist/assets/InterviewIndex-B-Ps3rtR.js                    1.72 kB │ gzip:   0.92 kB
dist/assets/drillGraduation-DJpImZ4z.js                   1.85 kB │ gzip:   0.70 kB
dist/assets/CertificateToast-DhIeigVV.js                  2.02 kB │ gzip:   1.10 kB
dist/assets/ToeicTopicPage-DPf8Mfgv.js                    2.05 kB │ gzip:   1.14 kB
dist/assets/TOEFLWritingPage-szMOQiQm.js                  2.06 kB │ gzip:   0.95 kB
dist/assets/familyInviteCopy-CaTzqY6t.js                  2.07 kB │ gzip:   0.98 kB
dist/assets/tiers-BBl1jcWq.js                             2.11 kB │ gzip:   0.65 kB
dist/assets/speechAttempts-DNlUEqYS.js                    2.13 kB │ gzip:   1.00 kB
dist/assets/emailPreferences-DuQC-l9W.js                  2.14 kB │ gzip:   0.80 kB
dist/assets/routeHelper-CPEn9poY.js                       2.22 kB │ gzip:   0.96 kB
dist/assets/SeoMeta-uMAzxK3K.js                           2.26 kB │ gzip:   0.82 kB
dist/assets/Writing-CQUBVMPm.js                           2.27 kB │ gzip:   1.03 kB
dist/assets/Writing-B61isd5Q.js                           2.35 kB │ gzip:   1.05 kB
dist/assets/HocTiengAnhMienPhiPage-Mfn_GuQX.js            2.37 kB │ gzip:   1.12 kB
dist/assets/LoiTiengAnhNguoiVietHaySaiPage-C9tfq1A0.js    2.37 kB │ gzip:   1.19 kB
dist/assets/SuaPhatAmTiengAnhPage-DlscHqaV.js             2.37 kB │ gzip:   1.20 kB
dist/assets/ResumePage-BeIxzQBf.js                        2.42 kB │ gzip:   1.26 kB
dist/assets/HocTiengAnhChoNguoiVietPage-CcKBm_he.js       2.51 kB │ gzip:   1.20 kB
dist/assets/band-descriptors-Cf3RtokN.js                  2.52 kB │ gzip:   1.07 kB
dist/assets/PhongVanTiengAnhPage-D0SXAW_b.js              2.55 kB │ gzip:   1.24 kB
dist/assets/globalShortcuts-BFQ2ee3J.js                   2.57 kB │ gzip:   1.18 kB
dist/assets/repository-DBqde9Gz.js                        2.58 kB │ gzip:   0.98 kB
dist/assets/TOEFLSpeakingPage-BCFKyX48.js                 2.61 kB │ gzip:   1.16 kB
dist/assets/eligibility-D7txq6Km.js                       2.64 kB │ gzip:   1.25 kB
dist/assets/VNCulturalIndexPage-BE4hrjft.js               2.66 kB │ gzip:   1.24 kB
dist/assets/sample-questions-LaUfjR4R.js                  2.73 kB │ gzip:   1.46 kB
dist/assets/JoinCorporatePage-C28_6BCC.js                 2.76 kB │ gzip:   1.46 kB
dist/assets/Speaking-DjgtdTJP.js                          2.81 kB │ gzip:   1.25 kB
dist/assets/authUI-C3mSqW7q.js                            2.87 kB │ gzip:   1.07 kB
dist/assets/MySubmissionsPage-DHq-f2p7.js                 2.97 kB │ gzip:   1.32 kB
dist/assets/studyGroupClient-D4nQh7QP.js                  3.01 kB │ gzip:   1.02 kB
dist/assets/catalog-FOmoL3mz.js                           3.07 kB │ gzip:   1.09 kB
dist/assets/CreateGroupPage-DJbShXDc.js                   3.08 kB │ gzip:   1.37 kB
dist/assets/streakCopy-Bn6Fhglt.js                        3.10 kB │ gzip:   1.56 kB
dist/assets/WhoForPage-BmlNjrrm.js                        3.12 kB │ gzip:   1.41 kB
dist/assets/IELTSListeningPage-DuTLa8z3.js                3.19 kB │ gzip:   1.30 kB
dist/assets/TOEICIndexPage-bVe1soxG.js                    3.21 kB │ gzip:   1.39 kB
dist/assets/TOEFLListeningPage-Bk4Nlz8v.js                3.22 kB │ gzip:   1.29 kB
dist/assets/Referral-CdcWAeTc.js                          3.27 kB │ gzip:   1.43 kB
dist/assets/IELTSEstimatorPage-CSUAB0hP.js                3.31 kB │ gzip:   1.25 kB
dist/assets/toaster-ZdTmjtiG.js                           3.33 kB │ gzip:   1.26 kB
dist/assets/MyGiftsPage-CjGOvWoS.js                       3.35 kB │ gzip:   1.43 kB
dist/assets/MilestoneObserver-n9qHDbyO.js                 3.37 kB │ gzip:   1.25 kB
dist/assets/GroupsIndex-B3PcvJ0r.js                       3.40 kB │ gzip:   1.46 kB
dist/assets/IELTSIndexPage-NRoKWwF7.js                    3.43 kB │ gzip:   1.40 kB
dist/assets/giftSubscriptionClient-BOrFehdh.js            3.43 kB │ gzip:   1.31 kB
dist/assets/TOEFLIndexPage-BXW8ak_l.js                    3.44 kB │ gzip:   1.41 kB
dist/assets/AdminPaymentsPage-DnfuWEDV.js                 3.50 kB │ gzip:   1.42 kB
dist/assets/ReviewQueue-C4E31MMK.js                       3.51 kB │ gzip:   1.60 kB
dist/assets/WritingTopic-CkN9hqKJ.js                      3.51 kB │ gzip:   1.19 kB
dist/assets/Listening-BHZ_w4y2.js                         3.55 kB │ gzip:   1.41 kB
dist/assets/Listening-B2_TsW17.js                         3.56 kB │ gzip:   1.44 kB
dist/assets/ShortcutHelpOverlay-BimRBBjE.js               3.65 kB │ gzip:   1.71 kB
dist/assets/sentenceSubmission-DurAxBR5.js                3.68 kB │ gzip:   1.37 kB
dist/assets/PendingSentencesPage-ZhLWEgkw.js              3.70 kB │ gzip:   1.63 kB
dist/assets/displayPrices-CNuWRPbJ.js                     3.75 kB │ gzip:   1.65 kB
dist/assets/VSTEPIndexPage-Dagf8eMw.js                    3.75 kB │ gzip:   1.60 kB
dist/assets/roomJsonResolver-D51hbume.js                  3.76 kB │ gzip:   1.63 kB
dist/assets/Speaking-BMRrpkYu.js                          3.86 kB │ gzip:   1.70 kB
dist/assets/AcceptInvite-DDUp5sZU.js                      3.87 kB │ gzip:   1.62 kB
dist/assets/IELTSReadingPage-BIFdbils.js                  3.88 kB │ gzip:   1.51 kB
dist/assets/FrenchLessonsPage-BhNegc_d.js                 3.89 kB │ gzip:   1.85 kB
dist/assets/corporateClient-Dh1_vxut.js                   3.89 kB │ gzip:   1.48 kB
dist/assets/curriculumTracker-Cu19fKrw.js                 3.90 kB │ gzip:   1.51 kB
dist/assets/VietnameseLessonsPage-CGzSugE6.js             3.92 kB │ gzip:   1.73 kB
dist/assets/LeaderboardPage-_RBL9ndI.js                   3.96 kB │ gzip:   1.48 kB
dist/assets/TOEFLReadingPage-DqF9wCbn.js                  3.97 kB │ gzip:   1.40 kB
dist/assets/useEntitlements-S5-L9rkH.js                   3.98 kB │ gzip:   1.61 kB
dist/assets/ReadingPassage-CVdku-rD.js                    4.02 kB │ gzip:   1.55 kB
dist/assets/ReadingPassage-BhE274B5.js                    4.04 kB │ gzip:   1.56 kB
dist/assets/MockInterviewIndex-DY0dGPdx.js                4.12 kB │ gzip:   1.72 kB
dist/assets/WelcomePage-Dp0X8qRH.js                       4.21 kB │ gzip:   1.99 kB
dist/assets/Reading-MFMgRdf_.js                           4.22 kB │ gzip:   1.64 kB
dist/assets/Reading-C-mWNb6c.js                           4.27 kB │ gzip:   1.66 kB
dist/assets/Terms-CTB1PY_o.js                             4.31 kB │ gzip:   1.84 kB
dist/assets/BlogIndex-fERq6n7F.js                         4.31 kB │ gzip:   1.85 kB
dist/assets/VNCulturalPackPage-BQ8H1JYa.js                4.38 kB │ gzip:   1.45 kB
dist/assets/WritingTopic-C6H1fJUc.js                      4.42 kB │ gzip:   1.39 kB
dist/assets/MercyAnswerFeedback-C6qd6hT9.js               4.58 kB │ gzip:   2.07 kB
dist/assets/referralLeaderboardCopy-CR8Y7mJV.js           4.69 kB │ gzip:   2.05 kB
dist/assets/SpeakingTopic-B00zP3N9.js                     4.70 kB │ gzip:   1.38 kB
dist/assets/RedeemGiftPage-BdJssr5M.js                    4.71 kB │ gzip:   1.95 kB
dist/assets/weeklyLeaderboardCopy-0L_VTOuq.js             4.72 kB │ gzip:   2.13 kB
dist/assets/iap-n0k7dZni.js                               4.77 kB │ gzip:   1.81 kB
dist/assets/KoreanLessonsPage-C1-bPeg5.js                 4.81 kB │ gzip:   2.18 kB
dist/assets/FeedbackTriagePage-BmQi99i0.js                4.81 kB │ gzip:   1.99 kB
dist/assets/ChineseLessonsPage-CIZwQFww.js                4.88 kB │ gzip:   2.14 kB
dist/assets/ProfessionsIndexPage-BKXViHoc.js              4.97 kB │ gzip:   2.02 kB
dist/assets/TOEICPaywallGate-BuTOa7KQ.js                  5.01 kB │ gzip:   2.10 kB
dist/assets/costMonitoring-f2D6fYMa.js                    5.12 kB │ gzip:   1.94 kB
dist/assets/JapaneseLessonsPage-DY3PD6Hy.js               5.14 kB │ gzip:   2.31 kB
dist/assets/PremiumGate-BjVLQWzn.js                       5.16 kB │ gzip:   2.19 kB
dist/assets/GermanLessonsPage-8JCukIph.js                 5.17 kB │ gzip:   2.20 kB
dist/assets/incidentLog-Bjj9gXDD.js                       5.21 kB │ gzip:   2.10 kB
dist/assets/MonthlyReferralLeaderboard-BMcOtWLW.js        5.24 kB │ gzip:   1.89 kB
dist/assets/Library-CCNlEaQK.js                           5.26 kB │ gzip:   2.26 kB
dist/assets/IELTSWritingPage-7z_Gr0X3.js                  5.31 kB │ gzip:   2.09 kB
dist/assets/ChallengeHistoryPage-DkYvnsyS.js              5.33 kB │ gzip:   2.10 kB
dist/assets/PurchaseGiftPage-Cb6XkDXG.js                  5.35 kB │ gzip:   2.26 kB
dist/assets/PublicProfilePage-CSSp35GH.js                 5.36 kB │ gzip:   2.14 kB
dist/assets/InterviewSessionPage-DOonygQL.js              5.38 kB │ gzip:   2.02 kB
dist/assets/GroupPage-8BAh8hT-.js                         5.43 kB │ gzip:   2.25 kB
dist/assets/BillingSuccessPage-BOBrkpmg.js                5.43 kB │ gzip:   2.23 kB
dist/assets/WritingPracticePage-Dtb_5Mcb.js               5.51 kB │ gzip:   2.00 kB
dist/assets/ContentAdvisory-CrUBFsR9.js                   5.57 kB │ gzip:   2.45 kB
dist/assets/StoryModeration-DJWAGgNf.js                   5.57 kB │ gzip:   2.02 kB
dist/assets/BehavioralAnalytics-BdgN3d1x.js               5.70 kB │ gzip:   2.38 kB
dist/assets/Unsubscribe-TXBELrP1.js                       5.73 kB │ gzip:   2.16 kB
dist/assets/LanguagesIndexPage-DY8pAGmf.js                5.75 kB │ gzip:   2.12 kB
dist/assets/WeeklyDigest-Bd8reULF.js                      5.75 kB │ gzip:   2.14 kB
dist/assets/SpeakingTopic-CvzWVFwF.js                     5.81 kB │ gzip:   1.87 kB
dist/assets/AdminFeedbackPage-CewSYwJu.js                 5.82 kB │ gzip:   2.00 kB
dist/assets/Stories-BPKvK_Ta.js                           5.98 kB │ gzip:   2.28 kB
dist/assets/DeveloperPortalPage-BEwxhGEf.js               6.01 kB │ gzip:   2.47 kB
dist/assets/CreateCorporatePage-DlGoQ1XZ.js               6.01 kB │ gzip:   2.17 kB
dist/assets/StoryDetail-sLGBTK_6.js                       6.04 kB │ gzip:   2.48 kB
dist/assets/ContributeSentencePage-CZcPKZRG.js            6.07 kB │ gzip:   2.24 kB
dist/assets/PublicRoadmapPage-DnZTODSD.js                 6.07 kB │ gzip:   2.43 kB
dist/assets/XPHistoryPage-zdeBcmIc.js                     6.08 kB │ gzip:   2.37 kB
dist/assets/InterviewPromptsModeration-EtbENIRr.js        6.16 kB │ gzip:   2.13 kB
dist/assets/DailyChallengePage-rpN9ITz2.js                6.32 kB │ gzip:   2.56 kB
dist/assets/Library-0JZlVmld.js                           6.39 kB │ gzip:   2.47 kB
dist/assets/ApplyReferralCodeForm-DBUWdtyF.js             6.45 kB │ gzip:   2.54 kB
dist/assets/practiceRecommendations-DP_itjdx.js           6.55 kB │ gzip:   2.78 kB
dist/assets/ReviewItem-Cfkt0l_w.js                        6.59 kB │ gzip:   2.69 kB
dist/assets/TOEICEstimatorPage-ZliXD7Dk.js                6.60 kB │ gzip:   2.82 kB
dist/assets/heatmapInsights-AWQ_JujA.js                   6.64 kB │ gzip:   2.55 kB
dist/assets/speechProgress-BkgCUSrX.js                    6.71 kB │ gzip:   2.43 kB
dist/assets/interviewSession-BS6439nB.js                  6.78 kB │ gzip:   2.81 kB
dist/assets/CommunityPrompts-DzUP5Mc6.js                  6.78 kB │ gzip:   2.52 kB
dist/assets/NotificationPreferences-CtzjPmE6.js           6.90 kB │ gzip:   3.05 kB
dist/assets/scoreEssay-C4ZXJR2w.js                        6.90 kB │ gzip:   3.08 kB
dist/assets/ShareProgressPage-JgX-iF9P.js                 6.99 kB │ gzip:   2.72 kB
dist/assets/Aal2Challenge-DJZc69BM.js                     7.36 kB │ gzip:   3.01 kB
dist/assets/BlogPost-D05uyli6.js                          7.40 kB │ gzip:   2.71 kB
dist/assets/TeacherFeedbackTriage-Dms-jPti.js             7.46 kB │ gzip:   2.60 kB
dist/assets/SloDetail-BoMqHvOB.js                         7.46 kB │ gzip:   2.80 kB
dist/assets/RecoverWith2FA-BjtgntMH.js                    7.48 kB │ gzip:   2.91 kB
dist/assets/PlacementForensicsDashboard-zneLuW_I.js       7.51 kB │ gzip:   2.92 kB
dist/assets/VSTEPSpeakingPage-B3h-HyM9.js                 7.54 kB │ gzip:   2.54 kB
dist/assets/IELTSSpeakingPage-Cr-nhpUK.js                 7.55 kB │ gzip:   2.35 kB
dist/assets/CorporateDashboardPage-HkdM01jh.js            7.55 kB │ gzip:   2.71 kB
dist/assets/InterviewSummaryPage-BcXr0Sad.js              7.57 kB │ gzip:   2.68 kB
dist/assets/CertificatesGalleryPage-CrL9SrMu.js           7.73 kB │ gzip:   2.92 kB
dist/assets/ListeningItem-DGAjc2rG.js                     7.80 kB │ gzip:   2.55 kB
dist/assets/SeoTopicPage-DwoN-rG6.js                      8.29 kB │ gzip:   2.69 kB
dist/assets/NailTechnicianPage-DYPmc0Mr.js                8.35 kB │ gzip:   2.65 kB
dist/assets/FrontendPerformance-ylYpDDhs.js               8.46 kB │ gzip:   3.18 kB
dist/assets/ReviewSession--K35hoLV.js                     8.49 kB │ gzip:   3.16 kB
dist/assets/ConvertAccount-Cl7FXKSF.js                    8.55 kB │ gzip:   3.05 kB
dist/assets/ResultsPage-WaET8fqo.js                       8.56 kB │ gzip:   2.64 kB
dist/assets/ListeningItem--kBAU4dz.js                     8.68 kB │ gzip:   2.97 kB
dist/assets/SloDashboard-kc67Rj6t.js                      8.71 kB │ gzip:   3.01 kB
dist/assets/memory-OZ9ufvuv.js                            8.84 kB │ gzip:   2.68 kB
dist/assets/AudioCoveragePage-C_OnRCGq.js                 8.85 kB │ gzip:   2.86 kB
dist/assets/clientStub-B7h0YI0E.js                        9.12 kB │ gzip:   3.99 kB
dist/assets/RetentionDashboard-CFZPYbUD.js                9.34 kB │ gzip:   3.77 kB
dist/assets/Submit-CR0C5vWY.js                            9.69 kB │ gzip:   3.23 kB
dist/assets/ResetPasswordPage-D8ETC76a.js                 9.73 kB │ gzip:   3.83 kB
dist/assets/MarketingLandingPage-Bue9lLmD.js              9.82 kB │ gzip:   3.42 kB
dist/assets/tierRoomSource-kAuKtjwv.js                    9.86 kB │ gzip:   2.92 kB
dist/assets/FeatureFlagsAdmin-CDzR3ry3.js                 9.91 kB │ gzip:   3.40 kB
dist/assets/OnboardingPage-Dw4wo1Rw.js                   10.20 kB │ gzip:   3.48 kB
dist/assets/TOEFLEstimatorPage-G6McIGFj.js               10.29 kB │ gzip:   3.36 kB
dist/assets/ClipPlayer-CxoulfFv.js                       10.39 kB │ gzip:   3.67 kB
dist/assets/CostMonitoring-rRhOZsSR.js                   10.51 kB │ gzip:   3.94 kB
dist/assets/TierDetail-Bfr9Jnfj.js                       11.09 kB │ gzip:   3.75 kB
dist/assets/LatencyMonitoring-BSplRXHK.js                11.21 kB │ gzip:   3.83 kB
dist/assets/PushPreferences-DxCRO2AX.js                  11.41 kB │ gzip:   3.99 kB
dist/assets/ShareStory-fMxySvOf.js                       11.58 kB │ gzip:   3.62 kB
dist/assets/SpeechHistoryPage-CNZhKrGG.js                11.66 kB │ gzip:   4.29 kB
dist/assets/Support-BhGmpoyx.js                          11.67 kB │ gzip:   4.22 kB
dist/assets/Enable2FA-DBAPmECJ.js                        11.69 kB │ gzip:   4.30 kB
dist/assets/AdminAccessCodes-Dq0SPCxT.js                 11.72 kB │ gzip:   4.07 kB
dist/assets/TalkingFacePlayButton-BgFYrJow.js            11.81 kB │ gzip:   3.60 kB
dist/assets/mercy-german-tab-CqZJNSTR.js                 11.85 kB │ gzip:   4.24 kB
dist/assets/SecuritySettings-C13ry5gk.js                 11.99 kB │ gzip:   4.31 kB
dist/assets/BulkInvite-ie3EGu77.js                       12.08 kB │ gzip:   4.32 kB
dist/assets/PlacementV2Page-DTfOF50g.js                  12.17 kB │ gzip:   4.36 kB
dist/assets/PhonemeDrillPage-DLx_H2gs.js                 12.35 kB │ gzip:   4.43 kB
dist/assets/SpanishLessonsPage-OsmrX37B.js               12.91 kB │ gzip:   5.19 kB
dist/assets/Practice-CgjlyKQ9.js                         13.18 kB │ gzip:   4.40 kB
dist/assets/BottomMusicBar-BNSWqd6o.js                   14.37 kB │ gzip:   4.47 kB
dist/assets/AdminSubscriptions-Dwc-dJPk.js               14.77 kB │ gzip:   4.40 kB
dist/assets/mercy-french-tab-2vIulEK_.js                 14.83 kB │ gzip:   5.35 kB
dist/assets/Billing-D990sbB4.js                          14.93 kB │ gzip:   5.20 kB
dist/assets/TOEICPracticePage-DTjMvDJM.js                15.89 kB │ gzip:   6.32 kB
dist/assets/WritingPracticeSessionPage-BgpmuB1N.js       16.03 kB │ gzip:   5.50 kB
dist/assets/PronunciationSRSSessionPage-9KmdHcBL.js      16.47 kB │ gzip:   5.39 kB
dist/assets/FamilyPlanPage-DUVhcYMS.js                   16.48 kB │ gzip:   4.95 kB
dist/assets/SpeechDrill-DV7ppB4q.js                      16.78 kB │ gzip:   5.92 kB
dist/assets/RoomLoadDiagnostics-rmWW_Qp-.js              16.82 kB │ gzip:   4.58 kB
dist/assets/dailyChallenge-BFbwNhZS.js                   17.20 kB │ gzip:   5.03 kB
dist/assets/blogManifest-ck92OIa_.js                     17.62 kB │ gzip:   7.06 kB
dist/assets/TestPage-DQ_R9oOe.js                         18.07 kB │ gzip:   5.66 kB
dist/assets/LessonRenderer-C2LoDlvg.js                   18.85 kB │ gzip:   5.18 kB
dist/assets/MercyThreadPage-KjfElWbh.js                  19.14 kB │ gzip:   6.67 kB
dist/assets/AdminDashboard-CMwEvksk.js                   20.13 kB │ gzip:   6.61 kB
dist/assets/vendor-datefns-CBpsKyOP.js                   20.37 kB │ gzip:   5.72 kB
dist/assets/CertVerifyPage-Sa3_tKXV.js                   20.43 kB │ gzip:   6.36 kB
dist/assets/AdminAnalyticsPage-2O8lYabU.js               21.35 kB │ gzip:   6.87 kB
dist/assets/Privacy-CBxvuUxw.js                          22.28 kB │ gzip:   7.74 kB
dist/assets/MockInterviewRoom-DXA8ddjI.js                22.63 kB │ gzip:   6.74 kB
dist/assets/TierIndex-Dn2cUNRe.js                        23.04 kB │ gzip:   6.54 kB
dist/assets/writing-topics-SNqyTAmi.js                   23.60 kB │ gzip:   8.01 kB
dist/assets/prompts-BYVZtfnP.js                          24.14 kB │ gzip:   8.49 kB
dist/assets/index-BkWw5-xZ.js                            25.92 kB │ gzip:   9.08 kB
dist/assets/Progress-BhQoiW3F.js                         27.16 kB │ gzip:   8.31 kB
dist/assets/VSTEPListeningPage-B5qYkWv5.js               29.96 kB │ gzip:  10.74 kB
dist/assets/roomManifest-Bd9v2IoV.js                     30.54 kB │ gzip:   5.19 kB
dist/assets/LoginPage-BnDmOM48.js                        32.51 kB │ gzip:   9.93 kB
dist/assets/VSTEPWritingPage-DKDZiLkV.js                 33.04 kB │ gzip:  12.24 kB
dist/assets/mercy-guide-panel-C6d2zg6V.js                33.34 kB │ gzip:  10.46 kB
dist/assets/vendor-sonner-NPCMd06h.js                    33.82 kB │ gzip:   9.51 kB
dist/assets/scenarios-BXd4sg9r.js                        34.57 kB │ gzip:  12.94 kB
dist/assets/VSTEPReadingPage-OaoEE7VA.js                 36.64 kB │ gzip:  13.26 kB
dist/assets/AdminUsersPage-CUzyn9gM.js                   37.59 kB │ gzip:   9.26 kB
dist/assets/reading-passages-BswYlfrN.js                 40.39 kB │ gzip:  14.03 kB
dist/assets/writing-topics-DudPD1Cp.js                   40.66 kB │ gzip:  14.47 kB
dist/assets/mercy-logic-tab-Ce2Rw9MZ.js                  43.68 kB │ gzip:  11.49 kB
dist/assets/Pricing-CVtDmLpF.js                          46.35 kB │ gzip:  14.00 kB
dist/assets/index-H37lEAel.js                            46.46 kB │ gzip:  13.35 kB
dist/assets/AccountPage-CCotrkb6.js                      48.64 kB │ gzip:  14.94 kB
dist/assets/micro-lessons-Cp77RWuJ.js                    53.17 kB │ gzip:  15.62 kB
dist/assets/NailTechLessonsPage-Ci5kdr3P.js              53.59 kB │ gzip:  17.06 kB
dist/assets/listeningProgress-CLGgCT4z.js                58.17 kB │ gzip:  18.62 kB
dist/assets/RestaurantLessonsPage--Q4PtJWP.js            60.29 kB │ gzip:  19.34 kB
dist/assets/speaking-topics-Cn93kJRg.js                  60.99 kB │ gzip:  20.26 kB
dist/assets/mercy-teacher-tab-D10IlUVL.js                61.55 kB │ gzip:  19.36 kB
dist/assets/vendor-zod-C9L7c8JN.js                       63.69 kB │ gzip:  17.16 kB
dist/assets/speaking-topics-RRxh1PQl.js                  65.47 kB │ gzip:  18.98 kB
dist/assets/CustomerServiceLessonsPage-BblqbO6n.js       65.72 kB │ gzip:  20.62 kB
dist/assets/HospitalityLessonsPage-DCv-jmRY.js           66.13 kB │ gzip:  22.34 kB
dist/assets/Home-DZ-8-Ri_.js                             66.52 kB │ gzip:  18.66 kB
dist/assets/DriversLessonsPage-j8kA_3wW.js               67.82 kB │ gzip:  22.41 kB
dist/assets/HealthcareLessonsPage-ZCNoo1k8.js            67.82 kB │ gzip:  21.76 kB
dist/assets/practice-items-BmTBLZG-.js                   71.28 kB │ gzip:  23.31 kB
dist/assets/TechWorkerLessonsPage-Chm0GUOS.js            72.07 kB │ gzip:  24.30 kB
dist/assets/listening-items-qrBAhMXK.js                  72.99 kB │ gzip:  24.51 kB
dist/assets/mercy-guide-T4puhVUv.js                      74.89 kB │ gzip:  24.89 kB
dist/assets/RoleplayPage-Bl15eWL1.js                     82.18 kB │ gzip:  29.22 kB
dist/assets/mercy-grammar-tab-BhCxS6w_.js                83.32 kB │ gzip:  26.11 kB
dist/assets/WritingFeedbackPage-hZbqVl8h.js              84.73 kB │ gzip:  26.88 kB
dist/assets/culturalPackSchema-CnEDPkpZ.js               85.64 kB │ gzip:  30.32 kB
dist/assets/ChatHub-D7KURfi6.js                          92.41 kB │ gzip:  26.05 kB
dist/assets/speaking-topics-CrgjvUuK.js                  94.76 kB │ gzip:  30.97 kB
dist/assets/SpeechDrillPage-B3EKcVcA.js                  99.92 kB │ gzip:  25.73 kB
dist/assets/mercy-speak-tab-DkbWPQ6N.js                 108.74 kB │ gzip:  34.18 kB
dist/assets/listening-items-BHBMygZF.js                 108.99 kB │ gzip:  34.96 kB
dist/assets/index-CA0jrXlG.js                           110.13 kB │ gzip:  32.07 kB
dist/assets/reading-passages-C_pSuFzd.js                113.99 kB │ gzip:  35.35 kB
dist/assets/professional-scenarios-C4BkpGGT.js          120.88 kB │ gzip:  38.34 kB
dist/assets/react-D4DrjoQq.js                           146.15 kB │ gzip:  46.85 kB
dist/assets/ui-9ul5dUWg.js                              155.67 kB │ gzip:  42.99 kB
dist/assets/vendor-azaWemeN.js                          169.55 kB │ gzip:  54.06 kB
dist/assets/supabase-BYM-m4Sf.js                        204.03 kB │ gzip:  52.93 kB
dist/assets/charts-Cp0JhB0k.js                          362.21 kB │ gzip: 104.59 kB
dist/assets/sentry-uywG6Ofx.js                          472.94 kB │ gzip: 155.62 kB
✓ built in 21.18s

PWA v1.3.0
mode      generateSW
precache  55 entries (1232.59 KiB)
files generated
  dist/sw.js
  dist/workbox-95677aec.js
