
> mercyblade@0.0.0 prebuild
> npm run rooms:check


> mercyblade@0.0.0 rooms:check
> npm run generate:room-registry && npm run validate-rooms:core


> mercyblade@0.0.0 generate:room-registry
> node scripts/generate-room-registry.mjs

Total JSON files: 485
Warnings (non-fatal): 0

Registry generated successfully

> mercyblade@0.0.0 validate-rooms:core
> MB_VALIDATE_CORE_ONLY=1 node scripts/validate-rooms.mjs

Total ROOM JSON files (public/data/*.json): 485
Mode: CORE_ONLY
Warnings (non-fatal): 30
Errors: 0

Warning breakdown (non-fatal — backlog, not gate):
- PLACEHOLDER_EN_TITLE: 30
✅ validate-rooms: PASS

> mercyblade@0.0.0 build
> node scripts/generate-version.js && npm run generate:audio-manifest && npm run generate:sitemap && vite build

[version] Generated version.json: v2026-05-20-07 (de6d31c28)

> mercyblade@0.0.0 generate:audio-manifest
> node scripts/generate-audio-manifest.mjs

Scanning public/audio for .mp3 files...
✅ Audio manifest generated
   Total .mp3 files: 0

> mercyblade@0.0.0 generate:sitemap
> tsx scripts/generate-sitemap.ts

[sitemap] wrote 83 URLs to /Users/admin/MercyB/public/sitemap.xml
vite v6.4.2 building for production...
transforming...
[plugin vite:dynamic-import-vars] src/components/mercy-guide/kidsDataLoader.ts: invalid import "./kids/kidPage${pageNumber}Data". A file extension must be included in the static part of the import. For example: import(`./foo/${bar}.js`).
✓ 3948 modules transformed.
Circular chunk: mercy-grammar-tab -> mercy-guide -> mercy-grammar-tab. Please adjust the manual chunk logic for these chunks.
Circular chunk: mercy-grammar-tab -> mercy-speak-tab -> mercy-grammar-tab. Please adjust the manual chunk logic for these chunks.
rendering chunks...
[plugin vite:reporter] 
(!) /Users/admin/MercyB/src/config/slos.ts is dynamically imported by /Users/admin/MercyB/src/lib/admin/errorBudget.ts but also statically imported by /Users/admin/MercyB/src/lib/admin/errorBudget.ts, /Users/admin/MercyB/src/lib/admin/incidentLog.ts, /Users/admin/MercyB/src/pages/admin/SloDashboard.tsx, /Users/admin/MercyB/src/pages/admin/SloDetail.tsx, dynamic import will not move module into another chunk.

computing gzip size...
dist/manifest.webmanifest                                 0.47 kB
dist/index.html                                           6.87 kB │ gzip:   2.36 kB
dist/assets/index-bCwIq8Td.css                          186.51 kB │ gzip:  26.59 kB
dist/assets/awardXPEventBus-BMZcGmrB.js                   0.04 kB │ gzip:   0.06 kB
dist/assets/PremiumGate-D0_oHLyH.js                       0.12 kB │ gzip:   0.12 kB
dist/assets/nativeContent-B2HrFNpS.js                     0.14 kB │ gzip:   0.11 kB
dist/assets/eventBus-CV2aPw6-.js                          0.14 kB │ gzip:   0.14 kB
dist/assets/AllRooms-BLuMbYK3.js                          0.16 kB │ gzip:   0.16 kB
dist/assets/chromeLanguage-CVu3kY-C.js                    0.22 kB │ gzip:   0.17 kB
dist/assets/mfaEligibility-DTlR_2ck.js                    0.31 kB │ gzip:   0.18 kB
dist/assets/BilingualLabel-CFjxPOPs.js                    0.34 kB │ gzip:   0.24 kB
dist/assets/usePlacementResume-I1GrJ5HJ.js                0.42 kB │ gzip:   0.30 kB
dist/assets/GlobalNavigationShortcuts-D6VuIrJf.js         0.42 kB │ gzip:   0.29 kB
dist/assets/MercyUnifiedPage-D1sgbg5w.js                  0.46 kB │ gzip:   0.32 kB
dist/assets/usePlacementSessionV3-BKnT3fDY.js             0.46 kB │ gzip:   0.32 kB
dist/assets/NativeDeepLinkListener-ChoTd_pl.js            0.55 kB │ gzip:   0.38 kB
dist/assets/types-CNSnfwnr.js                             0.56 kB │ gzip:   0.39 kB
dist/assets/AccessibleToast-MLWyHq8I.js                   0.58 kB │ gzip:   0.37 kB
dist/assets/levels-C_c6gItW.js                            0.58 kB │ gzip:   0.35 kB
dist/assets/telemetry-C1iJM5ry.js                         0.63 kB │ gzip:   0.33 kB
dist/assets/LoadingPlaceholder-DOYahay3.js                0.68 kB │ gzip:   0.47 kB
dist/assets/badge-mIoDA7SU.js                             0.78 kB │ gzip:   0.41 kB
dist/assets/authGuard-CHMiPcS-.js                         0.84 kB │ gzip:   0.48 kB
dist/assets/configHealth-ClS1Vqkd.js                      0.85 kB │ gzip:   0.60 kB
dist/assets/SentrySmokeTest-B5VJ2h9N.js                   0.88 kB │ gzip:   0.52 kB
dist/assets/types-DegwkW2O.js                             0.89 kB │ gzip:   0.54 kB
dist/assets/clarity-M0M8d1nw.js                           0.97 kB │ gzip:   0.56 kB
dist/assets/perfBudget-ms5FPM2Q.js                        1.00 kB │ gzip:   0.56 kB
dist/assets/card-Dc8gVwnh.js                              1.03 kB │ gzip:   0.40 kB
dist/assets/AndroidBackButton-DeEX-8h-.js                 1.05 kB │ gzip:   0.66 kB
dist/assets/NativeBootstrap-Gmege3VR.js                   1.07 kB │ gzip:   0.55 kB
dist/assets/useAudioUrl-fbed_kFV.js                       1.10 kB │ gzip:   0.50 kB
dist/assets/types-DmPqmEQh.js                             1.11 kB │ gzip:   0.65 kB
dist/assets/tierFromRoomId-DhrhdCs3.js                    1.12 kB │ gzip:   0.37 kB
dist/assets/rpc-D7dN0dUG.js                               1.26 kB │ gzip:   0.52 kB
dist/assets/TOEFLCopy-CscZyHry.js                         1.30 kB │ gzip:   0.66 kB
dist/assets/ga4-8gCQrEqG.js                               1.37 kB │ gzip:   0.74 kB
dist/assets/utm-C0N-EelT.js                               1.37 kB │ gzip:   0.63 kB
dist/assets/logs-BAd2BtUm.js                              1.43 kB │ gzip:   0.75 kB
dist/assets/SeoLayout-Bdo6zzRi.js                         1.44 kB │ gzip:   0.66 kB
dist/assets/pixel-CsmkCB6n.js                             1.46 kB │ gzip:   0.76 kB
dist/assets/SkipConfirmPage-CUAtLJtF.js                   1.49 kB │ gzip:   0.82 kB
dist/assets/table-D5zH1-tr.js                             1.53 kB │ gzip:   0.54 kB
dist/assets/nativeOAuth-BeSVsaC-.js                       1.59 kB │ gzip:   0.81 kB
dist/assets/TeacherRoute-CWHZ5XEs.js                      1.64 kB │ gzip:   0.86 kB
dist/assets/VstepTopicPage-GawY-ZzK.js                    1.64 kB │ gzip:   0.89 kB
dist/assets/IeltsTopicPage-Eon8lPUS.js                    1.68 kB │ gzip:   0.86 kB
dist/assets/webVitalsTracking-BuQOmtJe.js                 1.69 kB │ gzip:   0.93 kB
dist/assets/LevelUpModal-BKwFBsxE.js                      1.70 kB │ gzip:   0.93 kB
dist/assets/InterviewIndex-C6cggZAC.js                    1.72 kB │ gzip:   0.93 kB
dist/assets/drillGraduation-DJpImZ4z.js                   1.85 kB │ gzip:   0.70 kB
dist/assets/CertificateToast-BB7opiCh.js                  2.02 kB │ gzip:   1.10 kB
dist/assets/ToeicTopicPage-B74vNBH6.js                    2.05 kB │ gzip:   1.14 kB
dist/assets/TOEFLWritingPage-CH6Ztbd8.js                  2.06 kB │ gzip:   0.95 kB
dist/assets/familyInviteCopy-CaTzqY6t.js                  2.07 kB │ gzip:   0.98 kB
dist/assets/tiers-BBl1jcWq.js                             2.11 kB │ gzip:   0.65 kB
dist/assets/speechAttempts-gEcDMzY7.js                    2.13 kB │ gzip:   1.00 kB
dist/assets/emailPreferences-DmcF9ARG.js                  2.14 kB │ gzip:   0.79 kB
dist/assets/routeHelper-CPEn9poY.js                       2.22 kB │ gzip:   0.96 kB
dist/assets/SeoMeta-DWpg4T0Z.js                           2.26 kB │ gzip:   0.82 kB
dist/assets/Writing-CeVUdKgo.js                           2.27 kB │ gzip:   1.03 kB
dist/assets/Writing-C5u8Pjc6.js                           2.35 kB │ gzip:   1.05 kB
dist/assets/HocTiengAnhMienPhiPage-BrkBDY9q.js            2.37 kB │ gzip:   1.13 kB
dist/assets/LoiTiengAnhNguoiVietHaySaiPage-BgtLhJxC.js    2.37 kB │ gzip:   1.20 kB
dist/assets/SuaPhatAmTiengAnhPage-BIGUkyWW.js             2.37 kB │ gzip:   1.21 kB
dist/assets/ResumePage-CT9Jzsuv.js                        2.42 kB │ gzip:   1.27 kB
dist/assets/HocTiengAnhChoNguoiVietPage-CA4VOQsp.js       2.51 kB │ gzip:   1.21 kB
dist/assets/band-descriptors-BUj5-KbU.js                  2.52 kB │ gzip:   1.08 kB
dist/assets/PhongVanTiengAnhPage-B4vb17yj.js              2.55 kB │ gzip:   1.25 kB
dist/assets/repository-8tRnUmZi.js                        2.57 kB │ gzip:   0.97 kB
dist/assets/globalShortcuts-B0fCd8H7.js                   2.57 kB │ gzip:   1.19 kB
dist/assets/TOEFLSpeakingPage-CQUnSWST.js                 2.61 kB │ gzip:   1.16 kB
dist/assets/eligibility-B_lhOjRu.js                       2.64 kB │ gzip:   1.25 kB
dist/assets/VNCulturalIndexPage-Blk-Q2ML.js               2.66 kB │ gzip:   1.24 kB
dist/assets/sample-questions-LaUfjR4R.js                  2.73 kB │ gzip:   1.47 kB
dist/assets/JoinCorporatePage-CJxziPw1.js                 2.75 kB │ gzip:   1.47 kB
dist/assets/Speaking-B5z0Ia2X.js                          2.80 kB │ gzip:   1.25 kB
dist/assets/authUI-C3mSqW7q.js                            2.87 kB │ gzip:   1.07 kB
dist/assets/MySubmissionsPage-B_RWM_pc.js                 2.97 kB │ gzip:   1.32 kB
dist/assets/studyGroupClient-DqmdQm0q.js                  3.00 kB │ gzip:   1.01 kB
dist/assets/catalog-FOmoL3mz.js                           3.07 kB │ gzip:   1.09 kB
dist/assets/CreateGroupPage-R_4_ZzPo.js                   3.08 kB │ gzip:   1.38 kB
dist/assets/streakCopy--hItX6sd.js                        3.10 kB │ gzip:   1.57 kB
dist/assets/WhoForPage-nEl6-anx.js                        3.12 kB │ gzip:   1.42 kB
dist/assets/IELTSListeningPage-6ifgAAsl.js                3.18 kB │ gzip:   1.29 kB
dist/assets/TOEICIndexPage-7CZitq0g.js                    3.21 kB │ gzip:   1.39 kB
dist/assets/TOEFLListeningPage-DAVt5hGz.js                3.22 kB │ gzip:   1.29 kB
dist/assets/Referral-CUgVV13L.js                          3.28 kB │ gzip:   1.43 kB
dist/assets/IELTSEstimatorPage-BVML3kdS.js                3.31 kB │ gzip:   1.24 kB
dist/assets/toaster-Cdq8j4H5.js                           3.33 kB │ gzip:   1.26 kB
dist/assets/MyGiftsPage-BNVl-C8W.js                       3.34 kB │ gzip:   1.43 kB
dist/assets/MilestoneObserver-BwRbdqgn.js                 3.37 kB │ gzip:   1.25 kB
dist/assets/GroupsIndex-B_X0nS7C.js                       3.40 kB │ gzip:   1.47 kB
dist/assets/giftSubscriptionClient-D_KjvrEf.js            3.43 kB │ gzip:   1.30 kB
dist/assets/IELTSIndexPage-DIbP6CDw.js                    3.43 kB │ gzip:   1.40 kB
dist/assets/TOEFLIndexPage-BpMHy_9y.js                    3.44 kB │ gzip:   1.42 kB
dist/assets/AdminPaymentsPage-D2e8GrGq.js                 3.50 kB │ gzip:   1.42 kB
dist/assets/ReviewQueue-BlDl8gIE.js                       3.51 kB │ gzip:   1.60 kB
dist/assets/WritingTopic-B2pewEtn.js                      3.51 kB │ gzip:   1.18 kB
dist/assets/Listening-DbAyd9Ym.js                         3.55 kB │ gzip:   1.41 kB
dist/assets/Listening-BTMQ7dvU.js                         3.56 kB │ gzip:   1.44 kB
dist/assets/ShortcutHelpOverlay-BJvf_fQk.js               3.65 kB │ gzip:   1.71 kB
dist/assets/sentenceSubmission-DVLv0E7f.js                3.68 kB │ gzip:   1.37 kB
dist/assets/PendingSentencesPage-DXumyTnx.js              3.70 kB │ gzip:   1.63 kB
dist/assets/displayPrices-zbmGcTe8.js                     3.75 kB │ gzip:   1.65 kB
dist/assets/VSTEPIndexPage-BpTAI02P.js                    3.75 kB │ gzip:   1.62 kB
dist/assets/roomJsonResolver-Cr831_Fl.js                  3.76 kB │ gzip:   1.64 kB
dist/assets/Speaking-DWLAxOQv.js                          3.86 kB │ gzip:   1.71 kB
dist/assets/AcceptInvite-mXtc_7xy.js                      3.87 kB │ gzip:   1.63 kB
dist/assets/IELTSReadingPage-C_p3avBy.js                  3.88 kB │ gzip:   1.52 kB
dist/assets/FrenchLessonsPage-CaEA7h3i.js                 3.89 kB │ gzip:   1.85 kB
dist/assets/corporateClient-BWzZTWUS.js                   3.89 kB │ gzip:   1.47 kB
dist/assets/curriculumTracker-Cu19fKrw.js                 3.90 kB │ gzip:   1.50 kB
dist/assets/VietnameseLessonsPage-CZd7TmCu.js             3.92 kB │ gzip:   1.72 kB
dist/assets/LeaderboardPage-BY1TWPaP.js                   3.96 kB │ gzip:   1.49 kB
dist/assets/TOEFLReadingPage-C6fYsjWV.js                  3.97 kB │ gzip:   1.40 kB
dist/assets/useEntitlements-DPGAYYBW.js                   3.98 kB │ gzip:   1.61 kB
dist/assets/ReadingPassage-DXRfQgJE.js                    4.02 kB │ gzip:   1.55 kB
dist/assets/ReadingPassage-J8oZhgSi.js                    4.05 kB │ gzip:   1.56 kB
dist/assets/MockInterviewIndex-CkTLKMp0.js                4.12 kB │ gzip:   1.73 kB
dist/assets/WelcomePage-B5WzSBuU.js                       4.22 kB │ gzip:   2.00 kB
dist/assets/Reading-B_EGM2Ur.js                           4.22 kB │ gzip:   1.65 kB
dist/assets/Reading-CSrIXAVa.js                           4.27 kB │ gzip:   1.67 kB
dist/assets/Terms-C9Vjvb9i.js                             4.31 kB │ gzip:   1.83 kB
dist/assets/BlogIndex-B-dn6hus.js                         4.31 kB │ gzip:   1.87 kB
dist/assets/VNCulturalPackPage-CwWdPT5r.js                4.38 kB │ gzip:   1.44 kB
dist/assets/WritingTopic-CsIaayMb.js                      4.42 kB │ gzip:   1.38 kB
dist/assets/MercyAnswerFeedback-DC4dtVBt.js               4.58 kB │ gzip:   2.09 kB
dist/assets/referralLeaderboardCopy-KdA2M_k4.js           4.69 kB │ gzip:   2.07 kB
dist/assets/SpeakingTopic-Bw24ybqZ.js                     4.70 kB │ gzip:   1.37 kB
dist/assets/RedeemGiftPage-YxX0LFNG.js                    4.71 kB │ gzip:   1.95 kB
dist/assets/weeklyLeaderboardCopy-DVguMEZ5.js             4.72 kB │ gzip:   2.16 kB
dist/assets/iap-CZeXGsqp.js                               4.77 kB │ gzip:   1.80 kB
dist/assets/KoreanLessonsPage-C7-3gdB9.js                 4.81 kB │ gzip:   2.18 kB
dist/assets/FeedbackTriagePage-DDEcVLV8.js                4.81 kB │ gzip:   1.98 kB
dist/assets/ChineseLessonsPage-DOFb-QDH.js                4.88 kB │ gzip:   2.14 kB
dist/assets/ProfessionsIndexPage-C4Xi3gjB.js              4.97 kB │ gzip:   2.04 kB
dist/assets/TOEICPaywallGate-pYKn76SB.js                  5.01 kB │ gzip:   2.11 kB
dist/assets/costMonitoring-CKC3j7Rl.js                    5.12 kB │ gzip:   1.93 kB
dist/assets/JapaneseLessonsPage-ClLfRNdE.js               5.14 kB │ gzip:   2.31 kB
dist/assets/PremiumGate-CTUE_8lM.js                       5.16 kB │ gzip:   2.20 kB
dist/assets/GermanLessonsPage-BwnzOW6z.js                 5.16 kB │ gzip:   2.20 kB
dist/assets/incidentLog-CtyabiBq.js                       5.21 kB │ gzip:   2.10 kB
dist/assets/MonthlyReferralLeaderboard-CjUKyXHc.js        5.24 kB │ gzip:   1.89 kB
dist/assets/Library-8QSiY7f2.js                           5.27 kB │ gzip:   2.29 kB
dist/assets/IELTSWritingPage-BR3UNHyK.js                  5.31 kB │ gzip:   2.09 kB
dist/assets/ChallengeHistoryPage-wBKVqxzC.js              5.33 kB │ gzip:   2.09 kB
dist/assets/PublicProfilePage-CBrxCoZ5.js                 5.35 kB │ gzip:   2.14 kB
dist/assets/PurchaseGiftPage-DsPpJl6V.js                  5.35 kB │ gzip:   2.27 kB
dist/assets/InterviewSessionPage-rbzlkBLP.js              5.38 kB │ gzip:   2.03 kB
dist/assets/GroupPage-Dn-MpUfK.js                         5.43 kB │ gzip:   2.26 kB
dist/assets/BillingSuccessPage-3EVdXxz9.js                5.43 kB │ gzip:   2.24 kB
dist/assets/WritingPracticePage-BK3NZoVC.js               5.51 kB │ gzip:   2.01 kB
dist/assets/StoryModeration-t04aSgKk.js                   5.57 kB │ gzip:   2.02 kB
dist/assets/ContentAdvisory--1VkEYru.js                   5.57 kB │ gzip:   2.47 kB
dist/assets/BehavioralAnalytics-IXvyZgQM.js               5.70 kB │ gzip:   2.39 kB
dist/assets/Unsubscribe-HFsK6gXP.js                       5.73 kB │ gzip:   2.18 kB
dist/assets/LanguagesIndexPage-DY1y7P7D.js                5.75 kB │ gzip:   2.12 kB
dist/assets/WeeklyDigest-BgVBefYs.js                      5.75 kB │ gzip:   2.14 kB
dist/assets/SpeakingTopic--YPgHVDI.js                     5.81 kB │ gzip:   1.86 kB
dist/assets/AdminFeedbackPage-X33K3uyD.js                 5.82 kB │ gzip:   2.00 kB
dist/assets/Stories-C_KwJncF.js                           5.97 kB │ gzip:   2.28 kB
dist/assets/DeveloperPortalPage-Cw8PhtTO.js               6.01 kB │ gzip:   2.47 kB
dist/assets/CreateCorporatePage-BjTRALzn.js               6.01 kB │ gzip:   2.18 kB
dist/assets/StoryDetail-DgEZ0Mq-.js                       6.04 kB │ gzip:   2.48 kB
dist/assets/ContributeSentencePage-Beg9QO-y.js            6.07 kB │ gzip:   2.26 kB
dist/assets/PublicRoadmapPage-C4V3F2IL.js                 6.07 kB │ gzip:   2.44 kB
dist/assets/XPHistoryPage-BkvdXAN5.js                     6.08 kB │ gzip:   2.38 kB
dist/assets/InterviewPromptsModeration-Abwysd2T.js        6.16 kB │ gzip:   2.14 kB
dist/assets/DailyChallengePage-CXzJ3w-d.js                6.32 kB │ gzip:   2.57 kB
dist/assets/Library-XH7S8WHz.js                           6.39 kB │ gzip:   2.49 kB
dist/assets/ApplyReferralCodeForm-Dr65Scve.js             6.46 kB │ gzip:   2.57 kB
dist/assets/practiceRecommendations-Mv7_jXO7.js           6.55 kB │ gzip:   2.81 kB
dist/assets/ReviewItem-C58Ag6vH.js                        6.58 kB │ gzip:   2.69 kB
dist/assets/TOEICEstimatorPage-CVuzK0J6.js                6.60 kB │ gzip:   2.84 kB
dist/assets/heatmapInsights-BQs7911T.js                   6.64 kB │ gzip:   2.54 kB
dist/assets/speechProgress-DVZuvc6X.js                    6.71 kB │ gzip:   2.44 kB
dist/assets/CommunityPrompts-n9MX-6we.js                  6.77 kB │ gzip:   2.54 kB
dist/assets/interviewSession-BG9fJp2K.js                  6.78 kB │ gzip:   2.82 kB
dist/assets/NotificationPreferences-B5T878UP.js           6.90 kB │ gzip:   3.07 kB
dist/assets/scoreEssay-C4ZXJR2w.js                        6.90 kB │ gzip:   3.13 kB
dist/assets/ShareProgressPage-BEvBHN9v.js                 6.99 kB │ gzip:   2.73 kB
dist/assets/Aal2Challenge-BA_RfBKQ.js                     7.36 kB │ gzip:   3.03 kB
dist/assets/BlogPost-DNuYurJz.js                          7.40 kB │ gzip:   2.72 kB
dist/assets/TeacherFeedbackTriage-DEZXFqPn.js             7.46 kB │ gzip:   2.60 kB
dist/assets/SloDetail-CLGp4Svo.js                         7.46 kB │ gzip:   2.80 kB
dist/assets/RecoverWith2FA-Cus0cvb-.js                    7.48 kB │ gzip:   2.95 kB
dist/assets/PlacementForensicsDashboard-CXzv0iis.js       7.52 kB │ gzip:   2.92 kB
dist/assets/IELTSSpeakingPage-BfjvJFKX.js                 7.54 kB │ gzip:   2.35 kB
dist/assets/VSTEPSpeakingPage-CkuJRp4r.js                 7.54 kB │ gzip:   2.55 kB
dist/assets/CorporateDashboardPage-Bwtr1qd9.js            7.55 kB │ gzip:   2.72 kB
dist/assets/InterviewSummaryPage-n0eliFY6.js              7.57 kB │ gzip:   2.70 kB
dist/assets/CertificatesGalleryPage-BE3d3uys.js           7.73 kB │ gzip:   2.94 kB
dist/assets/ListeningItem-CKjffgsQ.js                     7.80 kB │ gzip:   2.57 kB
dist/assets/SeoTopicPage-DZ2uokX3.js                      8.29 kB │ gzip:   2.69 kB
dist/assets/NailTechnicianPage-DzgmUMeV.js                8.35 kB │ gzip:   2.66 kB
dist/assets/FrontendPerformance-BRra7JM5.js               8.47 kB │ gzip:   3.19 kB
dist/assets/ReviewSession-CQuWmMLA.js                     8.49 kB │ gzip:   3.17 kB
dist/assets/ConvertAccount-DY5_8xSA.js                    8.55 kB │ gzip:   3.03 kB
dist/assets/ResultsPage-Cs7WLzDN.js                       8.56 kB │ gzip:   2.64 kB
dist/assets/ListeningItem-Buuz44pb.js                     8.68 kB │ gzip:   2.99 kB
dist/assets/SloDashboard-BCR9UPU2.js                      8.71 kB │ gzip:   3.01 kB
dist/assets/memory-OZ9ufvuv.js                            8.84 kB │ gzip:   2.68 kB
dist/assets/AudioCoveragePage-C2U-Rjs7.js                 8.85 kB │ gzip:   2.85 kB
dist/assets/clientStub-XfymA61G.js                        9.12 kB │ gzip:   3.99 kB
dist/assets/RetentionDashboard-rN27pCrW.js                9.34 kB │ gzip:   3.79 kB
dist/assets/Submit-CS5R3Bko.js                            9.70 kB │ gzip:   3.25 kB
dist/assets/ResetPasswordPage-sxu4HNqH.js                 9.73 kB │ gzip:   3.85 kB
dist/assets/MarketingLandingPage-BBoC5uci.js              9.82 kB │ gzip:   3.44 kB
dist/assets/tierRoomSource-CGIvLDni.js                    9.86 kB │ gzip:   2.91 kB
dist/assets/FeatureFlagsAdmin-ynmp7rxG.js                 9.90 kB │ gzip:   3.40 kB
dist/assets/OnboardingPage-dBEl9gZP.js                   10.20 kB │ gzip:   3.48 kB
dist/assets/TOEFLEstimatorPage-D9siDEZI.js               10.29 kB │ gzip:   3.39 kB
dist/assets/ClipPlayer-CnJEoZFZ.js                       10.39 kB │ gzip:   3.70 kB
dist/assets/CostMonitoring-CpaUHcHw.js                   10.51 kB │ gzip:   3.94 kB
dist/assets/TierDetail-D_n5OhTq.js                       11.09 kB │ gzip:   3.75 kB
dist/assets/LatencyMonitoring-aGjxAO1_.js                11.21 kB │ gzip:   3.83 kB
dist/assets/PushPreferences-IHtEBhTT.js                  11.41 kB │ gzip:   4.03 kB
dist/assets/ShareStory-C8wbX6Sl.js                       11.58 kB │ gzip:   3.64 kB
dist/assets/SpeechHistoryPage-0JcOyKIS.js                11.66 kB │ gzip:   4.31 kB
dist/assets/Support-fLP0mmvx.js                          11.67 kB │ gzip:   4.23 kB
dist/assets/Enable2FA-1_7kZQRe.js                        11.69 kB │ gzip:   4.32 kB
dist/assets/AdminAccessCodes-C4GoVybF.js                 11.72 kB │ gzip:   4.07 kB
dist/assets/TalkingFacePlayButton-C0InWcQC.js            11.81 kB │ gzip:   3.63 kB
dist/assets/mercy-german-tab-BHZ9_fst.js                 11.85 kB │ gzip:   4.26 kB
dist/assets/SecuritySettings-Bk9yohyq.js                 11.99 kB │ gzip:   4.34 kB
dist/assets/BulkInvite-C3omqd4P.js                       12.08 kB │ gzip:   4.35 kB
dist/assets/PlacementV2Page-rYNgwori.js                  12.17 kB │ gzip:   4.39 kB
dist/assets/PhonemeDrillPage-CJMeh8eV.js                 12.35 kB │ gzip:   4.47 kB
dist/assets/SpanishLessonsPage-BDo12X5g.js               12.91 kB │ gzip:   5.17 kB
dist/assets/Practice-CGwvRX5i.js                         13.17 kB │ gzip:   4.42 kB
dist/assets/BottomMusicBar-CHIAMpVO.js                   14.37 kB │ gzip:   4.49 kB
dist/assets/AdminSubscriptions-BRXAGK0q.js               14.77 kB │ gzip:   4.40 kB
dist/assets/mercy-french-tab-B01zpU_S.js                 14.83 kB │ gzip:   5.37 kB
dist/assets/Billing-BD8HH7v0.js                          14.93 kB │ gzip:   5.23 kB
dist/assets/TOEICPracticePage-CrVuWLqZ.js                15.89 kB │ gzip:   6.36 kB
dist/assets/WritingPracticeSessionPage-vwV9kL4M.js       16.03 kB │ gzip:   5.53 kB
dist/assets/PronunciationSRSSessionPage-yUSPtQvz.js      16.47 kB │ gzip:   5.39 kB
dist/assets/FamilyPlanPage-CWMNZShn.js                   16.49 kB │ gzip:   4.95 kB
dist/assets/SpeechDrill-cIya3Udg.js                      16.77 kB │ gzip:   5.94 kB
dist/assets/RoomLoadDiagnostics-Dikb4QgD.js              16.82 kB │ gzip:   4.58 kB
dist/assets/dailyChallenge-Dot87mcJ.js                   17.21 kB │ gzip:   5.07 kB
dist/assets/blogManifest-ck92OIa_.js                     17.62 kB │ gzip:   7.10 kB
dist/assets/TestPage-DuUKZgEp.js                         18.07 kB │ gzip:   5.68 kB
dist/assets/LessonRenderer-DuvW6_8i.js                   18.84 kB │ gzip:   5.19 kB
dist/assets/MercyThreadPage-DCNL-phb.js                  19.14 kB │ gzip:   6.71 kB
dist/assets/AdminDashboard-DBeStAK5.js                   20.13 kB │ gzip:   6.63 kB
dist/assets/vendor-datefns-CBpsKyOP.js                   20.37 kB │ gzip:   5.76 kB
dist/assets/CertVerifyPage-CSEqeiQm.js                   20.43 kB │ gzip:   6.37 kB
dist/assets/AdminAnalyticsPage-BvRgLwNm.js               21.35 kB │ gzip:   6.88 kB
dist/assets/Privacy-GTUQVzxH.js                          22.28 kB │ gzip:   7.72 kB
dist/assets/MockInterviewRoom-BH3ibuPd.js                22.63 kB │ gzip:   6.75 kB
dist/assets/TierIndex-DTwJTTdj.js                        23.04 kB │ gzip:   6.56 kB
dist/assets/writing-topics-SNqyTAmi.js                   23.60 kB │ gzip:   8.04 kB
dist/assets/prompts-DudB1L5f.js                          24.14 kB │ gzip:   8.51 kB
dist/assets/index-BkWw5-xZ.js                            25.92 kB │ gzip:   9.10 kB
dist/assets/Progress-CflzWgpj.js                         27.16 kB │ gzip:   8.34 kB
dist/assets/VSTEPListeningPage-DDOEmrsn.js               29.96 kB │ gzip:  10.75 kB
dist/assets/roomManifest-Bd9v2IoV.js                     30.54 kB │ gzip:   5.13 kB
dist/assets/LoginPage-uA0UceL4.js                        32.51 kB │ gzip:  10.01 kB
dist/assets/VSTEPWritingPage-DazLfcJt.js                 33.04 kB │ gzip:  12.28 kB
dist/assets/mercy-guide-panel-BBCY_wYu.js                33.33 kB │ gzip:  10.48 kB
dist/assets/vendor-sonner-Ce-psCVG.js                    33.83 kB │ gzip:   9.57 kB
dist/assets/scenarios-BXd4sg9r.js                        34.57 kB │ gzip:  12.94 kB
dist/assets/VSTEPReadingPage-CIMCr5be.js                 36.65 kB │ gzip:  13.31 kB
dist/assets/AdminUsersPage-Cw5LevH8.js                   37.59 kB │ gzip:   9.28 kB
dist/assets/reading-passages-BswYlfrN.js                 40.39 kB │ gzip:  13.98 kB
dist/assets/writing-topics-DudPD1Cp.js                   40.66 kB │ gzip:  14.49 kB
dist/assets/mercy-logic-tab-pmjs9EDo.js                  43.68 kB │ gzip:  11.56 kB
dist/assets/Pricing-BhQ0zQ56.js                          46.35 kB │ gzip:  14.07 kB
dist/assets/index-eN4_V1R2.js                            46.46 kB │ gzip:  13.36 kB
dist/assets/AccountPage-CKlIlEyU.js                      48.64 kB │ gzip:  14.99 kB
dist/assets/micro-lessons-Cp77RWuJ.js                    53.17 kB │ gzip:  15.60 kB
dist/assets/NailTechLessonsPage-CrPXKg9w.js              53.59 kB │ gzip:  17.08 kB
dist/assets/listeningProgress-CKdkC_Nw.js                58.16 kB │ gzip:  18.67 kB
dist/assets/RestaurantLessonsPage-BD1BdO8t.js            60.29 kB │ gzip:  19.35 kB
dist/assets/vendor-zod-C8aw77wn.js                       60.65 kB │ gzip:  16.48 kB
dist/assets/speaking-topics-Cn93kJRg.js                  60.99 kB │ gzip:  20.27 kB
dist/assets/mercy-teacher-tab-DwzgLvFG.js                61.53 kB │ gzip:  19.39 kB
dist/assets/speaking-topics-RRxh1PQl.js                  65.47 kB │ gzip:  19.01 kB
dist/assets/CustomerServiceLessonsPage-JDSWM1Sn.js       65.73 kB │ gzip:  20.65 kB
dist/assets/HospitalityLessonsPage-xWlWR3CQ.js           66.12 kB │ gzip:  22.32 kB
dist/assets/Home-CeYdqEG-.js                             66.52 kB │ gzip:  18.77 kB
dist/assets/HealthcareLessonsPage-CnGCWXX9.js            67.82 kB │ gzip:  21.77 kB
dist/assets/DriversLessonsPage-DfCP1LCx.js               67.83 kB │ gzip:  22.48 kB
dist/assets/practice-items-CT8gNmWC.js                   71.27 kB │ gzip:  23.36 kB
dist/assets/TechWorkerLessonsPage-BLc2sGbj.js            72.06 kB │ gzip:  24.31 kB
dist/assets/listening-items-qrBAhMXK.js                  72.99 kB │ gzip:  24.47 kB
dist/assets/mercy-guide-CH3hIdT0.js                      74.88 kB │ gzip:  25.00 kB
dist/assets/RoleplayPage-BhkN6mFd.js                     82.18 kB │ gzip:  29.28 kB
dist/assets/mercy-grammar-tab-BOUuOq-d.js                83.32 kB │ gzip:  26.22 kB
dist/assets/WritingFeedbackPage-be-bivDn.js              84.73 kB │ gzip:  26.97 kB
dist/assets/culturalPackSchema-CfcU5nD1.js               85.64 kB │ gzip:  30.29 kB
dist/assets/ChatHub-C4sAhUp2.js                          92.41 kB │ gzip:  26.11 kB
dist/assets/speaking-topics-CrgjvUuK.js                  94.76 kB │ gzip:  30.96 kB
dist/assets/SpeechDrillPage-BA0YYfwk.js                  99.92 kB │ gzip:  25.76 kB
dist/assets/mercy-speak-tab-BurUmPo7.js                 108.74 kB │ gzip:  34.34 kB
dist/assets/listening-items-CJGjpifD.js                 108.99 kB │ gzip:  35.00 kB
dist/assets/index-DeakZvRC.js                           110.13 kB │ gzip:  32.15 kB
dist/assets/reading-passages-C_pSuFzd.js                113.99 kB │ gzip:  35.17 kB
dist/assets/professional-scenarios-C4BkpGGT.js          120.88 kB │ gzip:  38.33 kB
dist/assets/react-B-m70iF_.js                           145.73 kB │ gzip:  46.77 kB
dist/assets/ui-qv7WRnoJ.js                              155.22 kB │ gzip:  43.16 kB
dist/assets/vendor-BlTkC1e9.js                          167.48 kB │ gzip:  53.91 kB
dist/assets/supabase-o8zm2xNm.js                        191.56 kB │ gzip:  50.54 kB
dist/assets/charts-BvYCnxaI.js                          362.06 kB │ gzip: 104.79 kB
dist/assets/sentry-BpDC98XP.js                          472.94 kB │ gzip: 155.84 kB
✓ built in 12.88s

PWA v1.2.0
mode      generateSW
precache  55 entries (1214.57 KiB)
files generated
  dist/sw.js
  dist/workbox-9ef91e99.js
