
> mercyblade@0.0.0 prebuild
> npm run rooms:check


> mercyblade@0.0.0 rooms:check
> npm run generate:room-registry && npm run validate-rooms:core


> mercyblade@0.0.0 generate:room-registry
> node scripts/generate-room-registry.mjs

Total JSON files: 485
Warnings (non-fatal): 0

Registry generated successfully

> mercyblade@0.0.0 validate-rooms:core
> MB_VALIDATE_CORE_ONLY=1 node scripts/validate-rooms.mjs

Total ROOM JSON files (public/data/*.json): 485
Mode: CORE_ONLY
Warnings (non-fatal): 30
Errors: 0

Warning breakdown (non-fatal — backlog, not gate):
- PLACEHOLDER_EN_TITLE: 30
✅ validate-rooms: PASS

> mercyblade@0.0.0 build
> node scripts/generate-version.js && npm run generate:audio-manifest && npm run generate:sitemap && vite build

[version] Generated version.json: v2026-05-20-07 (de6d31c28)

> mercyblade@0.0.0 generate:audio-manifest
> node scripts/generate-audio-manifest.mjs

Scanning public/audio for .mp3 files...
✅ Audio manifest generated
   Total .mp3 files: 0

> mercyblade@0.0.0 generate:sitemap
> tsx scripts/generate-sitemap.ts

[sitemap] wrote 83 URLs to /private/tmp/a33-placement-v3-endurance-burnin/public/sitemap.xml
vite v6.4.2 building for production...
transforming...
[plugin vite:dynamic-import-vars] src/components/mercy-guide/kidsDataLoader.ts: invalid import "./kids/kidPage${pageNumber}Data". A file extension must be included in the static part of the import. For example: import(`./foo/${bar}.js`).
✓ 3946 modules transformed.
Circular chunk: mercy-grammar-tab -> mercy-guide -> mercy-grammar-tab. Please adjust the manual chunk logic for these chunks.
Circular chunk: mercy-grammar-tab -> mercy-speak-tab -> mercy-grammar-tab. Please adjust the manual chunk logic for these chunks.
rendering chunks...
[plugin vite:reporter] 
(!) /private/tmp/a33-placement-v3-endurance-burnin/src/config/slos.ts is dynamically imported by /private/tmp/a33-placement-v3-endurance-burnin/src/lib/admin/errorBudget.ts but also statically imported by /private/tmp/a33-placement-v3-endurance-burnin/src/lib/admin/errorBudget.ts, /private/tmp/a33-placement-v3-endurance-burnin/src/lib/admin/incidentLog.ts, /private/tmp/a33-placement-v3-endurance-burnin/src/pages/admin/SloDashboard.tsx, /private/tmp/a33-placement-v3-endurance-burnin/src/pages/admin/SloDetail.tsx, dynamic import will not move module into another chunk.

computing gzip size...
dist/manifest.webmanifest                                 0.47 kB
dist/index.html                                           6.87 kB │ gzip:   2.38 kB
dist/assets/index-cV0IuCsX.css                          186.72 kB │ gzip:  26.59 kB
dist/assets/awardXPEventBus-BMZcGmrB.js                   0.04 kB │ gzip:   0.06 kB
dist/assets/PremiumGate-D0_oHLyH.js                       0.12 kB │ gzip:   0.12 kB
dist/assets/nativeContent-B2HrFNpS.js                     0.14 kB │ gzip:   0.11 kB
dist/assets/eventBus-CV2aPw6-.js                          0.14 kB │ gzip:   0.14 kB
dist/assets/AllRooms-BLuMbYK3.js                          0.16 kB │ gzip:   0.16 kB
dist/assets/chromeLanguage-CtdQKru3.js                    0.22 kB │ gzip:   0.18 kB
dist/assets/mfaEligibility-DTlR_2ck.js                    0.31 kB │ gzip:   0.18 kB
dist/assets/BilingualLabel-BS9ay5sy.js                    0.34 kB │ gzip:   0.23 kB
dist/assets/usePlacementResume-CrHrMq07.js                0.42 kB │ gzip:   0.30 kB
dist/assets/GlobalNavigationShortcuts-D6VuIrJf.js         0.42 kB │ gzip:   0.29 kB
dist/assets/MercyUnifiedPage-c-ZwEX6_.js                  0.46 kB │ gzip:   0.32 kB
dist/assets/usePlacementSessionV3-SUEhtVgz.js             0.46 kB │ gzip:   0.33 kB
dist/assets/NativeDeepLinkListener-BySgYfB6.js            0.55 kB │ gzip:   0.38 kB
dist/assets/types-CNSnfwnr.js                             0.56 kB │ gzip:   0.39 kB
dist/assets/AccessibleToast-MLWyHq8I.js                   0.58 kB │ gzip:   0.37 kB
dist/assets/levels-C_c6gItW.js                            0.58 kB │ gzip:   0.35 kB
dist/assets/telemetry-C1iJM5ry.js                         0.63 kB │ gzip:   0.33 kB
dist/assets/LoadingPlaceholder-d-7Xr9Rb.js                0.68 kB │ gzip:   0.47 kB
dist/assets/configHealth-Dbrf70oB.js                      0.70 kB │ gzip:   0.44 kB
dist/assets/badge-BZArJoAN.js                             0.78 kB │ gzip:   0.41 kB
dist/assets/authGuard-BqUP--w5.js                         0.84 kB │ gzip:   0.48 kB
dist/assets/SentrySmokeTest-B5VJ2h9N.js                   0.88 kB │ gzip:   0.52 kB
dist/assets/types-DegwkW2O.js                             0.89 kB │ gzip:   0.54 kB
dist/assets/clarity-M0M8d1nw.js                           0.97 kB │ gzip:   0.56 kB
dist/assets/perfBudget-ms5FPM2Q.js                        1.00 kB │ gzip:   0.55 kB
dist/assets/card-CO03JKDE.js                              1.03 kB │ gzip:   0.40 kB
dist/assets/AndroidBackButton-3ApC48wi.js                 1.05 kB │ gzip:   0.66 kB
dist/assets/NativeBootstrap-Cs4zywGK.js                   1.07 kB │ gzip:   0.55 kB
dist/assets/useAudioUrl-Cx8cuQHr.js                       1.10 kB │ gzip:   0.50 kB
dist/assets/types-DmPqmEQh.js                             1.11 kB │ gzip:   0.64 kB
dist/assets/tierFromRoomId-DhrhdCs3.js                    1.12 kB │ gzip:   0.37 kB
dist/assets/rpc-KKDz7BoO.js                               1.26 kB │ gzip:   0.53 kB
dist/assets/TOEFLCopy-CscZyHry.js                         1.30 kB │ gzip:   0.65 kB
dist/assets/ga4-8gCQrEqG.js                               1.37 kB │ gzip:   0.75 kB
dist/assets/utm-C0N-EelT.js                               1.37 kB │ gzip:   0.63 kB
dist/assets/logs-BAd2BtUm.js                              1.43 kB │ gzip:   0.74 kB
dist/assets/SeoLayout-Bdo6zzRi.js                         1.44 kB │ gzip:   0.66 kB
dist/assets/pixel-CsmkCB6n.js                             1.46 kB │ gzip:   0.76 kB
dist/assets/SkipConfirmPage-CAQwqxH3.js                   1.49 kB │ gzip:   0.82 kB
dist/assets/table-D4KtUqid.js                             1.53 kB │ gzip:   0.54 kB
dist/assets/nativeOAuth-D1pkXUAV.js                       1.59 kB │ gzip:   0.81 kB
dist/assets/TeacherRoute-Bx5QujAq.js                      1.64 kB │ gzip:   0.85 kB
dist/assets/VstepTopicPage-CfMLYz-5.js                    1.64 kB │ gzip:   0.88 kB
dist/assets/IeltsTopicPage-K7lZiG4F.js                    1.68 kB │ gzip:   0.86 kB
dist/assets/webVitalsTracking-Dd0qHCZc.js                 1.69 kB │ gzip:   0.93 kB
dist/assets/LevelUpModal-BKwFBsxE.js                      1.70 kB │ gzip:   0.93 kB
dist/assets/InterviewIndex-C6cggZAC.js                    1.72 kB │ gzip:   0.92 kB
dist/assets/drillGraduation-DJpImZ4z.js                   1.85 kB │ gzip:   0.70 kB
dist/assets/CertificateToast-pKvdQFKr.js                  2.02 kB │ gzip:   1.09 kB
dist/assets/ToeicTopicPage-CtwM5KrD.js                    2.05 kB │ gzip:   1.13 kB
dist/assets/TOEFLWritingPage-kOnCwUSI.js                  2.06 kB │ gzip:   0.95 kB
dist/assets/familyInviteCopy-CaTzqY6t.js                  2.07 kB │ gzip:   0.98 kB
dist/assets/tiers-BBl1jcWq.js                             2.11 kB │ gzip:   0.65 kB
dist/assets/speechAttempts-BmlvTT9q.js                    2.13 kB │ gzip:   1.00 kB
dist/assets/emailPreferences-BIz5LsS3.js                  2.14 kB │ gzip:   0.80 kB
dist/assets/routeHelper-CPEn9poY.js                       2.22 kB │ gzip:   0.96 kB
dist/assets/SeoMeta-DWpg4T0Z.js                           2.26 kB │ gzip:   0.82 kB
dist/assets/Writing-BGHdvltL.js                           2.27 kB │ gzip:   1.03 kB
dist/assets/Writing-G2Sfl35E.js                           2.35 kB │ gzip:   1.05 kB
dist/assets/HocTiengAnhMienPhiPage-BrkBDY9q.js            2.37 kB │ gzip:   1.13 kB
dist/assets/LoiTiengAnhNguoiVietHaySaiPage-CtuOXxiP.js    2.37 kB │ gzip:   1.19 kB
dist/assets/SuaPhatAmTiengAnhPage-Cc8PqoZN.js             2.37 kB │ gzip:   1.20 kB
dist/assets/ResumePage-C5WMyfNb.js                        2.42 kB │ gzip:   1.26 kB
dist/assets/HocTiengAnhChoNguoiVietPage-BP7qO2Hi.js       2.51 kB │ gzip:   1.20 kB
dist/assets/band-descriptors-BUj5-KbU.js                  2.52 kB │ gzip:   1.07 kB
dist/assets/PhongVanTiengAnhPage-zoZr3nsE.js              2.55 kB │ gzip:   1.24 kB
dist/assets/repository-7kEPVV0i.js                        2.57 kB │ gzip:   0.97 kB
dist/assets/globalShortcuts-B0fCd8H7.js                   2.57 kB │ gzip:   1.18 kB
dist/assets/TOEFLSpeakingPage-CLUwQmhg.js                 2.61 kB │ gzip:   1.16 kB
dist/assets/eligibility-CosP_FnN.js                       2.64 kB │ gzip:   1.25 kB
dist/assets/VNCulturalIndexPage-F3qgUwX5.js               2.66 kB │ gzip:   1.24 kB
dist/assets/sample-questions-LaUfjR4R.js                  2.73 kB │ gzip:   1.46 kB
dist/assets/JoinCorporatePage-BoEvn1Uz.js                 2.75 kB │ gzip:   1.46 kB
dist/assets/Speaking-buBzX6oK.js                          2.80 kB │ gzip:   1.25 kB
dist/assets/authUI-C3mSqW7q.js                            2.87 kB │ gzip:   1.07 kB
dist/assets/MySubmissionsPage-mj47a880.js                 2.97 kB │ gzip:   1.32 kB
dist/assets/studyGroupClient-C2WM2f7g.js                  3.00 kB │ gzip:   1.02 kB
dist/assets/catalog-FOmoL3mz.js                           3.07 kB │ gzip:   1.09 kB
dist/assets/CreateGroupPage-CKgB7bQ2.js                   3.08 kB │ gzip:   1.37 kB
dist/assets/streakCopy-PS0xjhth.js                        3.10 kB │ gzip:   1.56 kB
dist/assets/WhoForPage-Di4xnXtS.js                        3.12 kB │ gzip:   1.42 kB
dist/assets/IELTSListeningPage-SZ9HOr51.js                3.18 kB │ gzip:   1.29 kB
dist/assets/TOEICIndexPage-D9GbRTil.js                    3.21 kB │ gzip:   1.39 kB
dist/assets/TOEFLListeningPage-D9C0UZ24.js                3.22 kB │ gzip:   1.29 kB
dist/assets/Referral-CfdIFv5P.js                          3.28 kB │ gzip:   1.43 kB
dist/assets/IELTSEstimatorPage-ByJIhVD9.js                3.31 kB │ gzip:   1.24 kB
dist/assets/toaster-CKp9iZG2.js                           3.33 kB │ gzip:   1.26 kB
dist/assets/MyGiftsPage-7Kphw-HV.js                       3.34 kB │ gzip:   1.43 kB
dist/assets/MilestoneObserver-CqOywKHz.js                 3.37 kB │ gzip:   1.25 kB
dist/assets/GroupsIndex-C41ELll2.js                       3.40 kB │ gzip:   1.46 kB
dist/assets/giftSubscriptionClient-CVsxPAcV.js            3.43 kB │ gzip:   1.31 kB
dist/assets/IELTSIndexPage-Cf0PnSvH.js                    3.43 kB │ gzip:   1.40 kB
dist/assets/TOEFLIndexPage-CKJcqHWy.js                    3.44 kB │ gzip:   1.41 kB
dist/assets/AdminPaymentsPage-DGNFbiGW.js                 3.50 kB │ gzip:   1.42 kB
dist/assets/displayPrices-Bu3N-RS3.js                     3.50 kB │ gzip:   1.43 kB
dist/assets/ReviewQueue-hihJa9pp.js                       3.51 kB │ gzip:   1.60 kB
dist/assets/WritingTopic-Dyu8jodD.js                      3.51 kB │ gzip:   1.19 kB
dist/assets/Listening-DyP5YC5t.js                         3.55 kB │ gzip:   1.41 kB
dist/assets/Listening-gdFNA5k0.js                         3.56 kB │ gzip:   1.44 kB
dist/assets/ShortcutHelpOverlay-BJvf_fQk.js               3.65 kB │ gzip:   1.71 kB
dist/assets/sentenceSubmission-DA2r0MYj.js                3.68 kB │ gzip:   1.37 kB
dist/assets/PendingSentencesPage-CZj0_jVi.js              3.70 kB │ gzip:   1.62 kB
dist/assets/VSTEPIndexPage-Cp_Ur7Zr.js                    3.75 kB │ gzip:   1.60 kB
dist/assets/roomJsonResolver-D0Y4KuAb.js                  3.76 kB │ gzip:   1.63 kB
dist/assets/Speaking-DWLAxOQv.js                          3.86 kB │ gzip:   1.70 kB
dist/assets/AcceptInvite-B4iZi9fK.js                      3.87 kB │ gzip:   1.62 kB
dist/assets/IELTSReadingPage-CBhSUPG2.js                  3.88 kB │ gzip:   1.51 kB
dist/assets/FrenchLessonsPage-CoTFX-84.js                 3.89 kB │ gzip:   1.85 kB
dist/assets/corporateClient-D2ahdEZV.js                   3.89 kB │ gzip:   1.48 kB
dist/assets/curriculumTracker-Cu19fKrw.js                 3.90 kB │ gzip:   1.51 kB
dist/assets/VietnameseLessonsPage-D5Y_IxAb.js             3.92 kB │ gzip:   1.73 kB
dist/assets/LeaderboardPage-CCX0J38z.js                   3.96 kB │ gzip:   1.49 kB
dist/assets/TOEFLReadingPage-RoZv4DG0.js                  3.97 kB │ gzip:   1.40 kB
dist/assets/useEntitlements-CNnJVFOX.js                   3.98 kB │ gzip:   1.61 kB
dist/assets/ReadingPassage-BTNceN3o.js                    4.02 kB │ gzip:   1.55 kB
dist/assets/ReadingPassage-Bj3FglCE.js                    4.05 kB │ gzip:   1.55 kB
dist/assets/MockInterviewIndex-CkTLKMp0.js                4.12 kB │ gzip:   1.72 kB
dist/assets/WelcomePage-DWjHFeAv.js                       4.22 kB │ gzip:   1.99 kB
dist/assets/Reading-CdINrP4C.js                           4.22 kB │ gzip:   1.64 kB
dist/assets/Reading-DMF6oq-9.js                           4.27 kB │ gzip:   1.66 kB
dist/assets/Terms-C9Vjvb9i.js                             4.31 kB │ gzip:   1.84 kB
dist/assets/BlogIndex-CRkYbUgQ.js                         4.31 kB │ gzip:   1.85 kB
dist/assets/VNCulturalPackPage-Cpx7z38Y.js                4.38 kB │ gzip:   1.44 kB
dist/assets/WritingTopic-CAu2k4vn.js                      4.42 kB │ gzip:   1.39 kB
dist/assets/MercyAnswerFeedback-DAeo-YcB.js               4.58 kB │ gzip:   2.07 kB
dist/assets/referralLeaderboardCopy-BlvTFv9S.js           4.69 kB │ gzip:   2.05 kB
dist/assets/SpeakingTopic-B2NHScIJ.js                     4.70 kB │ gzip:   1.37 kB
dist/assets/RedeemGiftPage-fcDv8HSA.js                    4.71 kB │ gzip:   1.95 kB
dist/assets/weeklyLeaderboardCopy-DbOLG6Ym.js             4.72 kB │ gzip:   2.13 kB
dist/assets/KoreanLessonsPage-CNA6CVVH.js                 4.81 kB │ gzip:   2.18 kB
dist/assets/FeedbackTriagePage-DpzQQln5.js                4.81 kB │ gzip:   1.99 kB
dist/assets/ChineseLessonsPage-t6IevlEG.js                4.88 kB │ gzip:   2.14 kB
dist/assets/iap-BLD2Ev5V.js                               4.94 kB │ gzip:   1.87 kB
dist/assets/ProfessionsIndexPage-P2gNmEJz.js              4.97 kB │ gzip:   2.02 kB
dist/assets/TOEICPaywallGate-Ah4IUXEw.js                  5.01 kB │ gzip:   2.10 kB
dist/assets/costMonitoring-CKC3j7Rl.js                    5.12 kB │ gzip:   1.94 kB
dist/assets/JapaneseLessonsPage-C0K_9Sri.js               5.14 kB │ gzip:   2.31 kB
dist/assets/PremiumGate-CKIa9wuj.js                       5.16 kB │ gzip:   2.19 kB
dist/assets/GermanLessonsPage-BiqSzmjm.js                 5.16 kB │ gzip:   2.20 kB
dist/assets/incidentLog-CbSv5Kmh.js                       5.21 kB │ gzip:   2.10 kB
dist/assets/MonthlyReferralLeaderboard-B-n6t1zi.js        5.24 kB │ gzip:   1.89 kB
dist/assets/Library-JGzTcMrF.js                           5.27 kB │ gzip:   2.26 kB
dist/assets/IELTSWritingPage-DX5P94CC.js                  5.31 kB │ gzip:   2.09 kB
dist/assets/ChallengeHistoryPage-CVLVc4ql.js              5.33 kB │ gzip:   2.10 kB
dist/assets/PublicProfilePage-Dh4uFrnI.js                 5.35 kB │ gzip:   2.14 kB
dist/assets/PurchaseGiftPage-CqTB8bZO.js                  5.35 kB │ gzip:   2.26 kB
dist/assets/InterviewSessionPage-DF9MCOsz.js              5.38 kB │ gzip:   2.02 kB
dist/assets/GroupPage-CmHQnJBQ.js                         5.43 kB │ gzip:   2.24 kB
dist/assets/BillingSuccessPage-DI6_0wI5.js                5.43 kB │ gzip:   2.23 kB
dist/assets/WritingPracticePage-BRtyUPNH.js               5.51 kB │ gzip:   2.00 kB
dist/assets/StoryModeration-D8_evVIJ.js                   5.57 kB │ gzip:   2.02 kB
dist/assets/ContentAdvisory--1VkEYru.js                   5.57 kB │ gzip:   2.45 kB
dist/assets/BehavioralAnalytics-D2JerVks.js               5.70 kB │ gzip:   2.38 kB
dist/assets/Unsubscribe-CZUuJQUL.js                       5.73 kB │ gzip:   2.16 kB
dist/assets/LanguagesIndexPage-DcwzoClX.js                5.75 kB │ gzip:   2.12 kB
dist/assets/WeeklyDigest--iQ_xMJq.js                      5.75 kB │ gzip:   2.14 kB
dist/assets/SpeakingTopic--YPgHVDI.js                     5.81 kB │ gzip:   1.87 kB
dist/assets/AdminFeedbackPage-o2HY7O__.js                 5.82 kB │ gzip:   2.00 kB
dist/assets/Stories-CEomLqjz.js                           5.97 kB │ gzip:   2.28 kB
dist/assets/DeveloperPortalPage-CPX6AhEy.js               6.01 kB │ gzip:   2.46 kB
dist/assets/CreateCorporatePage-CoWlDZJS.js               6.01 kB │ gzip:   2.17 kB
dist/assets/StoryDetail-CnkJl7ic.js                       6.04 kB │ gzip:   2.48 kB
dist/assets/ContributeSentencePage-84bD_J47.js            6.07 kB │ gzip:   2.24 kB
dist/assets/PublicRoadmapPage-CZCdsQ7Y.js                 6.07 kB │ gzip:   2.43 kB
dist/assets/XPHistoryPage-CSOKMnEw.js                     6.08 kB │ gzip:   2.37 kB
dist/assets/InterviewPromptsModeration-L2rJjqFC.js        6.16 kB │ gzip:   2.13 kB
dist/assets/DailyChallengePage-C6zRJVul.js                6.32 kB │ gzip:   2.56 kB
dist/assets/Library-CS2PW0cJ.js                           6.39 kB │ gzip:   2.47 kB
dist/assets/ApplyReferralCodeForm-DIHFcH48.js             6.46 kB │ gzip:   2.55 kB
dist/assets/practiceRecommendations-CPxpgQh-.js           6.55 kB │ gzip:   2.78 kB
dist/assets/ReviewItem-DpqdsK6I.js                        6.58 kB │ gzip:   2.68 kB
dist/assets/PlacementEnduranceDashboard-VkLMeLbP.js       6.58 kB │ gzip:   2.16 kB
dist/assets/TOEICEstimatorPage-Bynh4HSf.js                6.60 kB │ gzip:   2.82 kB
dist/assets/heatmapInsights-BpyqfE1s.js                   6.64 kB │ gzip:   2.55 kB
dist/assets/speechProgress-RTYzyMRU.js                    6.71 kB │ gzip:   2.43 kB
dist/assets/CommunityPrompts-BREjyV5-.js                  6.77 kB │ gzip:   2.52 kB
dist/assets/interviewSession-TULxey9S.js                  6.78 kB │ gzip:   2.81 kB
dist/assets/NotificationPreferences-DfUuIYyV.js           6.90 kB │ gzip:   3.05 kB
dist/assets/scoreEssay-C4ZXJR2w.js                        6.90 kB │ gzip:   3.08 kB
dist/assets/ShareProgressPage-9MTrA0EX.js                 6.99 kB │ gzip:   2.72 kB
dist/assets/Aal2Challenge-DTn685wp.js                     7.36 kB │ gzip:   3.01 kB
dist/assets/BlogPost-BNiMDzxr.js                          7.40 kB │ gzip:   2.72 kB
dist/assets/TeacherFeedbackTriage-DYT8VWvw.js             7.46 kB │ gzip:   2.60 kB
dist/assets/SloDetail-DrA4JMTy.js                         7.46 kB │ gzip:   2.79 kB
dist/assets/RecoverWith2FA-BFDxQE4P.js                    7.48 kB │ gzip:   2.92 kB
dist/assets/IELTSSpeakingPage-Bvx9v4LL.js                 7.54 kB │ gzip:   2.35 kB
dist/assets/VSTEPSpeakingPage-CkA4Dqdu.js                 7.54 kB │ gzip:   2.55 kB
dist/assets/CorporateDashboardPage-CqMhXAqe.js            7.55 kB │ gzip:   2.71 kB
dist/assets/InterviewSummaryPage-BL6d97W6.js              7.57 kB │ gzip:   2.68 kB
dist/assets/CertificatesGalleryPage-DAfcbV1U.js           7.73 kB │ gzip:   2.92 kB
dist/assets/ListeningItem-BMN1dnRW.js                     7.80 kB │ gzip:   2.55 kB
dist/assets/SeoTopicPage-Ce1na0Va.js                      8.29 kB │ gzip:   2.69 kB
dist/assets/NailTechnicianPage-DHeFhvbn.js                8.35 kB │ gzip:   2.65 kB
dist/assets/FrontendPerformance-CEGwUMNH.js               8.47 kB │ gzip:   3.18 kB
dist/assets/ReviewSession-DXf0up-C.js                     8.49 kB │ gzip:   3.15 kB
dist/assets/ConvertAccount-B1ThRrTm.js                    8.51 kB │ gzip:   3.02 kB
dist/assets/ResultsPage-zSv4NvAj.js                       8.56 kB │ gzip:   2.63 kB
dist/assets/ListeningItem-B8nwDdj-.js                     8.68 kB │ gzip:   2.97 kB
dist/assets/SloDashboard-D1DwRZl1.js                      8.71 kB │ gzip:   3.00 kB
dist/assets/memory-OZ9ufvuv.js                            8.84 kB │ gzip:   2.68 kB
dist/assets/AudioCoveragePage-DC_AGLGH.js                 8.85 kB │ gzip:   2.86 kB
dist/assets/clientStub-C5rqkKLo.js                        8.87 kB │ gzip:   3.76 kB
dist/assets/RetentionDashboard-D7zhZvtB.js                9.34 kB │ gzip:   3.77 kB
dist/assets/Submit-DJTNdxeT.js                            9.70 kB │ gzip:   3.23 kB
dist/assets/ResetPasswordPage-DzKtA04L.js                 9.73 kB │ gzip:   3.83 kB
dist/assets/MarketingLandingPage-BA7_ddO6.js              9.82 kB │ gzip:   3.42 kB
dist/assets/tierRoomSource-DXCHHhGw.js                    9.86 kB │ gzip:   2.92 kB
dist/assets/FeatureFlagsAdmin-DEErdVoW.js                 9.90 kB │ gzip:   3.39 kB
dist/assets/OnboardingPage-CJz6SzBb.js                   10.20 kB │ gzip:   3.48 kB
dist/assets/TOEFLEstimatorPage-Bp6Dixoo.js               10.29 kB │ gzip:   3.36 kB
dist/assets/ClipPlayer-Cr1JbLIh.js                       10.39 kB │ gzip:   3.67 kB
dist/assets/CostMonitoring-De_HYxg3.js                   10.51 kB │ gzip:   3.94 kB
dist/assets/TierDetail-Br10YQb-.js                       11.09 kB │ gzip:   3.75 kB
dist/assets/LatencyMonitoring-Zgp9wms0.js                11.21 kB │ gzip:   3.83 kB
dist/assets/PushPreferences-DzCkpTw5.js                  11.41 kB │ gzip:   3.99 kB
dist/assets/ShareStory-Ch7gfH_Q.js                       11.58 kB │ gzip:   3.62 kB
dist/assets/Enable2FA-DiFaXmvj.js                        11.65 kB │ gzip:   4.27 kB
dist/assets/SpeechHistoryPage-7O50Yfj1.js                11.66 kB │ gzip:   4.29 kB
dist/assets/Support-CYVXt1iS.js                          11.67 kB │ gzip:   4.22 kB
dist/assets/AdminAccessCodes-CpvXXqnR.js                 11.72 kB │ gzip:   4.07 kB
dist/assets/TalkingFacePlayButton-DnqCbNMQ.js            11.81 kB │ gzip:   3.60 kB
dist/assets/mercy-german-tab-BG5qiKcc.js                 11.85 kB │ gzip:   4.24 kB
dist/assets/SecuritySettings-DEtRu4VL.js                 11.95 kB │ gzip:   4.27 kB
dist/assets/BulkInvite-C81W_VUR.js                       12.05 kB │ gzip:   4.30 kB
dist/assets/PlacementV2Page-BWd2OgpU.js                  12.17 kB │ gzip:   4.37 kB
dist/assets/PhonemeDrillPage-DLNW_2GO.js                 12.35 kB │ gzip:   4.43 kB
dist/assets/SpanishLessonsPage-DMaAZsfI.js               12.91 kB │ gzip:   5.19 kB
dist/assets/Practice-CRTYrgYK.js                         13.17 kB │ gzip:   4.39 kB
dist/assets/Billing-CVY91Sae.js                          14.35 kB │ gzip:   4.84 kB
dist/assets/BottomMusicBar-Bj0i4aE9.js                   14.38 kB │ gzip:   4.45 kB
dist/assets/AdminSubscriptions-DhQeo5Bu.js               14.77 kB │ gzip:   4.40 kB
dist/assets/mercy-french-tab-3hX4wvD6.js                 14.83 kB │ gzip:   5.35 kB
dist/assets/WritingPracticeSessionPage-8CQvE5gD.js       15.45 kB │ gzip:   5.10 kB
dist/assets/TOEICPracticePage-CxnJh6ZG.js                15.89 kB │ gzip:   6.32 kB
dist/assets/PronunciationSRSSessionPage-DqQyKm_O.js      16.47 kB │ gzip:   5.39 kB
dist/assets/FamilyPlanPage-CQIS1bZq.js                   16.49 kB │ gzip:   4.95 kB
dist/assets/SpeechDrill-DiUzR5pK.js                      16.77 kB │ gzip:   5.92 kB
dist/assets/RoomLoadDiagnostics-CdgcdXjM.js              16.82 kB │ gzip:   4.58 kB
dist/assets/dailyChallenge-Dot87mcJ.js                   17.21 kB │ gzip:   5.03 kB
dist/assets/blogManifest-ck92OIa_.js                     17.62 kB │ gzip:   7.06 kB
dist/assets/TestPage-DesaQc8G.js                         18.07 kB │ gzip:   5.66 kB
dist/assets/LessonRenderer-Bf8VhrwL.js                   18.84 kB │ gzip:   5.18 kB
dist/assets/MercyThreadPage-Ba-di4HS.js                  19.14 kB │ gzip:   6.67 kB
dist/assets/AdminDashboard-37V8Y5vq.js                   19.89 kB │ gzip:   6.39 kB
dist/assets/vendor-datefns-CBpsKyOP.js                   20.37 kB │ gzip:   5.72 kB
dist/assets/CertVerifyPage-ZOgD8Y3F.js                   20.43 kB │ gzip:   6.36 kB
dist/assets/AdminAnalyticsPage-ChnVtB-k.js               21.35 kB │ gzip:   6.86 kB
dist/assets/Privacy-GTUQVzxH.js                          22.28 kB │ gzip:   7.74 kB
dist/assets/MockInterviewRoom-BodL4A1s.js                22.65 kB │ gzip:   6.74 kB
dist/assets/TierIndex-DdPhIyWO.js                        23.04 kB │ gzip:   6.54 kB
dist/assets/writing-topics-SNqyTAmi.js                   23.60 kB │ gzip:   8.01 kB
dist/assets/prompts-D7CnRMx8.js                          24.14 kB │ gzip:   8.50 kB
dist/assets/index-BkWw5-xZ.js                            25.92 kB │ gzip:   9.08 kB
dist/assets/Progress-BDYlsa0W.js                         27.16 kB │ gzip:   8.29 kB
dist/assets/VSTEPListeningPage-BQwUbj8w.js               29.96 kB │ gzip:  10.74 kB
dist/assets/roomManifest-Bd9v2IoV.js                     30.54 kB │ gzip:   5.19 kB
dist/assets/LoginPage-s06vxNRm.js                        32.51 kB │ gzip:   9.93 kB
dist/assets/VSTEPWritingPage-FY2mowtR.js                 33.04 kB │ gzip:  12.24 kB
dist/assets/mercy-guide-panel-CdPd8xsP.js                33.33 kB │ gzip:  10.45 kB
dist/assets/vendor-sonner-Ce-psCVG.js                    33.83 kB │ gzip:   9.51 kB
dist/assets/scenarios-BXd4sg9r.js                        34.57 kB │ gzip:  12.94 kB
dist/assets/VSTEPReadingPage-Co-60RC9.js                 36.65 kB │ gzip:  13.26 kB
dist/assets/AdminUsersPage-CWu7lUqU.js                   37.59 kB │ gzip:   9.26 kB
dist/assets/reading-passages-BswYlfrN.js                 40.39 kB │ gzip:  14.03 kB
dist/assets/writing-topics-DudPD1Cp.js                   40.66 kB │ gzip:  14.47 kB
dist/assets/mercy-logic-tab-Bgb2rJSI.js                  43.68 kB │ gzip:  11.48 kB
dist/assets/Pricing-Br9lMuJL.js                          45.77 kB │ gzip:  13.64 kB
dist/assets/index-eN4_V1R2.js                            46.46 kB │ gzip:  13.35 kB
dist/assets/AccountPage-CcLwDgB6.js                      48.64 kB │ gzip:  14.94 kB
dist/assets/micro-lessons-Cp77RWuJ.js                    53.17 kB │ gzip:  15.62 kB
dist/assets/NailTechLessonsPage-Chx92d_5.js              53.59 kB │ gzip:  17.06 kB
dist/assets/listeningProgress-DNBh2Wfc.js                58.16 kB │ gzip:  18.62 kB
dist/assets/RestaurantLessonsPage-CB6AnR2-.js            60.29 kB │ gzip:  19.34 kB
dist/assets/vendor-zod-C8aw77wn.js                       60.65 kB │ gzip:  16.47 kB
dist/assets/speaking-topics-Cn93kJRg.js                  60.99 kB │ gzip:  20.26 kB
dist/assets/mercy-teacher-tab-DvjIFpmd.js                61.53 kB │ gzip:  19.35 kB
dist/assets/speaking-topics-RRxh1PQl.js                  65.47 kB │ gzip:  18.98 kB
dist/assets/CustomerServiceLessonsPage-UrzMjm_Q.js       65.73 kB │ gzip:  20.62 kB
dist/assets/HospitalityLessonsPage-QENTdBSb.js           66.12 kB │ gzip:  22.33 kB
dist/assets/Home-D4ncW4pT.js                             66.52 kB │ gzip:  18.65 kB
dist/assets/HealthcareLessonsPage-BwtCZiTO.js            67.82 kB │ gzip:  21.76 kB
dist/assets/DriversLessonsPage-Dqqb3Bvm.js               67.83 kB │ gzip:  22.42 kB
dist/assets/practice-items-CT8gNmWC.js                   71.27 kB │ gzip:  23.31 kB
dist/assets/TechWorkerLessonsPage-C_amSUPJ.js            72.06 kB │ gzip:  24.30 kB
dist/assets/listening-items-qrBAhMXK.js                  72.99 kB │ gzip:  24.51 kB
dist/assets/mercy-guide-CSaySkaj.js                      74.30 kB │ gzip:  24.42 kB
dist/assets/RoleplayPage-DaV0o9i7.js                     82.15 kB │ gzip:  29.19 kB
dist/assets/mercy-grammar-tab-D7nTDsWR.js                82.86 kB │ gzip:  25.87 kB
dist/assets/WritingFeedbackPage-kZaMtnyR.js              84.73 kB │ gzip:  26.88 kB
dist/assets/culturalPackSchema-CfcU5nD1.js               85.64 kB │ gzip:  30.32 kB
dist/assets/ChatHub-RZqtkNLr.js                          92.41 kB │ gzip:  26.04 kB
dist/assets/speaking-topics-CrgjvUuK.js                  94.76 kB │ gzip:  30.97 kB
dist/assets/SpeechDrillPage-Djw-7Ett.js                  99.92 kB │ gzip:  25.73 kB
dist/assets/mercy-speak-tab-CBpXo-0z.js                 108.15 kB │ gzip:  33.76 kB
dist/assets/listening-items-CJGjpifD.js                 108.99 kB │ gzip:  34.96 kB
dist/assets/index-DKzD6TNN.js                           110.09 kB │ gzip:  32.03 kB
dist/assets/reading-passages-C_pSuFzd.js                113.99 kB │ gzip:  35.35 kB
dist/assets/professional-scenarios-C4BkpGGT.js          120.88 kB │ gzip:  38.34 kB
dist/assets/react-B-m70iF_.js                           145.73 kB │ gzip:  46.73 kB
dist/assets/ui-BoL7pIL4.js                              155.89 kB │ gzip:  43.25 kB
dist/assets/vendor-BlTkC1e9.js                          167.48 kB │ gzip:  53.74 kB
dist/assets/supabase-o8zm2xNm.js                        191.56 kB │ gzip:  50.47 kB
dist/assets/charts-Bt-ClodN.js                          362.06 kB │ gzip: 104.53 kB
dist/assets/sentry-BpDC98XP.js                          472.94 kB │ gzip: 155.62 kB
✓ built in 12.04s

PWA v1.2.0
mode      generateSW
precache  55 entries (1215.39 KiB)
files generated
  dist/sw.js
  dist/workbox-92be1bcf.js
