npx vitest run src/lib/pronunciation/__tests__/step7AzureSmoke.test.tsx -t "keeps no-Azure fallback scoring, tone, and Speak display safe"
exitCode=0

STDOUT

 RUN  v3.2.4 /Users/admin/MercyB

stdout | src/lib/pronunciation/__tests__/step7AzureSmoke.test.tsx
[MB] Debug hooks attached {
  supabaseUrl: [32m'https://buemdfxyhxunzpgdoqin.supabase.co'[39m,
  projectId: [32m'buemdfxyhxunzpgdoqin'[39m,
  storageKey: [32m'mb-supabase-auth-buemdfxyhxunzpgdoqin'[39m,
  hasAnonKey: [33mtrue[39m,
  anonKeyPrefix: [32m'eyJhbGciOiJIUzI1Ni…'[39m,
  isDev: [33mtrue[39m,
  devtools: [
    [32m'window.__MB_SUPABASE__'[39m,
    [32m'window.__MB_ENV__?.()'[39m,
    [32m'await window.__MB_JWT__?.()'[39m,
    [32m'await window.__MB_SESSION__?.()'[39m
  ]
}

 ✓ src/lib/pronunciation/__tests__/step7AzureSmoke.test.tsx (9 tests | 8 skipped) 17ms

 Test Files  1 passed (1)
      Tests  1 passed | 8 skipped (9)
   Start at  11:44:26
   Duration  1.14s (transform 151ms, setup 69ms, collect 259ms, tests 17ms, environment 395ms, prepare 33ms)



STDERR
