
> mercyblade@0.0.0 test:e2e
> playwright test -c playwright.smoke.config.ts placement-v3-vertical --workers=1 --repeat-each=5

[2m[WebServer] [22m(node:82928) Warning: The 'NO_COLOR' env is ignored due to the 'FORCE_COLOR' env being set.
[2m[WebServer] [22m(Use `node --trace-warnings ...` to show where the warning was created)

Running 5 tests using 1 worker

(node:82935) Warning: The 'NO_COLOR' env is ignored due to the 'FORCE_COLOR' env being set.
(Use `node --trace-warnings ...` to show where the warning was created)
(node:82935) Warning: The 'NO_COLOR' env is ignored due to the 'FORCE_COLOR' env being set.
(Use `node --trace-warnings ...` to show where the warning was created)
  ✓  1 [chromium] › tests/e2e/placement-v3-vertical.spec.ts:44:3 › placement v3 end-to-end vertical › runs UI client, session orchestrator, graders, recommender, results, and persistence (14.7s)
(node:83483) Warning: The 'NO_COLOR' env is ignored due to the 'FORCE_COLOR' env being set.
(Use `node --trace-warnings ...` to show where the warning was created)
(node:83483) Warning: The 'NO_COLOR' env is ignored due to the 'FORCE_COLOR' env being set.
(Use `node --trace-warnings ...` to show where the warning was created)
  ✓  2 [chromium] › tests/e2e/placement-v3-vertical.spec.ts:44:3 › placement v3 end-to-end vertical › runs UI client, session orchestrator, graders, recommender, results, and persistence (4.2s)
(node:83644) Warning: The 'NO_COLOR' env is ignored due to the 'FORCE_COLOR' env being set.
(Use `node --trace-warnings ...` to show where the warning was created)
(node:83644) Warning: The 'NO_COLOR' env is ignored due to the 'FORCE_COLOR' env being set.
(Use `node --trace-warnings ...` to show where the warning was created)
  ✓  3 [chromium] › tests/e2e/placement-v3-vertical.spec.ts:44:3 › placement v3 end-to-end vertical › runs UI client, session orchestrator, graders, recommender, results, and persistence (4.1s)
(node:83869) Warning: The 'NO_COLOR' env is ignored due to the 'FORCE_COLOR' env being set.
(Use `node --trace-warnings ...` to show where the warning was created)
(node:83869) Warning: The 'NO_COLOR' env is ignored due to the 'FORCE_COLOR' env being set.
(Use `node --trace-warnings ...` to show where the warning was created)
  ✓  4 [chromium] › tests/e2e/placement-v3-vertical.spec.ts:44:3 › placement v3 end-to-end vertical › runs UI client, session orchestrator, graders, recommender, results, and persistence (4.2s)
(node:84172) Warning: The 'NO_COLOR' env is ignored due to the 'FORCE_COLOR' env being set.
(Use `node --trace-warnings ...` to show where the warning was created)
(node:84172) Warning: The 'NO_COLOR' env is ignored due to the 'FORCE_COLOR' env being set.
(Use `node --trace-warnings ...` to show where the warning was created)
  ✓  5 [chromium] › tests/e2e/placement-v3-vertical.spec.ts:44:3 › placement v3 end-to-end vertical › runs UI client, session orchestrator, graders, recommender, results, and persistence (4.3s)

  5 passed (35.2s)
