
> mercyblade@0.0.0 prebuild
> npm run rooms:check


> mercyblade@0.0.0 rooms:check
> npm run generate:room-registry && npm run validate-rooms:core


> mercyblade@0.0.0 generate:room-registry
> node scripts/generate-room-registry.mjs

Total JSON files: 485
Warnings (non-fatal): 0

Registry generated successfully

> mercyblade@0.0.0 validate-rooms:core
> MB_VALIDATE_CORE_ONLY=1 node scripts/validate-rooms.mjs

Total ROOM JSON files (public/data/*.json): 485
Mode: CORE_ONLY
Warnings (non-fatal): 30
Errors: 0

Warning breakdown (non-fatal — backlog, not gate):
- PLACEHOLDER_EN_TITLE: 30
✅ validate-rooms: PASS

> mercyblade@0.0.0 build
> node scripts/generate-version.js && npm run generate:audio-manifest && npm run generate:sitemap && vite build

[version] Generated version.json: v2026-05-20-08 (3bb09c224)

> mercyblade@0.0.0 generate:audio-manifest
> node scripts/generate-audio-manifest.mjs

Scanning public/audio for .mp3 files...
✅ Audio manifest generated
   Total .mp3 files: 0

> mercyblade@0.0.0 generate:sitemap
> tsx scripts/generate-sitemap.ts

[sitemap] wrote 83 URLs to /private/tmp/b1-test-stability-push.VtLu79/public/sitemap.xml
vite v6.4.2 building for production...
transforming...
[plugin vite:dynamic-import-vars] src/components/mercy-guide/kidsDataLoader.ts: invalid import "./kids/kidPage${pageNumber}Data". A file extension must be included in the static part of the import. For example: import(`./foo/${bar}.js`).
✓ 3945 modules transformed.
Circular chunk: mercy-grammar-tab -> mercy-guide -> mercy-grammar-tab. Please adjust the manual chunk logic for these chunks.
Circular chunk: mercy-grammar-tab -> mercy-speak-tab -> mercy-grammar-tab. Please adjust the manual chunk logic for these chunks.
rendering chunks...
[plugin vite:reporter] 
(!) /private/tmp/b1-test-stability-push.VtLu79/src/config/slos.ts is dynamically imported by /private/tmp/b1-test-stability-push.VtLu79/src/lib/admin/errorBudget.ts but also statically imported by /private/tmp/b1-test-stability-push.VtLu79/src/lib/admin/errorBudget.ts, /private/tmp/b1-test-stability-push.VtLu79/src/lib/admin/incidentLog.ts, /private/tmp/b1-test-stability-push.VtLu79/src/pages/admin/SloDashboard.tsx, /private/tmp/b1-test-stability-push.VtLu79/src/pages/admin/SloDetail.tsx, dynamic import will not move module into another chunk.

computing gzip size...
dist/manifest.webmanifest                                 0.47 kB
dist/index.html                                           6.87 kB │ gzip:   2.36 kB
dist/assets/index-bCwIq8Td.css                          186.51 kB │ gzip:  26.59 kB
dist/assets/awardXPEventBus-BMZcGmrB.js                   0.04 kB │ gzip:   0.06 kB
dist/assets/PremiumGate-D0_oHLyH.js                       0.12 kB │ gzip:   0.12 kB
dist/assets/nativeContent-B2HrFNpS.js                     0.14 kB │ gzip:   0.11 kB
dist/assets/eventBus-CV2aPw6-.js                          0.14 kB │ gzip:   0.14 kB
dist/assets/AllRooms-BLuMbYK3.js                          0.16 kB │ gzip:   0.16 kB
dist/assets/chromeLanguage-C4Cnvyil.js                    0.22 kB │ gzip:   0.18 kB
dist/assets/mfaEligibility-DTlR_2ck.js                    0.31 kB │ gzip:   0.18 kB
dist/assets/BilingualLabel-ssKXrExc.js                    0.34 kB │ gzip:   0.23 kB
dist/assets/usePlacementResume-B5CtgYKQ.js                0.42 kB │ gzip:   0.30 kB
dist/assets/GlobalNavigationShortcuts-D6VuIrJf.js         0.42 kB │ gzip:   0.29 kB
dist/assets/MercyUnifiedPage-DhjSmhzG.js                  0.46 kB │ gzip:   0.33 kB
dist/assets/usePlacementSessionV3-CxncPA_n.js             0.46 kB │ gzip:   0.32 kB
dist/assets/NativeDeepLinkListener-B5bd88Zq.js            0.55 kB │ gzip:   0.38 kB
dist/assets/types-CNSnfwnr.js                             0.56 kB │ gzip:   0.39 kB
dist/assets/AccessibleToast-MLWyHq8I.js                   0.58 kB │ gzip:   0.37 kB
dist/assets/levels-C_c6gItW.js                            0.58 kB │ gzip:   0.35 kB
dist/assets/telemetry-C1iJM5ry.js                         0.63 kB │ gzip:   0.33 kB
dist/assets/LoadingPlaceholder-DtTv9iVk.js                0.68 kB │ gzip:   0.47 kB
dist/assets/configHealth-CwsDNMMh.js                      0.70 kB │ gzip:   0.44 kB
dist/assets/badge-D5DbFRUZ.js                             0.78 kB │ gzip:   0.41 kB
dist/assets/authGuard-Bc35wEm1.js                         0.84 kB │ gzip:   0.48 kB
dist/assets/SentrySmokeTest-B5VJ2h9N.js                   0.88 kB │ gzip:   0.52 kB
dist/assets/types-DegwkW2O.js                             0.89 kB │ gzip:   0.54 kB
dist/assets/clarity-M0M8d1nw.js                           0.97 kB │ gzip:   0.56 kB
dist/assets/perfBudget-ms5FPM2Q.js                        1.00 kB │ gzip:   0.56 kB
dist/assets/card-BvnauhlB.js                              1.03 kB │ gzip:   0.40 kB
dist/assets/AndroidBackButton-DP7i6OtS.js                 1.05 kB │ gzip:   0.66 kB
dist/assets/NativeBootstrap-C9j7rwrF.js                   1.07 kB │ gzip:   0.55 kB
dist/assets/useAudioUrl--0G1HYRx.js                       1.10 kB │ gzip:   0.50 kB
dist/assets/types-DmPqmEQh.js                             1.11 kB │ gzip:   0.65 kB
dist/assets/tierFromRoomId-DhrhdCs3.js                    1.12 kB │ gzip:   0.37 kB
dist/assets/rpc-DhksWPcm.js                               1.26 kB │ gzip:   0.53 kB
dist/assets/TOEFLCopy-CscZyHry.js                         1.30 kB │ gzip:   0.66 kB
dist/assets/ga4-8gCQrEqG.js                               1.37 kB │ gzip:   0.74 kB
dist/assets/utm-C0N-EelT.js                               1.37 kB │ gzip:   0.63 kB
dist/assets/logs-BAd2BtUm.js                              1.43 kB │ gzip:   0.75 kB
dist/assets/SeoLayout-Bdo6zzRi.js                         1.44 kB │ gzip:   0.66 kB
dist/assets/pixel-CsmkCB6n.js                             1.46 kB │ gzip:   0.76 kB
dist/assets/SkipConfirmPage-CSjwxeAG.js                   1.49 kB │ gzip:   0.82 kB
dist/assets/table-B9LiGGQq.js                             1.53 kB │ gzip:   0.54 kB
dist/assets/nativeOAuth-D155bMIj.js                       1.59 kB │ gzip:   0.81 kB
dist/assets/TeacherRoute-B71yeB7B.js                      1.64 kB │ gzip:   0.86 kB
dist/assets/VstepTopicPage-B899BVD6.js                    1.64 kB │ gzip:   0.89 kB
dist/assets/IeltsTopicPage-3lYVufgJ.js                    1.68 kB │ gzip:   0.86 kB
dist/assets/webVitalsTracking-D0XZYz7X.js                 1.69 kB │ gzip:   0.93 kB
dist/assets/LevelUpModal-BKwFBsxE.js                      1.70 kB │ gzip:   0.93 kB
dist/assets/InterviewIndex-C6cggZAC.js                    1.72 kB │ gzip:   0.93 kB
dist/assets/drillGraduation-DJpImZ4z.js                   1.85 kB │ gzip:   0.70 kB
dist/assets/CertificateToast-DaGl1QmY.js                  2.02 kB │ gzip:   1.10 kB
dist/assets/ToeicTopicPage-CZxnuB-l.js                    2.05 kB │ gzip:   1.14 kB
dist/assets/TOEFLWritingPage-Bub9qq57.js                  2.06 kB │ gzip:   0.95 kB
dist/assets/familyInviteCopy-CaTzqY6t.js                  2.07 kB │ gzip:   0.98 kB
dist/assets/tiers-BBl1jcWq.js                             2.11 kB │ gzip:   0.65 kB
dist/assets/speechAttempts-CX9qoGTY.js                    2.13 kB │ gzip:   1.00 kB
dist/assets/emailPreferences-B9Xqjjde.js                  2.14 kB │ gzip:   0.80 kB
dist/assets/routeHelper-CPEn9poY.js                       2.22 kB │ gzip:   0.96 kB
dist/assets/SeoMeta-DWpg4T0Z.js                           2.26 kB │ gzip:   0.82 kB
dist/assets/Writing-BkyIqanf.js                           2.27 kB │ gzip:   1.03 kB
dist/assets/Writing-DGID31RD.js                           2.35 kB │ gzip:   1.05 kB
dist/assets/HocTiengAnhMienPhiPage-BrkBDY9q.js            2.37 kB │ gzip:   1.13 kB
dist/assets/LoiTiengAnhNguoiVietHaySaiPage-BDFK8wjO.js    2.37 kB │ gzip:   1.20 kB
dist/assets/SuaPhatAmTiengAnhPage-DeSgyyJo.js             2.37 kB │ gzip:   1.22 kB
dist/assets/ResumePage-B1n-4Toi.js                        2.42 kB │ gzip:   1.27 kB
dist/assets/HocTiengAnhChoNguoiVietPage-Icgu_p-s.js       2.51 kB │ gzip:   1.21 kB
dist/assets/band-descriptors-BUj5-KbU.js                  2.52 kB │ gzip:   1.08 kB
dist/assets/PhongVanTiengAnhPage-Dvzq1Ylv.js              2.55 kB │ gzip:   1.26 kB
dist/assets/repository-CZgG7TN1.js                        2.57 kB │ gzip:   0.97 kB
dist/assets/globalShortcuts-B0fCd8H7.js                   2.57 kB │ gzip:   1.19 kB
dist/assets/TOEFLSpeakingPage-DTkSEQ7m.js                 2.61 kB │ gzip:   1.16 kB
dist/assets/eligibility-Dj4dGuxY.js                       2.64 kB │ gzip:   1.25 kB
dist/assets/VNCulturalIndexPage-kQH5IAH1.js               2.66 kB │ gzip:   1.24 kB
dist/assets/sample-questions-LaUfjR4R.js                  2.73 kB │ gzip:   1.47 kB
dist/assets/JoinCorporatePage-BoA232h_.js                 2.75 kB │ gzip:   1.47 kB
dist/assets/Speaking-DkdpO1vg.js                          2.80 kB │ gzip:   1.25 kB
dist/assets/authUI-C3mSqW7q.js                            2.87 kB │ gzip:   1.07 kB
dist/assets/MySubmissionsPage-DENMRpBF.js                 2.97 kB │ gzip:   1.32 kB
dist/assets/studyGroupClient-BXtJsCet.js                  3.00 kB │ gzip:   1.01 kB
dist/assets/catalog-FOmoL3mz.js                           3.07 kB │ gzip:   1.09 kB
dist/assets/CreateGroupPage-CWnYqTHM.js                   3.08 kB │ gzip:   1.38 kB
dist/assets/streakCopy-qW0nK9tI.js                        3.10 kB │ gzip:   1.57 kB
dist/assets/WhoForPage-DqyaE1eO.js                        3.12 kB │ gzip:   1.42 kB
dist/assets/IELTSListeningPage-C77b4an-.js                3.18 kB │ gzip:   1.29 kB
dist/assets/TOEICIndexPage-DHZb9gm_.js                    3.21 kB │ gzip:   1.39 kB
dist/assets/TOEFLListeningPage-B0SBQf8i.js                3.22 kB │ gzip:   1.29 kB
dist/assets/Referral-Vc1wr0x9.js                          3.28 kB │ gzip:   1.43 kB
dist/assets/IELTSEstimatorPage-DvNkq9VI.js                3.31 kB │ gzip:   1.24 kB
dist/assets/toaster-CzXQCPja.js                           3.33 kB │ gzip:   1.26 kB
dist/assets/MyGiftsPage-Brol0fnX.js                       3.34 kB │ gzip:   1.43 kB
dist/assets/MilestoneObserver-BlcWvpQ1.js                 3.37 kB │ gzip:   1.25 kB
dist/assets/GroupsIndex-BfiH9OUe.js                       3.40 kB │ gzip:   1.47 kB
dist/assets/giftSubscriptionClient-BLPvTcaO.js            3.43 kB │ gzip:   1.31 kB
dist/assets/IELTSIndexPage-KLA47Gy5.js                    3.43 kB │ gzip:   1.40 kB
dist/assets/TOEFLIndexPage-Ddo8ZaBU.js                    3.44 kB │ gzip:   1.42 kB
dist/assets/AdminPaymentsPage-3DRDSItp.js                 3.50 kB │ gzip:   1.42 kB
dist/assets/displayPrices-B7UnDgBp.js                     3.50 kB │ gzip:   1.43 kB
dist/assets/ReviewQueue-Bvq04s86.js                       3.51 kB │ gzip:   1.60 kB
dist/assets/WritingTopic-Af07bgjU.js                      3.51 kB │ gzip:   1.18 kB
dist/assets/Listening-D2G6Z1LH.js                         3.55 kB │ gzip:   1.41 kB
dist/assets/Listening-B7v3MbWe.js                         3.56 kB │ gzip:   1.44 kB
dist/assets/ShortcutHelpOverlay-BJvf_fQk.js               3.65 kB │ gzip:   1.71 kB
dist/assets/sentenceSubmission-xhqa2Y2e.js                3.68 kB │ gzip:   1.37 kB
dist/assets/PendingSentencesPage-Vj7e_Yd4.js              3.70 kB │ gzip:   1.63 kB
dist/assets/VSTEPIndexPage-DR6yU6wG.js                    3.75 kB │ gzip:   1.62 kB
dist/assets/roomJsonResolver-CR7JWvGW.js                  3.76 kB │ gzip:   1.64 kB
dist/assets/Speaking-DWLAxOQv.js                          3.86 kB │ gzip:   1.71 kB
dist/assets/AcceptInvite-U4VRmzXF.js                      3.87 kB │ gzip:   1.63 kB
dist/assets/IELTSReadingPage-CbtNhA7w.js                  3.88 kB │ gzip:   1.52 kB
dist/assets/FrenchLessonsPage-C7t2d0xi.js                 3.89 kB │ gzip:   1.86 kB
dist/assets/corporateClient-BckJOV_E.js                   3.89 kB │ gzip:   1.48 kB
dist/assets/curriculumTracker-Cu19fKrw.js                 3.90 kB │ gzip:   1.50 kB
dist/assets/VietnameseLessonsPage-Bqq6m7cN.js             3.92 kB │ gzip:   1.73 kB
dist/assets/LeaderboardPage-BjWp8j38.js                   3.96 kB │ gzip:   1.49 kB
dist/assets/TOEFLReadingPage-NZnjqUky.js                  3.97 kB │ gzip:   1.40 kB
dist/assets/useEntitlements-ZMd9jsBR.js                   3.98 kB │ gzip:   1.61 kB
dist/assets/ReadingPassage-DOR4_SXE.js                    4.02 kB │ gzip:   1.55 kB
dist/assets/ReadingPassage-YHx6dht-.js                    4.05 kB │ gzip:   1.56 kB
dist/assets/MockInterviewIndex-CkTLKMp0.js                4.12 kB │ gzip:   1.73 kB
dist/assets/WelcomePage-Da3Q_VnV.js                       4.22 kB │ gzip:   2.00 kB
dist/assets/Reading-OKB309uC.js                           4.22 kB │ gzip:   1.65 kB
dist/assets/Reading-D_bgEF7S.js                           4.27 kB │ gzip:   1.66 kB
dist/assets/Terms-C9Vjvb9i.js                             4.31 kB │ gzip:   1.83 kB
dist/assets/BlogIndex-BDNCVXOX.js                         4.31 kB │ gzip:   1.87 kB
dist/assets/VNCulturalPackPage-XYgaoXkN.js                4.38 kB │ gzip:   1.44 kB
dist/assets/WritingTopic-R5Y-mpbV.js                      4.42 kB │ gzip:   1.38 kB
dist/assets/MercyAnswerFeedback-CGcZ4tL4.js               4.58 kB │ gzip:   2.09 kB
dist/assets/referralLeaderboardCopy-D2Rc-ayG.js           4.69 kB │ gzip:   2.07 kB
dist/assets/SpeakingTopic-D6qkXRjl.js                     4.70 kB │ gzip:   1.37 kB
dist/assets/RedeemGiftPage-C6crMHa1.js                    4.71 kB │ gzip:   1.95 kB
dist/assets/weeklyLeaderboardCopy-CupkkO4X.js             4.72 kB │ gzip:   2.16 kB
dist/assets/KoreanLessonsPage-BqEGU-Fv.js                 4.81 kB │ gzip:   2.18 kB
dist/assets/FeedbackTriagePage-PI7bKbOJ.js                4.81 kB │ gzip:   1.99 kB
dist/assets/ChineseLessonsPage-BJv6zOVV.js                4.88 kB │ gzip:   2.15 kB
dist/assets/iap-DLxgrKrp.js                               4.94 kB │ gzip:   1.87 kB
dist/assets/ProfessionsIndexPage-DEHLd4D7.js              4.97 kB │ gzip:   2.04 kB
dist/assets/TOEICPaywallGate-ClNXwiwl.js                  5.01 kB │ gzip:   2.10 kB
dist/assets/costMonitoring-CKC3j7Rl.js                    5.12 kB │ gzip:   1.93 kB
dist/assets/JapaneseLessonsPage-C4suV-5S.js               5.14 kB │ gzip:   2.32 kB
dist/assets/PremiumGate-BIZZi6Dw.js                       5.16 kB │ gzip:   2.20 kB
dist/assets/GermanLessonsPage-Dgatoeko.js                 5.16 kB │ gzip:   2.20 kB
dist/assets/incidentLog-BaF0_oDO.js                       5.21 kB │ gzip:   2.10 kB
dist/assets/MonthlyReferralLeaderboard-D_WJFR0H.js        5.24 kB │ gzip:   1.89 kB
dist/assets/Library-DVPFINNG.js                           5.27 kB │ gzip:   2.29 kB
dist/assets/IELTSWritingPage-BNh-ReKy.js                  5.31 kB │ gzip:   2.09 kB
dist/assets/ChallengeHistoryPage-BQt5Tbra.js              5.33 kB │ gzip:   2.10 kB
dist/assets/PurchaseGiftPage-DKWlSQaV.js                  5.35 kB │ gzip:   2.27 kB
dist/assets/PublicProfilePage-BklnsTkN.js                 5.36 kB │ gzip:   2.14 kB
dist/assets/InterviewSessionPage-BmuMzcDC.js              5.38 kB │ gzip:   2.04 kB
dist/assets/GroupPage-BqrOj4pb.js                         5.43 kB │ gzip:   2.26 kB
dist/assets/BillingSuccessPage-I03EOb-c.js                5.43 kB │ gzip:   2.24 kB
dist/assets/WritingPracticePage-d9ez4G9G.js               5.51 kB │ gzip:   2.01 kB
dist/assets/StoryModeration-DY0uRBkN.js                   5.57 kB │ gzip:   2.02 kB
dist/assets/ContentAdvisory--1VkEYru.js                   5.57 kB │ gzip:   2.47 kB
dist/assets/BehavioralAnalytics-C9acC31F.js               5.70 kB │ gzip:   2.39 kB
dist/assets/Unsubscribe-V-Gc4jO3.js                       5.73 kB │ gzip:   2.18 kB
dist/assets/LanguagesIndexPage-Cw8HoqZn.js                5.75 kB │ gzip:   2.12 kB
dist/assets/WeeklyDigest-CSZM5PAA.js                      5.75 kB │ gzip:   2.14 kB
dist/assets/SpeakingTopic--YPgHVDI.js                     5.81 kB │ gzip:   1.86 kB
dist/assets/AdminFeedbackPage-yOiRai38.js                 5.82 kB │ gzip:   2.00 kB
dist/assets/Stories-bpWMf_Wr.js                           5.97 kB │ gzip:   2.28 kB
dist/assets/DeveloperPortalPage-JFAMMUJ9.js               6.01 kB │ gzip:   2.47 kB
dist/assets/CreateCorporatePage-ClhKLfwg.js               6.01 kB │ gzip:   2.19 kB
dist/assets/StoryDetail-CELcqLEE.js                       6.04 kB │ gzip:   2.48 kB
dist/assets/ContributeSentencePage-REA74n_H.js            6.07 kB │ gzip:   2.26 kB
dist/assets/PublicRoadmapPage-Cc4Jmt48.js                 6.07 kB │ gzip:   2.45 kB
dist/assets/XPHistoryPage-s8GklWBV.js                     6.08 kB │ gzip:   2.39 kB
dist/assets/InterviewPromptsModeration-RSQwVTsa.js        6.16 kB │ gzip:   2.15 kB
dist/assets/DailyChallengePage-BLMH5aTw.js                6.32 kB │ gzip:   2.58 kB
dist/assets/Library--9s6w0i-.js                           6.39 kB │ gzip:   2.49 kB
dist/assets/ApplyReferralCodeForm-nCAdvxg4.js             6.46 kB │ gzip:   2.56 kB
dist/assets/practiceRecommendations-CRExdtDk.js           6.55 kB │ gzip:   2.81 kB
dist/assets/ReviewItem-BNb8Pcr5.js                        6.58 kB │ gzip:   2.69 kB
dist/assets/TOEICEstimatorPage-qpTAMCJL.js                6.60 kB │ gzip:   2.85 kB
dist/assets/heatmapInsights-B2G4kkrC.js                   6.64 kB │ gzip:   2.54 kB
dist/assets/speechProgress-DD7kxm_j.js                    6.71 kB │ gzip:   2.44 kB
dist/assets/CommunityPrompts-DfnMQg3T.js                  6.77 kB │ gzip:   2.54 kB
dist/assets/interviewSession-CPogH0ad.js                  6.78 kB │ gzip:   2.82 kB
dist/assets/NotificationPreferences-KnXYpKbf.js           6.90 kB │ gzip:   3.08 kB
dist/assets/scoreEssay-C4ZXJR2w.js                        6.90 kB │ gzip:   3.13 kB
dist/assets/ShareProgressPage-Oq2vbA_u.js                 6.99 kB │ gzip:   2.73 kB
dist/assets/Aal2Challenge-G6rarOf9.js                     7.36 kB │ gzip:   3.04 kB
dist/assets/BlogPost-DDRoachr.js                          7.40 kB │ gzip:   2.72 kB
dist/assets/TeacherFeedbackTriage-CWlwXDeJ.js             7.46 kB │ gzip:   2.60 kB
dist/assets/SloDetail-BhryWwJf.js                         7.46 kB │ gzip:   2.80 kB
dist/assets/RecoverWith2FA-CtPCOVRq.js                    7.48 kB │ gzip:   2.95 kB
dist/assets/IELTSSpeakingPage--p8mOeWP.js                 7.54 kB │ gzip:   2.35 kB
dist/assets/VSTEPSpeakingPage-Cy5FIYrW.js                 7.54 kB │ gzip:   2.55 kB
dist/assets/CorporateDashboardPage-CHphPkdh.js            7.55 kB │ gzip:   2.72 kB
dist/assets/InterviewSummaryPage-CQy6YEO5.js              7.57 kB │ gzip:   2.70 kB
dist/assets/CertificatesGalleryPage-BAokGl6g.js           7.73 kB │ gzip:   2.94 kB
dist/assets/ListeningItem-DILukqio.js                     7.80 kB │ gzip:   2.57 kB
dist/assets/SeoTopicPage-DoI5vqwo.js                      8.29 kB │ gzip:   2.69 kB
dist/assets/NailTechnicianPage-BCUoTBjQ.js                8.35 kB │ gzip:   2.67 kB
dist/assets/FrontendPerformance-CAEPOSpB.js               8.47 kB │ gzip:   3.19 kB
dist/assets/ReviewSession-DmqDlSva.js                     8.49 kB │ gzip:   3.17 kB
dist/assets/ConvertAccount-C54-hXvP.js                    8.51 kB │ gzip:   3.01 kB
dist/assets/ResultsPage-DYuSX-8o.js                       8.56 kB │ gzip:   2.64 kB
dist/assets/ListeningItem-DHOKcPxU.js                     8.68 kB │ gzip:   2.99 kB
dist/assets/SloDashboard-C8pk7FFw.js                      8.71 kB │ gzip:   3.01 kB
dist/assets/memory-OZ9ufvuv.js                            8.84 kB │ gzip:   2.68 kB
dist/assets/AudioCoveragePage-BUXYIsVY.js                 8.85 kB │ gzip:   2.85 kB
dist/assets/clientStub-DmIuJ5dv.js                        8.87 kB │ gzip:   3.76 kB
dist/assets/RetentionDashboard-Bag6Ec4L.js                9.34 kB │ gzip:   3.79 kB
dist/assets/Submit-aUCFIfKQ.js                            9.70 kB │ gzip:   3.26 kB
dist/assets/ResetPasswordPage-B8So3h-4.js                 9.73 kB │ gzip:   3.85 kB
dist/assets/MarketingLandingPage-CZJxD-_U.js              9.82 kB │ gzip:   3.45 kB
dist/assets/tierRoomSource-DdaxAsNE.js                    9.86 kB │ gzip:   2.91 kB
dist/assets/FeatureFlagsAdmin-DGXOGTyg.js                 9.90 kB │ gzip:   3.40 kB
dist/assets/OnboardingPage-CAkQHjsI.js                   10.20 kB │ gzip:   3.48 kB
dist/assets/TOEFLEstimatorPage-BxV9vxnq.js               10.29 kB │ gzip:   3.40 kB
dist/assets/ClipPlayer-CesJ6V2Q.js                       10.39 kB │ gzip:   3.71 kB
dist/assets/CostMonitoring-DKSQ7ku7.js                   10.51 kB │ gzip:   3.95 kB
dist/assets/TierDetail-Brtb30C5.js                       11.09 kB │ gzip:   3.75 kB
dist/assets/LatencyMonitoring-BkOp7K8k.js                11.21 kB │ gzip:   3.83 kB
dist/assets/PushPreferences-BdaKSgfO.js                  11.41 kB │ gzip:   4.03 kB
dist/assets/ShareStory-CSr1Ef5z.js                       11.58 kB │ gzip:   3.64 kB
dist/assets/Enable2FA-C_gEixgp.js                        11.65 kB │ gzip:   4.30 kB
dist/assets/SpeechHistoryPage-P5UTjOgI.js                11.66 kB │ gzip:   4.31 kB
dist/assets/Support-Cj-O77b-.js                          11.67 kB │ gzip:   4.24 kB
dist/assets/AdminAccessCodes-BtPzB3Al.js                 11.72 kB │ gzip:   4.08 kB
dist/assets/TalkingFacePlayButton-Cy3FAY7z.js            11.81 kB │ gzip:   3.63 kB
dist/assets/mercy-german-tab-CMARfNYA.js                 11.85 kB │ gzip:   4.26 kB
dist/assets/SecuritySettings-CRYw_f4m.js                 11.95 kB │ gzip:   4.31 kB
dist/assets/BulkInvite-CYmGibZu.js                       12.05 kB │ gzip:   4.33 kB
dist/assets/PlacementV2Page-CbyaOIr3.js                  12.17 kB │ gzip:   4.40 kB
dist/assets/PhonemeDrillPage-BeAfC2Ov.js                 12.35 kB │ gzip:   4.47 kB
dist/assets/SpanishLessonsPage-mzJLb1ek.js               12.91 kB │ gzip:   5.17 kB
dist/assets/Practice-DVzdMCYv.js                         13.17 kB │ gzip:   4.42 kB
dist/assets/Billing-Dlbu_xAv.js                          14.26 kB │ gzip:   4.81 kB
dist/assets/BottomMusicBar-DYNlJQiQ.js                   14.38 kB │ gzip:   4.48 kB
dist/assets/AdminSubscriptions-BzIoKXf2.js               14.77 kB │ gzip:   4.40 kB
dist/assets/mercy-french-tab-DrwLlLSW.js                 14.83 kB │ gzip:   5.37 kB
dist/assets/WritingPracticeSessionPage-C580PIaw.js       15.36 kB │ gzip:   5.08 kB
dist/assets/TOEICPracticePage-BGl8c1ve.js                15.89 kB │ gzip:   6.36 kB
dist/assets/PronunciationSRSSessionPage-DRYg-yt7.js      16.47 kB │ gzip:   5.39 kB
dist/assets/FamilyPlanPage-BLUgaeAb.js                   16.49 kB │ gzip:   4.95 kB
dist/assets/SpeechDrill-DPypKmNk.js                      16.77 kB │ gzip:   5.94 kB
dist/assets/RoomLoadDiagnostics-Cgk_9-a_.js              16.82 kB │ gzip:   4.58 kB
dist/assets/dailyChallenge-Dot87mcJ.js                   17.21 kB │ gzip:   5.07 kB
dist/assets/blogManifest-ck92OIa_.js                     17.62 kB │ gzip:   7.10 kB
dist/assets/TestPage-kMK45BIo.js                         18.07 kB │ gzip:   5.68 kB
dist/assets/LessonRenderer-BO0E-fGt.js                   18.84 kB │ gzip:   5.19 kB
dist/assets/MercyThreadPage-S054MylG.js                  19.14 kB │ gzip:   6.71 kB
dist/assets/AdminDashboard-JRD4rWEC.js                   19.89 kB │ gzip:   6.40 kB
dist/assets/vendor-datefns-CBpsKyOP.js                   20.37 kB │ gzip:   5.76 kB
dist/assets/CertVerifyPage-DL4FCf6s.js                   20.43 kB │ gzip:   6.37 kB
dist/assets/AdminAnalyticsPage-mje0Q1X9.js               21.35 kB │ gzip:   6.89 kB
dist/assets/Privacy-GTUQVzxH.js                          22.28 kB │ gzip:   7.72 kB
dist/assets/MockInterviewRoom-BVhaTmzm.js                22.65 kB │ gzip:   6.76 kB
dist/assets/TierIndex-pLfxTYWz.js                        23.04 kB │ gzip:   6.57 kB
dist/assets/writing-topics-SNqyTAmi.js                   23.60 kB │ gzip:   8.04 kB
dist/assets/prompts-DX6t-kbk.js                          24.14 kB │ gzip:   8.51 kB
dist/assets/index-BkWw5-xZ.js                            25.92 kB │ gzip:   9.10 kB
dist/assets/Progress-B1j8fkiU.js                         27.16 kB │ gzip:   8.34 kB
dist/assets/VSTEPListeningPage-BSWqw8w8.js               29.96 kB │ gzip:  10.75 kB
dist/assets/roomManifest-Bd9v2IoV.js                     30.54 kB │ gzip:   5.13 kB
dist/assets/LoginPage-DlB4UFSH.js                        32.51 kB │ gzip:  10.02 kB
dist/assets/VSTEPWritingPage-CUJ9H5nB.js                 33.04 kB │ gzip:  12.28 kB
dist/assets/mercy-guide-panel-CAnPmuK9.js                33.33 kB │ gzip:  10.48 kB
dist/assets/vendor-sonner-Ce-psCVG.js                    33.83 kB │ gzip:   9.57 kB
dist/assets/scenarios-BXd4sg9r.js                        34.57 kB │ gzip:  12.94 kB
dist/assets/VSTEPReadingPage-B8VSwWe_.js                 36.65 kB │ gzip:  13.31 kB
dist/assets/AdminUsersPage-BPBVjnyg.js                   37.59 kB │ gzip:   9.28 kB
dist/assets/reading-passages-BswYlfrN.js                 40.39 kB │ gzip:  13.98 kB
dist/assets/writing-topics-DudPD1Cp.js                   40.66 kB │ gzip:  14.49 kB
dist/assets/mercy-logic-tab-_vUUpJLR.js                  43.68 kB │ gzip:  11.56 kB
dist/assets/Pricing-D4pOONe9.js                          45.68 kB │ gzip:  13.66 kB
dist/assets/index-eN4_V1R2.js                            46.46 kB │ gzip:  13.36 kB
dist/assets/AccountPage-CxLxAh8J.js                      48.64 kB │ gzip:  14.99 kB
dist/assets/micro-lessons-Cp77RWuJ.js                    53.17 kB │ gzip:  15.60 kB
dist/assets/NailTechLessonsPage-ZPQXqrlD.js              53.59 kB │ gzip:  17.08 kB
dist/assets/listeningProgress-BlOCBgxN.js                58.16 kB │ gzip:  18.67 kB
dist/assets/RestaurantLessonsPage-Ho0aNjms.js            60.29 kB │ gzip:  19.35 kB
dist/assets/vendor-zod-C8aw77wn.js                       60.65 kB │ gzip:  16.48 kB
dist/assets/speaking-topics-Cn93kJRg.js                  60.99 kB │ gzip:  20.27 kB
dist/assets/mercy-teacher-tab-bYdeHg5N.js                61.53 kB │ gzip:  19.39 kB
dist/assets/speaking-topics-RRxh1PQl.js                  65.47 kB │ gzip:  19.01 kB
dist/assets/CustomerServiceLessonsPage-YCWvXzRT.js       65.73 kB │ gzip:  20.65 kB
dist/assets/HospitalityLessonsPage-BK0dLlPu.js           66.12 kB │ gzip:  22.32 kB
dist/assets/Home-OKP2Fqex.js                             66.52 kB │ gzip:  18.77 kB
dist/assets/HealthcareLessonsPage-CGmy54bh.js            67.82 kB │ gzip:  21.77 kB
dist/assets/DriversLessonsPage-Y1PGFG4R.js               67.83 kB │ gzip:  22.48 kB
dist/assets/practice-items-CT8gNmWC.js                   71.27 kB │ gzip:  23.36 kB
dist/assets/TechWorkerLessonsPage-BajO0dGw.js            72.06 kB │ gzip:  24.31 kB
dist/assets/listening-items-qrBAhMXK.js                  72.99 kB │ gzip:  24.47 kB
dist/assets/mercy-guide-DGLAABlf.js                      74.21 kB │ gzip:  24.55 kB
dist/assets/RoleplayPage-BXzif2zr.js                     82.15 kB │ gzip:  29.26 kB
dist/assets/mercy-grammar-tab-BHhTD5YK.js                82.86 kB │ gzip:  25.98 kB
dist/assets/WritingFeedbackPage-DK07RD2b.js              84.73 kB │ gzip:  26.97 kB
dist/assets/culturalPackSchema-CfcU5nD1.js               85.64 kB │ gzip:  30.29 kB
dist/assets/ChatHub-tHPPTEVo.js                          92.41 kB │ gzip:  26.12 kB
dist/assets/speaking-topics-CrgjvUuK.js                  94.76 kB │ gzip:  30.96 kB
dist/assets/SpeechDrillPage-CdcmQz3E.js                  99.92 kB │ gzip:  25.76 kB
dist/assets/mercy-speak-tab-R9PhmA0j.js                 108.07 kB │ gzip:  33.87 kB
dist/assets/listening-items-CJGjpifD.js                 108.99 kB │ gzip:  35.00 kB
dist/assets/index-CVzMaF7G.js                           109.78 kB │ gzip:  32.02 kB
dist/assets/reading-passages-C_pSuFzd.js                113.99 kB │ gzip:  35.17 kB
dist/assets/professional-scenarios-C4BkpGGT.js          120.88 kB │ gzip:  38.33 kB
dist/assets/react-B-m70iF_.js                           145.73 kB │ gzip:  46.77 kB
dist/assets/ui-YdBeF9xI.js                              154.85 kB │ gzip:  43.08 kB
dist/assets/vendor-BlTkC1e9.js                          167.48 kB │ gzip:  53.91 kB
dist/assets/supabase-o8zm2xNm.js                        191.56 kB │ gzip:  50.54 kB
dist/assets/charts-CiAEQKdC.js                          362.06 kB │ gzip: 104.79 kB
dist/assets/sentry-BpDC98XP.js                          472.94 kB │ gzip: 155.84 kB
✓ built in 9.08s

PWA v1.2.0
mode      generateSW
precache  55 entries (1213.87 KiB)
files generated
  dist/sw.js
  dist/workbox-92be1bcf.js
