
> mercyblade@0.0.0 test:e2e
> playwright test -c playwright.smoke.config.ts placement-v3-vertical

[2m[WebServer] [22m(node:52179) Warning: The 'NO_COLOR' env is ignored due to the 'FORCE_COLOR' env being set.
[2m[WebServer] [22m(Use `node --trace-warnings ...` to show where the warning was created)

Running 1 test using 1 worker

(node:52182) Warning: The 'NO_COLOR' env is ignored due to the 'FORCE_COLOR' env being set.
(Use `node --trace-warnings ...` to show where the warning was created)
(node:52182) Warning: The 'NO_COLOR' env is ignored due to the 'FORCE_COLOR' env being set.
(Use `node --trace-warnings ...` to show where the warning was created)
  ✘  1 [chromium] › tests/e2e/placement-v3-vertical.spec.ts:34:3 › placement v3 end-to-end vertical › runs UI client, session orchestrator, graders, recommender, results, and persistence (14.2s)


  1) [chromium] › tests/e2e/placement-v3-vertical.spec.ts:34:3 › placement v3 end-to-end vertical › runs UI client, session orchestrator, graders, recommender, results, and persistence 

    Error: [2mexpect([22m[31mlocator[39m[2m).[22mtoBeVisible[2m([22m[2m)[22m failed

    Locator: getByText(/Let's find where you should start/i)
    Expected: visible
    Timeout: 10000ms
    Error: element(s) not found

    Call log:
    [2m  - Expect "toBeVisible" with timeout 10000ms[22m
    [2m  - waiting for getByText(/Let's find where you should start/i)[22m


      39 |
      40 |     await page.goto(`${BASE_URL}/placement`);
    > 41 |     await expect(page.getByText(/Let's find where you should start/i)).toBeVisible();
         |                                                                        ^
      42 |     await page.getByRole("button", { name: /Start placement test/i }).click();
      43 |     await page.getByRole("button", { name: /adult learner/i }).click();
      44 |     await page.waitForURL(/\/placement\/test\//);
        at /private/tmp/mercyb-placement-v3-report/tests/e2e/placement-v3-vertical.spec.ts:41:72

    attachment #1: screenshot (image/png) ──────────────────────────────────────────────────────────
    test-results/placement-v3-vertical-plac-3e540-der-results-and-persistence-chromium/test-failed-1.png
    ────────────────────────────────────────────────────────────────────────────────────────────────

    attachment #2: video (video/webm) ──────────────────────────────────────────────────────────────
    test-results/placement-v3-vertical-plac-3e540-der-results-and-persistence-chromium/video.webm
    ────────────────────────────────────────────────────────────────────────────────────────────────

    Error Context: test-results/placement-v3-vertical-plac-3e540-der-results-and-persistence-chromium/error-context.md

    attachment #4: trace (application/zip) ─────────────────────────────────────────────────────────
    test-results/placement-v3-vertical-plac-3e540-der-results-and-persistence-chromium/trace.zip
    Usage:

        npx playwright show-trace test-results/placement-v3-vertical-plac-3e540-der-results-and-persistence-chromium/trace.zip

    ────────────────────────────────────────────────────────────────────────────────────────────────

  1 failed
    [chromium] › tests/e2e/placement-v3-vertical.spec.ts:34:3 › placement v3 end-to-end vertical › runs UI client, session orchestrator, graders, recommender, results, and persistence 
