
> mercyblade@0.0.0 test:e2e
> playwright test -c playwright.smoke.config.ts placement-v3-vertical

[2m[WebServer] [22m(node:51775) Warning: The 'NO_COLOR' env is ignored due to the 'FORCE_COLOR' env being set.
[2m[WebServer] [22m(Use `node --trace-warnings ...` to show where the warning was created)

Running 1 test using 1 worker

(node:51803) Warning: The 'NO_COLOR' env is ignored due to the 'FORCE_COLOR' env being set.
(Use `node --trace-warnings ...` to show where the warning was created)
(node:51803) Warning: The 'NO_COLOR' env is ignored due to the 'FORCE_COLOR' env being set.
(Use `node --trace-warnings ...` to show where the warning was created)
  ✘  1 [chromium] › tests/e2e/placement-v3-vertical.spec.ts:34:3 › placement v3 end-to-end vertical › runs UI client, session orchestrator, graders, recommender, results, and persistence (1ms)


  1) [chromium] › tests/e2e/placement-v3-vertical.spec.ts:34:3 › placement v3 end-to-end vertical › runs UI client, session orchestrator, graders, recommender, results, and persistence 

    Error: browserType.launch: Executable doesn't exist at /Users/admin/Library/Caches/ms-playwright/chromium_headless_shell-1217/chrome-headless-shell-mac-arm64/chrome-headless-shell
    ╔════════════════════════════════════════════════════════════╗
    ║ Looks like Playwright was just installed or updated.       ║
    ║ Please run the following command to download new browsers: ║
    ║                                                            ║
    ║     npx playwright install                                 ║
    ║                                                            ║
    ║ <3 Playwright Team                                         ║
    ╚════════════════════════════════════════════════════════════╝

    Error Context: test-results/placement-v3-vertical-plac-3e540-der-results-and-persistence-chromium/error-context.md

    attachment #2: trace (application/zip) ─────────────────────────────────────────────────────────
    test-results/placement-v3-vertical-plac-3e540-der-results-and-persistence-chromium/trace.zip
    Usage:

        npx playwright show-trace test-results/placement-v3-vertical-plac-3e540-der-results-and-persistence-chromium/trace.zip

    ────────────────────────────────────────────────────────────────────────────────────────────────

  1 failed
    [chromium] › tests/e2e/placement-v3-vertical.spec.ts:34:3 › placement v3 end-to-end vertical › runs UI client, session orchestrator, graders, recommender, results, and persistence 
