[001/102] DP-PRODUCT-ISSUE-WP-000041 cf0e2acd7
DP-PRODUCT-ISSUE-WP-000041|judge_pass|cf0e2acd7|reports/judge/dp-int-v1/DP-INT-JUDGE-ARTIFACT-GAP-REJUDGE-20260704.md|2026-07-04 20:34:38
[integration/dp-fac-001-after-b7083dfdc 58de6332f] Record DP INT Judge ledger batch 2026-07-04T20:34:38Z
 1 file changed, 0 insertions(+), 0 deletions(-)
[002/102] DP-PRODUCT-ISSUE-WP-000042 30f435c39
DP-PRODUCT-ISSUE-WP-000042|judge_pass|30f435c39|reports/judge/dp-int-v1/DP-INT-JUDGE-ARTIFACT-GAP-REJUDGE-20260704.md|2026-07-04 20:34:38
[integration/dp-fac-001-after-b7083dfdc ac9f18d7a] Record DP INT Judge ledger batch 2026-07-04T20:34:38Z
 1 file changed, 0 insertions(+), 0 deletions(-)
[003/102] DP-PRODUCT-ISSUE-WP-000043 6640c82fb
DP-PRODUCT-ISSUE-WP-000043|judge_pass|6640c82fb|reports/judge/dp-int-v1/DP-INT-JUDGE-ARTIFACT-GAP-REJUDGE-20260704.md|2026-07-04 20:34:39
[integration/dp-fac-001-after-b7083dfdc 63403910c] Record DP INT Judge ledger batch 2026-07-04T20:34:39Z
 1 file changed, 0 insertions(+), 0 deletions(-)
[004/102] DP-PRODUCT-ISSUE-WP-000044 9461a2227
DP-PRODUCT-ISSUE-WP-000044|judge_pass|9461a2227|reports/judge/dp-int-v1/DP-INT-JUDGE-ARTIFACT-GAP-REJUDGE-20260704.md|2026-07-04 20:34:39
[integration/dp-fac-001-after-b7083dfdc 331306009] Record DP INT Judge ledger batch 2026-07-04T20:34:39Z
 1 file changed, 0 insertions(+), 0 deletions(-)
[005/102] DP-PRODUCT-ISSUE-WP-000045 e59462cc5e68ae02494bfa3d5a9ed66a90f647c4
DP-PRODUCT-ISSUE-WP-000045|judge_pass|e59462cc5e68ae02494bfa3d5a9ed66a90f647c4|reports/judge/dp-int-v1/DP-INT-JUDGE-ARTIFACT-GAP-REJUDGE-20260704.md|2026-07-04 20:34:39
[integration/dp-fac-001-after-b7083dfdc c3ec32628] Record DP INT Judge ledger batch 2026-07-04T20:34:39Z
 1 file changed, 0 insertions(+), 0 deletions(-)
[006/102] DP-REPLAY-JUDGE-WP-000001 96234777d6645467fed55007b469d59c41645c08
DP-REPLAY-JUDGE-WP-000001|judge_pass|96234777d6645467fed55007b469d59c41645c08|reports/judge/dp-int-v1/DP-INT-JUDGE-ARTIFACT-GAP-REJUDGE-20260704.md|2026-07-04 20:34:40
[integration/dp-fac-001-after-b7083dfdc d667f622f] Record DP INT Judge ledger batch 2026-07-04T20:34:40Z
 1 file changed, 0 insertions(+), 0 deletions(-)
[007/102] DP-REPLAY-JUDGE-WP-000002 09e277ac5
DP-REPLAY-JUDGE-WP-000002|judge_pass|09e277ac5|reports/judge/dp-int-v1/DP-INT-JUDGE-ARTIFACT-GAP-REJUDGE-20260704.md|2026-07-04 20:34:40
[integration/dp-fac-001-after-b7083dfdc ffeb41c62] Record DP INT Judge ledger batch 2026-07-04T20:34:40Z
 1 file changed, 0 insertions(+), 0 deletions(-)
[008/102] DP-REPLAY-JUDGE-WP-000003 ac1c471af
DP-REPLAY-JUDGE-WP-000003|judge_pass|ac1c471af|reports/judge/dp-int-v1/DP-INT-JUDGE-ARTIFACT-GAP-REJUDGE-20260704.md|2026-07-04 20:34:40
[integration/dp-fac-001-after-b7083dfdc 1605d6069] Record DP INT Judge ledger batch 2026-07-04T20:34:40Z
 1 file changed, 0 insertions(+), 0 deletions(-)
[009/102] DP-REPLAY-JUDGE-WP-000004 b90c49c4df45e77daf96aa5363b41f4414c151b1
DP-REPLAY-JUDGE-WP-000004|judge_pass|b90c49c4df45e77daf96aa5363b41f4414c151b1|reports/judge/dp-int-v1/DP-INT-JUDGE-ARTIFACT-GAP-REJUDGE-20260704.md|2026-07-04 20:34:41
[integration/dp-fac-001-after-b7083dfdc 3084af55b] Record DP INT Judge ledger batch 2026-07-04T20:34:41Z
 1 file changed, 0 insertions(+), 0 deletions(-)
[010/102] DP-REPLAY-JUDGE-WP-000005 99a9bc76c0189e52ba756a751faba40c6915b8a3
DP-REPLAY-JUDGE-WP-000005|judge_pass|99a9bc76c0189e52ba756a751faba40c6915b8a3|reports/judge/dp-int-v1/DP-INT-JUDGE-ARTIFACT-GAP-REJUDGE-20260704.md|2026-07-04 20:34:41
[integration/dp-fac-001-after-b7083dfdc 56a12650d] Record DP INT Judge ledger batch 2026-07-04T20:34:41Z
 1 file changed, 0 insertions(+), 0 deletions(-)
[011/102] DP-REPLAY-JUDGE-WP-000006 2007b14988ce21d799b4fc6bc5e3d0377e5a05e9
DP-REPLAY-JUDGE-WP-000006|judge_pass|2007b14988ce21d799b4fc6bc5e3d0377e5a05e9|reports/judge/dp-int-v1/DP-INT-JUDGE-ARTIFACT-GAP-REJUDGE-20260704.md|2026-07-04 20:34:41
[integration/dp-fac-001-after-b7083dfdc aeb8cdbe0] Record DP INT Judge ledger batch 2026-07-04T20:34:41Z
 1 file changed, 0 insertions(+), 0 deletions(-)
[012/102] DP-REPLAY-JUDGE-WP-000007 571ac20d1
DP-REPLAY-JUDGE-WP-000007|judge_pass|571ac20d1|reports/judge/dp-int-v1/DP-INT-JUDGE-ARTIFACT-GAP-REJUDGE-20260704.md|2026-07-04 20:34:42
[integration/dp-fac-001-after-b7083dfdc 6af00f4db] Record DP INT Judge ledger batch 2026-07-04T20:34:42Z
 1 file changed, 0 insertions(+), 0 deletions(-)
[013/102] DP-REPLAY-JUDGE-WP-000008 c8b08d00c3cac1d188d61aefb0fd872ca3fa68c5
DP-REPLAY-JUDGE-WP-000008|judge_pass|c8b08d00c3cac1d188d61aefb0fd872ca3fa68c5|reports/judge/dp-int-v1/DP-INT-JUDGE-ARTIFACT-GAP-REJUDGE-20260704.md|2026-07-04 20:34:42
[integration/dp-fac-001-after-b7083dfdc 8d3cead87] Record DP INT Judge ledger batch 2026-07-04T20:34:42Z
 1 file changed, 0 insertions(+), 0 deletions(-)
[014/102] DP-REPLAY-JUDGE-WP-000009 499185bd1
DP-REPLAY-JUDGE-WP-000009|judge_pass|499185bd1|reports/judge/dp-int-v1/DP-INT-JUDGE-ARTIFACT-GAP-REJUDGE-20260704.md|2026-07-04 20:34:42
[integration/dp-fac-001-after-b7083dfdc 59466723b] Record DP INT Judge ledger batch 2026-07-04T20:34:42Z
 1 file changed, 0 insertions(+), 0 deletions(-)
[015/102] DP-REPLAY-JUDGE-WP-000010 1f558572f4f976d76f8a5a29c8cf1633bd365ec0
DP-REPLAY-JUDGE-WP-000010|judge_pass|1f558572f4f976d76f8a5a29c8cf1633bd365ec0|reports/judge/dp-int-v1/DP-INT-JUDGE-ARTIFACT-GAP-REJUDGE-20260704.md|2026-07-04 20:34:43
[integration/dp-fac-001-after-b7083dfdc a9600fba1] Record DP INT Judge ledger batch 2026-07-04T20:34:43Z
 1 file changed, 0 insertions(+), 0 deletions(-)
[016/102] DP-REPLAY-JUDGE-WP-000011 e8bed7803
DP-REPLAY-JUDGE-WP-000011|judge_pass|e8bed7803|reports/judge/dp-int-v1/DP-INT-JUDGE-ARTIFACT-GAP-REJUDGE-20260704.md|2026-07-04 20:34:43
[integration/dp-fac-001-after-b7083dfdc e46b0f539] Record DP INT Judge ledger batch 2026-07-04T20:34:43Z
 1 file changed, 0 insertions(+), 0 deletions(-)
[017/102] DP-REPLAY-JUDGE-WP-000012 8d50033b2
DP-REPLAY-JUDGE-WP-000012|judge_pass|8d50033b2|reports/judge/dp-int-v1/DP-INT-JUDGE-ARTIFACT-GAP-REJUDGE-20260704.md|2026-07-04 20:34:43
[integration/dp-fac-001-after-b7083dfdc d5a115c6d] Record DP INT Judge ledger batch 2026-07-04T20:34:43Z
 1 file changed, 0 insertions(+), 0 deletions(-)
[018/102] DP-REPLAY-JUDGE-WP-000013 b0909d1947812c17b46e50b42d5eaa3f28b22212
DP-REPLAY-JUDGE-WP-000013|judge_pass|b0909d1947812c17b46e50b42d5eaa3f28b22212|reports/judge/dp-int-v1/DP-INT-JUDGE-ARTIFACT-GAP-REJUDGE-20260704.md|2026-07-04 20:34:44
[integration/dp-fac-001-after-b7083dfdc 8376507d1] Record DP INT Judge ledger batch 2026-07-04T20:34:44Z
 1 file changed, 0 insertions(+), 0 deletions(-)
[019/102] DP-REPLAY-JUDGE-WP-000014 f01d428ae906924c6b3ac568a0d11a1606b3474e
DP-REPLAY-JUDGE-WP-000014|judge_pass|f01d428ae906924c6b3ac568a0d11a1606b3474e|reports/judge/dp-int-v1/DP-INT-JUDGE-ARTIFACT-GAP-REJUDGE-20260704.md|2026-07-04 20:34:44
[integration/dp-fac-001-after-b7083dfdc 7084b5624] Record DP INT Judge ledger batch 2026-07-04T20:34:44Z
 1 file changed, 0 insertions(+), 0 deletions(-)
[020/102] DP-REPLAY-JUDGE-WP-000015 7282348fef8f4b5da83142c0138b7b3e2a5c90b9
DP-REPLAY-JUDGE-WP-000015|judge_pass|7282348fef8f4b5da83142c0138b7b3e2a5c90b9|reports/judge/dp-int-v1/DP-INT-JUDGE-ARTIFACT-GAP-REJUDGE-20260704.md|2026-07-04 20:34:44
[integration/dp-fac-001-after-b7083dfdc a477445a4] Record DP INT Judge ledger batch 2026-07-04T20:34:44Z
 1 file changed, 0 insertions(+), 0 deletions(-)
[021/102] DP-REPLAY-JUDGE-WP-000016 01a840ec1
DP-REPLAY-JUDGE-WP-000016|judge_pass|01a840ec1|reports/judge/dp-int-v1/DP-INT-JUDGE-ARTIFACT-GAP-REJUDGE-20260704.md|2026-07-04 20:34:45
[integration/dp-fac-001-after-b7083dfdc 6dc7c2fed] Record DP INT Judge ledger batch 2026-07-04T20:34:45Z
 1 file changed, 0 insertions(+), 0 deletions(-)
[022/102] DP-REPLAY-JUDGE-WP-000017 172a0d638
DP-REPLAY-JUDGE-WP-000017|judge_pass|172a0d638|reports/judge/dp-int-v1/DP-INT-JUDGE-ARTIFACT-GAP-REJUDGE-20260704.md|2026-07-04 20:34:45
[integration/dp-fac-001-after-b7083dfdc 0dc20c3c6] Record DP INT Judge ledger batch 2026-07-04T20:34:45Z
 1 file changed, 0 insertions(+), 0 deletions(-)
[023/102] DP-REPLAY-JUDGE-WP-000018 567dc398c
DP-REPLAY-JUDGE-WP-000018|judge_pass|567dc398c|reports/judge/dp-int-v1/DP-INT-JUDGE-ARTIFACT-GAP-REJUDGE-20260704.md|2026-07-04 20:34:45
[integration/dp-fac-001-after-b7083dfdc 3799fb97b] Record DP INT Judge ledger batch 2026-07-04T20:34:45Z
 1 file changed, 0 insertions(+), 0 deletions(-)
[024/102] DP-REPLAY-JUDGE-WP-000019 bae3866514abb49fdbba5c2a36f7e8fb39af9d82
DP-REPLAY-JUDGE-WP-000019|judge_pass|bae3866514abb49fdbba5c2a36f7e8fb39af9d82|reports/judge/dp-int-v1/DP-INT-JUDGE-ARTIFACT-GAP-REJUDGE-20260704.md|2026-07-04 20:34:46
[integration/dp-fac-001-after-b7083dfdc d7c0fe2f8] Record DP INT Judge ledger batch 2026-07-04T20:34:46Z
 1 file changed, 0 insertions(+), 0 deletions(-)
[025/102] DP-REPLAY-JUDGE-WP-000020 d82cfca8a
DP-REPLAY-JUDGE-WP-000020|judge_pass|d82cfca8a|reports/judge/dp-int-v1/DP-INT-JUDGE-ARTIFACT-GAP-REJUDGE-20260704.md|2026-07-04 20:34:46
[integration/dp-fac-001-after-b7083dfdc 9c996ea36] Record DP INT Judge ledger batch 2026-07-04T20:34:46Z
 1 file changed, 0 insertions(+), 0 deletions(-)
[026/102] DP-REPLAY-JUDGE-WP-000021 0c015ca49121489082ba52c872489becd1581260
DP-REPLAY-JUDGE-WP-000021|judge_pass|0c015ca49121489082ba52c872489becd1581260|reports/judge/dp-int-v1/DP-INT-JUDGE-ARTIFACT-GAP-REJUDGE-20260704.md|2026-07-04 20:34:46
[integration/dp-fac-001-after-b7083dfdc 8f09b639c] Record DP INT Judge ledger batch 2026-07-04T20:34:46Z
 1 file changed, 0 insertions(+), 0 deletions(-)
[027/102] DP-REPLAY-JUDGE-WP-000022 00524fcf2
DP-REPLAY-JUDGE-WP-000022|judge_pass|00524fcf2|reports/judge/dp-int-v1/DP-INT-JUDGE-ARTIFACT-GAP-REJUDGE-20260704.md|2026-07-04 20:34:47
[integration/dp-fac-001-after-b7083dfdc b23d9fee9] Record DP INT Judge ledger batch 2026-07-04T20:34:47Z
 1 file changed, 0 insertions(+), 0 deletions(-)
[028/102] DP-REPLAY-JUDGE-WP-000023 ebe94dc7286b17995967969dc6bb35fc9e932f05
DP-REPLAY-JUDGE-WP-000023|judge_pass|ebe94dc7286b17995967969dc6bb35fc9e932f05|reports/judge/dp-int-v1/DP-INT-JUDGE-ARTIFACT-GAP-REJUDGE-20260704.md|2026-07-04 20:34:47
[integration/dp-fac-001-after-b7083dfdc 8f77d7b65] Record DP INT Judge ledger batch 2026-07-04T20:34:47Z
 1 file changed, 0 insertions(+), 0 deletions(-)
[029/102] DP-REPLAY-JUDGE-WP-000024 1366c592ba76c2f77155c530b5fd6145db43990a
DP-REPLAY-JUDGE-WP-000024|judge_pass|1366c592ba76c2f77155c530b5fd6145db43990a|reports/judge/dp-int-v1/DP-INT-JUDGE-ARTIFACT-GAP-REJUDGE-20260704.md|2026-07-04 20:34:47
[integration/dp-fac-001-after-b7083dfdc 5bd1c5199] Record DP INT Judge ledger batch 2026-07-04T20:34:48Z
 1 file changed, 0 insertions(+), 0 deletions(-)
[030/102] DP-REPLAY-JUDGE-WP-000025 46ab2e83efd9220d48b137bfe1e317c61d6d12d5
DP-REPLAY-JUDGE-WP-000025|judge_pass|46ab2e83efd9220d48b137bfe1e317c61d6d12d5|reports/judge/dp-int-v1/DP-INT-JUDGE-ARTIFACT-GAP-REJUDGE-20260704.md|2026-07-04 20:34:48
[integration/dp-fac-001-after-b7083dfdc daf32a629] Record DP INT Judge ledger batch 2026-07-04T20:34:48Z
 1 file changed, 0 insertions(+), 0 deletions(-)
[031/102] DP-REPLAY-JUDGE-WP-000026 a8730705a
DP-REPLAY-JUDGE-WP-000026|judge_pass|a8730705a|reports/judge/dp-int-v1/DP-INT-JUDGE-ARTIFACT-GAP-REJUDGE-20260704.md|2026-07-04 20:34:48
[integration/dp-fac-001-after-b7083dfdc 8d5c39914] Record DP INT Judge ledger batch 2026-07-04T20:34:48Z
 1 file changed, 0 insertions(+), 0 deletions(-)
[032/102] DP-REPLAY-JUDGE-WP-000027 2c5c282b1520cf0611affb6e12059fcbd2bac3af
DP-REPLAY-JUDGE-WP-000027|judge_pass|2c5c282b1520cf0611affb6e12059fcbd2bac3af|reports/judge/dp-int-v1/DP-INT-JUDGE-ARTIFACT-GAP-REJUDGE-20260704.md|2026-07-04 20:34:48
[integration/dp-fac-001-after-b7083dfdc c9c41f5a9] Record DP INT Judge ledger batch 2026-07-04T20:34:49Z
 1 file changed, 0 insertions(+), 0 deletions(-)
[033/102] DP-REPLAY-JUDGE-WP-000028 ce5f76eb4
DP-REPLAY-JUDGE-WP-000028|judge_pass|ce5f76eb4|reports/judge/dp-int-v1/DP-INT-JUDGE-ARTIFACT-GAP-REJUDGE-20260704.md|2026-07-04 20:34:49
[integration/dp-fac-001-after-b7083dfdc ad8cbbb2a] Record DP INT Judge ledger batch 2026-07-04T20:34:49Z
 1 file changed, 0 insertions(+), 0 deletions(-)
[034/102] DP-REPLAY-JUDGE-WP-000029 5070fc0cc230d226c69cddd157f54b08a2d34476
DP-REPLAY-JUDGE-WP-000029|judge_pass|5070fc0cc230d226c69cddd157f54b08a2d34476|reports/judge/dp-int-v1/DP-INT-JUDGE-ARTIFACT-GAP-REJUDGE-20260704.md|2026-07-04 20:34:49
[integration/dp-fac-001-after-b7083dfdc 04524162a] Record DP INT Judge ledger batch 2026-07-04T20:34:49Z
 1 file changed, 0 insertions(+), 0 deletions(-)
[035/102] DP-REPLAY-JUDGE-WP-000030 77dcebc2babec3aaff973660c849cd03d42f5497
DP-REPLAY-JUDGE-WP-000030|judge_pass|77dcebc2babec3aaff973660c849cd03d42f5497|reports/judge/dp-int-v1/DP-INT-JUDGE-ARTIFACT-GAP-REJUDGE-20260704.md|2026-07-04 20:34:49
[integration/dp-fac-001-after-b7083dfdc b57398053] Record DP INT Judge ledger batch 2026-07-04T20:34:50Z
 1 file changed, 0 insertions(+), 0 deletions(-)
[036/102] DP-REPLAY-JUDGE-WP-000031 0af5bc1622fcf7f6f88bb82209ccfbfb6f26a089
DP-REPLAY-JUDGE-WP-000031|judge_pass|0af5bc1622fcf7f6f88bb82209ccfbfb6f26a089|reports/judge/dp-int-v1/DP-INT-JUDGE-ARTIFACT-GAP-REJUDGE-20260704.md|2026-07-04 20:34:50
[integration/dp-fac-001-after-b7083dfdc 43518d6be] Record DP INT Judge ledger batch 2026-07-04T20:34:50Z
 1 file changed, 0 insertions(+), 0 deletions(-)
[037/102] DP-REPLAY-JUDGE-WP-000032 4899728e587ddb403b2b472e009199f0865652a1
DP-REPLAY-JUDGE-WP-000032|judge_pass|4899728e587ddb403b2b472e009199f0865652a1|reports/judge/dp-int-v1/DP-INT-JUDGE-ARTIFACT-GAP-REJUDGE-20260704.md|2026-07-04 20:34:50
[integration/dp-fac-001-after-b7083dfdc 8d70aaa85] Record DP INT Judge ledger batch 2026-07-04T20:34:50Z
 1 file changed, 0 insertions(+), 0 deletions(-)
[038/102] DP-REPLAY-JUDGE-WP-000033 55143a0879aaa631b1d0d2cb20a3ad28f87eeffc
DP-REPLAY-JUDGE-WP-000033|judge_pass|55143a0879aaa631b1d0d2cb20a3ad28f87eeffc|reports/judge/dp-int-v1/DP-INT-JUDGE-ARTIFACT-GAP-REJUDGE-20260704.md|2026-07-04 20:34:51
[integration/dp-fac-001-after-b7083dfdc 8e0ad8a93] Record DP INT Judge ledger batch 2026-07-04T20:34:51Z
 1 file changed, 0 insertions(+), 0 deletions(-)
[039/102] DP-REPLAY-JUDGE-WP-000034 9872b4c62
DP-REPLAY-JUDGE-WP-000034|judge_pass|9872b4c62|reports/judge/dp-int-v1/DP-INT-JUDGE-ARTIFACT-GAP-REJUDGE-20260704.md|2026-07-04 20:34:51
[integration/dp-fac-001-after-b7083dfdc 1efa392bf] Record DP INT Judge ledger batch 2026-07-04T20:34:51Z
 1 file changed, 0 insertions(+), 0 deletions(-)
[040/102] DP-REPLAY-JUDGE-WP-000035 219c3bd83b624b0fc39107a7a145438c67b185ad
DP-REPLAY-JUDGE-WP-000035|judge_pass|219c3bd83b624b0fc39107a7a145438c67b185ad|reports/judge/dp-int-v1/DP-INT-JUDGE-ARTIFACT-GAP-REJUDGE-20260704.md|2026-07-04 20:34:51
[integration/dp-fac-001-after-b7083dfdc 38da61340] Record DP INT Judge ledger batch 2026-07-04T20:34:51Z
 1 file changed, 0 insertions(+), 0 deletions(-)
[041/102] DP-REPLAY-JUDGE-WP-000036 a7a29f65c
DP-REPLAY-JUDGE-WP-000036|judge_pass|a7a29f65c|reports/judge/dp-int-v1/DP-INT-JUDGE-ARTIFACT-GAP-REJUDGE-20260704.md|2026-07-04 20:34:52
[integration/dp-fac-001-after-b7083dfdc 202918f85] Record DP INT Judge ledger batch 2026-07-04T20:34:52Z
 1 file changed, 0 insertions(+), 0 deletions(-)
[042/102] DP-REPLAY-JUDGE-WP-000037 f53a4c29dc8ce2f6969722b4a17590d906f26f16
DP-REPLAY-JUDGE-WP-000037|judge_pass|f53a4c29dc8ce2f6969722b4a17590d906f26f16|reports/judge/dp-int-v1/DP-INT-JUDGE-ARTIFACT-GAP-REJUDGE-20260704.md|2026-07-04 20:34:52
[integration/dp-fac-001-after-b7083dfdc 0ffd741c9] Record DP INT Judge ledger batch 2026-07-04T20:34:52Z
 1 file changed, 0 insertions(+), 0 deletions(-)
[043/102] DP-REPLAY-JUDGE-WP-000038 7b0e71185
DP-REPLAY-JUDGE-WP-000038|judge_pass|7b0e71185|reports/judge/dp-int-v1/DP-INT-JUDGE-ARTIFACT-GAP-REJUDGE-20260704.md|2026-07-04 20:34:52
[integration/dp-fac-001-after-b7083dfdc 93cf9761d] Record DP INT Judge ledger batch 2026-07-04T20:34:52Z
 1 file changed, 0 insertions(+), 0 deletions(-)
[044/102] DP-REPLAY-JUDGE-WP-000039 c99fe04739ac6959371800442b5473a58d41e674
DP-REPLAY-JUDGE-WP-000039|judge_pass|c99fe04739ac6959371800442b5473a58d41e674|reports/judge/dp-int-v1/DP-INT-JUDGE-ARTIFACT-GAP-REJUDGE-20260704.md|2026-07-04 20:34:53
[integration/dp-fac-001-after-b7083dfdc bb9cb60a5] Record DP INT Judge ledger batch 2026-07-04T20:34:53Z
 1 file changed, 0 insertions(+), 0 deletions(-)
[045/102] DP-REPLAY-JUDGE-WP-000040 866197b67
DP-REPLAY-JUDGE-WP-000040|judge_pass|866197b67|reports/judge/dp-int-v1/DP-INT-JUDGE-ARTIFACT-GAP-REJUDGE-20260704.md|2026-07-04 20:34:53
[integration/dp-fac-001-after-b7083dfdc 7f3b44a6c] Record DP INT Judge ledger batch 2026-07-04T20:34:53Z
 1 file changed, 0 insertions(+), 0 deletions(-)
[046/102] DP-REPLAY-JUDGE-WP-000041 56b04afe8
DP-REPLAY-JUDGE-WP-000041|judge_pass|56b04afe8|reports/judge/dp-int-v1/DP-INT-JUDGE-ARTIFACT-GAP-REJUDGE-20260704.md|2026-07-04 20:34:53
[integration/dp-fac-001-after-b7083dfdc 818189ba7] Record DP INT Judge ledger batch 2026-07-04T20:34:53Z
 1 file changed, 0 insertions(+), 0 deletions(-)
[047/102] DP-REPLAY-JUDGE-WP-000042 9e938bb66
DP-REPLAY-JUDGE-WP-000042|judge_pass|9e938bb66|reports/judge/dp-int-v1/DP-INT-JUDGE-ARTIFACT-GAP-REJUDGE-20260704.md|2026-07-04 20:34:54
[integration/dp-fac-001-after-b7083dfdc c189e598a] Record DP INT Judge ledger batch 2026-07-04T20:34:54Z
 1 file changed, 0 insertions(+), 0 deletions(-)
[048/102] DP-REPLAY-JUDGE-WP-000043 129573fba
DP-REPLAY-JUDGE-WP-000043|judge_pass|129573fba|reports/judge/dp-int-v1/DP-INT-JUDGE-ARTIFACT-GAP-REJUDGE-20260704.md|2026-07-04 20:34:54
[integration/dp-fac-001-after-b7083dfdc 1c80d9faf] Record DP INT Judge ledger batch 2026-07-04T20:34:54Z
 1 file changed, 0 insertions(+), 0 deletions(-)
[049/102] DP-REPLAY-JUDGE-WP-000044 c321a92dd
DP-REPLAY-JUDGE-WP-000044|judge_pass|c321a92dd|reports/judge/dp-int-v1/DP-INT-JUDGE-ARTIFACT-GAP-REJUDGE-20260704.md|2026-07-04 20:34:54
[integration/dp-fac-001-after-b7083dfdc 0e20cdc7d] Record DP INT Judge ledger batch 2026-07-04T20:34:54Z
 1 file changed, 0 insertions(+), 0 deletions(-)
[050/102] DP-REPLAY-JUDGE-WP-000045 6547491e25081f90bedaa01b1678badbdd70b2e2
DP-REPLAY-JUDGE-WP-000045|judge_pass|6547491e25081f90bedaa01b1678badbdd70b2e2|reports/judge/dp-int-v1/DP-INT-JUDGE-ARTIFACT-GAP-REJUDGE-20260704.md|2026-07-04 20:34:55
[integration/dp-fac-001-after-b7083dfdc 71009bfe6] Record DP INT Judge ledger batch 2026-07-04T20:34:55Z
 1 file changed, 0 insertions(+), 0 deletions(-)
[051/102] DP-EVIDENCE-WP-000033 a498fcbf3
DP-EVIDENCE-WP-000033|judge_pass|a498fcbf3|reports/judge/dp-int-v1/DP-INT-JUDGE-ARTIFACT-GAP-REJUDGE-20260704.md|2026-07-04 20:34:55
[integration/dp-fac-001-after-b7083dfdc 1da3eaee8] Record DP INT Judge ledger batch 2026-07-04T20:34:55Z
 1 file changed, 0 insertions(+), 0 deletions(-)
[052/102] DP-EVIDENCE-WP-000039 63b692f13
DP-EVIDENCE-WP-000039|judge_pass|63b692f13|reports/judge/dp-int-v1/DP-INT-JUDGE-ARTIFACT-GAP-REJUDGE-20260704.md|2026-07-04 20:34:55
[integration/dp-fac-001-after-b7083dfdc d329abb3b] Record DP INT Judge ledger batch 2026-07-04T20:34:55Z
 1 file changed, 0 insertions(+), 0 deletions(-)
[053/102] DP-EVIDENCE-WP-000040 0a5d54530
DP-EVIDENCE-WP-000040|judge_pass|0a5d54530|reports/judge/dp-int-v1/DP-INT-JUDGE-ARTIFACT-GAP-REJUDGE-20260704.md|2026-07-04 20:34:56
[integration/dp-fac-001-after-b7083dfdc 586f0e1c8] Record DP INT Judge ledger batch 2026-07-04T20:34:56Z
 1 file changed, 0 insertions(+), 0 deletions(-)
[054/102] DP-EVIDENCE-WP-000041 e8f5a023ef331ecf005a3cfe14627840c43fb133
DP-EVIDENCE-WP-000041|judge_pass|e8f5a023ef331ecf005a3cfe14627840c43fb133|reports/judge/dp-int-v1/DP-INT-JUDGE-ARTIFACT-GAP-REJUDGE-20260704.md|2026-07-04 20:34:56
[integration/dp-fac-001-after-b7083dfdc 3f2b40a81] Record DP INT Judge ledger batch 2026-07-04T20:34:56Z
 1 file changed, 0 insertions(+), 0 deletions(-)
[055/102] DP-EVIDENCE-WP-000042 141155207d77678fb3d0b2d72c3549b6d6984953
DP-EVIDENCE-WP-000042|judge_pass|141155207d77678fb3d0b2d72c3549b6d6984953|reports/judge/dp-int-v1/DP-INT-JUDGE-ARTIFACT-GAP-REJUDGE-20260704.md|2026-07-04 20:34:56
[integration/dp-fac-001-after-b7083dfdc 5181a35c8] Record DP INT Judge ledger batch 2026-07-04T20:34:56Z
 1 file changed, 0 insertions(+), 0 deletions(-)
[056/102] DP-EVIDENCE-WP-000043 35dc3d54f0189fc19efb4544e57bbcbb833c975b
DP-EVIDENCE-WP-000043|judge_pass|35dc3d54f0189fc19efb4544e57bbcbb833c975b|reports/judge/dp-int-v1/DP-INT-JUDGE-ARTIFACT-GAP-REJUDGE-20260704.md|2026-07-04 20:34:57
[integration/dp-fac-001-after-b7083dfdc 9f83d04f8] Record DP INT Judge ledger batch 2026-07-04T20:34:57Z
 1 file changed, 0 insertions(+), 0 deletions(-)
[057/102] DP-EVIDENCE-WP-000044 1fde3ce0b
DP-EVIDENCE-WP-000044|judge_pass|1fde3ce0b|reports/judge/dp-int-v1/DP-INT-JUDGE-ARTIFACT-GAP-REJUDGE-20260704.md|2026-07-04 20:34:57
[integration/dp-fac-001-after-b7083dfdc 679d20a8c] Record DP INT Judge ledger batch 2026-07-04T20:34:57Z
 1 file changed, 0 insertions(+), 0 deletions(-)
[058/102] DP-EVIDENCE-WP-000045 9038caa7f94e4eb249a1daa97c4cfbec713789b1
DP-EVIDENCE-WP-000045|judge_pass|9038caa7f94e4eb249a1daa97c4cfbec713789b1|reports/judge/dp-int-v1/DP-INT-JUDGE-ARTIFACT-GAP-REJUDGE-20260704.md|2026-07-04 20:34:57
[integration/dp-fac-001-after-b7083dfdc 4de941e14] Record DP INT Judge ledger batch 2026-07-04T20:34:57Z
 1 file changed, 0 insertions(+), 0 deletions(-)
[059/102] DP-EVIDENCE-WP-000046 6bed1a5ef714efdb2a92284edad56539162d6ea0
DP-EVIDENCE-WP-000046|judge_pass|6bed1a5ef714efdb2a92284edad56539162d6ea0|reports/judge/dp-int-v1/DP-INT-JUDGE-ARTIFACT-GAP-REJUDGE-20260704.md|2026-07-04 20:34:58
[integration/dp-fac-001-after-b7083dfdc ba94cc2a4] Record DP INT Judge ledger batch 2026-07-04T20:34:58Z
 1 file changed, 0 insertions(+), 0 deletions(-)
[060/102] DP-EVIDENCE-WP-000047 17a4feced7292297b322624fb391cd4990a00038
DP-EVIDENCE-WP-000047|judge_pass|17a4feced7292297b322624fb391cd4990a00038|reports/judge/dp-int-v1/DP-INT-JUDGE-ARTIFACT-GAP-REJUDGE-20260704.md|2026-07-04 20:34:58
[integration/dp-fac-001-after-b7083dfdc da5a2f5af] Record DP INT Judge ledger batch 2026-07-04T20:34:58Z
 1 file changed, 0 insertions(+), 0 deletions(-)
[061/102] DP-EVIDENCE-WP-000048 9c5b94e1b
DP-EVIDENCE-WP-000048|judge_pass|9c5b94e1b|reports/judge/dp-int-v1/DP-INT-JUDGE-ARTIFACT-GAP-REJUDGE-20260704.md|2026-07-04 20:34:58
[integration/dp-fac-001-after-b7083dfdc 4b0e737b3] Record DP INT Judge ledger batch 2026-07-04T20:34:59Z
 1 file changed, 0 insertions(+), 0 deletions(-)
[062/102] DP-EVIDENCE-WP-000049 95314b6ac
DP-EVIDENCE-WP-000049|judge_pass|95314b6ac|reports/judge/dp-int-v1/DP-INT-JUDGE-ARTIFACT-GAP-REJUDGE-20260704.md|2026-07-04 20:34:59
[integration/dp-fac-001-after-b7083dfdc bf2bb30ab] Record DP INT Judge ledger batch 2026-07-04T20:34:59Z
 1 file changed, 0 insertions(+), 0 deletions(-)
[063/102] DP-EVIDENCE-WP-000050 d5a07fa9888c309f9b1ad11359dd669ab1f22a41
DP-EVIDENCE-WP-000050|judge_pass|d5a07fa9888c309f9b1ad11359dd669ab1f22a41|reports/judge/dp-int-v1/DP-INT-JUDGE-ARTIFACT-GAP-REJUDGE-20260704.md|2026-07-04 20:34:59
[integration/dp-fac-001-after-b7083dfdc 3c12eeba5] Record DP INT Judge ledger batch 2026-07-04T20:34:59Z
 1 file changed, 0 insertions(+), 0 deletions(-)
[064/102] DP-FOUNDATION-WP-000011 b30cd021d
DP-FOUNDATION-WP-000011|judge_pass|b30cd021d|reports/judge/dp-int-v1/DP-INT-JUDGE-ARTIFACT-GAP-REJUDGE-20260704.md|2026-07-04 20:34:59
[integration/dp-fac-001-after-b7083dfdc c95bf1932] Record DP INT Judge ledger batch 2026-07-04T20:35:00Z
 1 file changed, 0 insertions(+), 0 deletions(-)
[065/102] DP-FOUNDATION-WP-000012 366fc10fa
DP-FOUNDATION-WP-000012|judge_pass|366fc10fa|reports/judge/dp-int-v1/DP-INT-JUDGE-ARTIFACT-GAP-REJUDGE-20260704.md|2026-07-04 20:35:00
[integration/dp-fac-001-after-b7083dfdc 02f6277f6] Record DP INT Judge ledger batch 2026-07-04T20:35:00Z
 1 file changed, 0 insertions(+), 0 deletions(-)
[066/102] DP-FOUNDATION-WP-000013 08682e9ae
DP-FOUNDATION-WP-000013|judge_pass|08682e9ae|reports/judge/dp-int-v1/DP-INT-JUDGE-ARTIFACT-GAP-REJUDGE-20260704.md|2026-07-04 20:35:00
[integration/dp-fac-001-after-b7083dfdc bc0141b35] Record DP INT Judge ledger batch 2026-07-04T20:35:00Z
 1 file changed, 0 insertions(+), 0 deletions(-)
[067/102] DP-FOUNDATION-WP-000014 0ccd46ea8
DP-FOUNDATION-WP-000014|judge_pass|0ccd46ea8|reports/judge/dp-int-v1/DP-INT-JUDGE-ARTIFACT-GAP-REJUDGE-20260704.md|2026-07-04 20:35:00
[integration/dp-fac-001-after-b7083dfdc 214ff791c] Record DP INT Judge ledger batch 2026-07-04T20:35:01Z
 1 file changed, 0 insertions(+), 0 deletions(-)
[068/102] DP-FOUNDATION-WP-000015 faf6f0751
DP-FOUNDATION-WP-000015|judge_pass|faf6f0751|reports/judge/dp-int-v1/DP-INT-JUDGE-ARTIFACT-GAP-REJUDGE-20260704.md|2026-07-04 20:35:01
[integration/dp-fac-001-after-b7083dfdc a47bba4f8] Record DP INT Judge ledger batch 2026-07-04T20:35:01Z
 1 file changed, 0 insertions(+), 0 deletions(-)
[069/102] DP-FOUNDATION-WP-000016 dadec29eb2daa03061179abbb349986694749a89
DP-FOUNDATION-WP-000016|judge_pass|dadec29eb2daa03061179abbb349986694749a89|reports/judge/dp-int-v1/DP-INT-JUDGE-ARTIFACT-GAP-REJUDGE-20260704.md|2026-07-04 20:35:01
[integration/dp-fac-001-after-b7083dfdc b160049d2] Record DP INT Judge ledger batch 2026-07-04T20:35:01Z
 1 file changed, 0 insertions(+), 0 deletions(-)
[070/102] DP-FOUNDATION-WP-000017 821b1d4ecf4158c06bdbe981eefe5f23cd942ed9
DP-FOUNDATION-WP-000017|judge_pass|821b1d4ecf4158c06bdbe981eefe5f23cd942ed9|reports/judge/dp-int-v1/DP-INT-JUDGE-ARTIFACT-GAP-REJUDGE-20260704.md|2026-07-04 20:35:02
[integration/dp-fac-001-after-b7083dfdc 93f17e221] Record DP INT Judge ledger batch 2026-07-04T20:35:02Z
 1 file changed, 0 insertions(+), 0 deletions(-)
[071/102] DP-FOUNDATION-WP-000018 aac68b3a4e4190f89ed0a1b7cb4924e79ab798e8
DP-FOUNDATION-WP-000018|judge_pass|aac68b3a4e4190f89ed0a1b7cb4924e79ab798e8|reports/judge/dp-int-v1/DP-INT-JUDGE-ARTIFACT-GAP-REJUDGE-20260704.md|2026-07-04 20:35:02
[integration/dp-fac-001-after-b7083dfdc 6d6e167fa] Record DP INT Judge ledger batch 2026-07-04T20:35:02Z
 1 file changed, 0 insertions(+), 0 deletions(-)
[072/102] DP-FOUNDATION-WP-000019 7735b44d0dee60be7adaf87b6afa828bca7c74ac
DP-FOUNDATION-WP-000019|judge_pass|7735b44d0dee60be7adaf87b6afa828bca7c74ac|reports/judge/dp-int-v1/DP-INT-JUDGE-ARTIFACT-GAP-REJUDGE-20260704.md|2026-07-04 20:35:02
[integration/dp-fac-001-after-b7083dfdc fadb060c6] Record DP INT Judge ledger batch 2026-07-04T20:35:02Z
 1 file changed, 0 insertions(+), 0 deletions(-)
[073/102] DP-FOUNDATION-WP-000020 1ecff3f1cc7b4fe3f3fd35b28e11310abb3233ec
DP-FOUNDATION-WP-000020|judge_pass|1ecff3f1cc7b4fe3f3fd35b28e11310abb3233ec|reports/judge/dp-int-v1/DP-INT-JUDGE-ARTIFACT-GAP-REJUDGE-20260704.md|2026-07-04 20:35:03
[integration/dp-fac-001-after-b7083dfdc 34edd5c2b] Record DP INT Judge ledger batch 2026-07-04T20:35:03Z
 1 file changed, 0 insertions(+), 0 deletions(-)
[074/102] DP-FOUNDATION-WP-000021 7de8da34822321c0e10d36cc856e95ff5e5e67cb
DP-FOUNDATION-WP-000021|judge_pass|7de8da34822321c0e10d36cc856e95ff5e5e67cb|reports/judge/dp-int-v1/DP-INT-JUDGE-ARTIFACT-GAP-REJUDGE-20260704.md|2026-07-04 20:35:03
[integration/dp-fac-001-after-b7083dfdc 3debe5036] Record DP INT Judge ledger batch 2026-07-04T20:35:03Z
 1 file changed, 0 insertions(+), 0 deletions(-)
[075/102] DP-FOUNDATION-WP-000022 740d9e0930ca30eec4052598bd801d32655aa564
DP-FOUNDATION-WP-000022|judge_pass|740d9e0930ca30eec4052598bd801d32655aa564|reports/judge/dp-int-v1/DP-INT-JUDGE-ARTIFACT-GAP-REJUDGE-20260704.md|2026-07-04 20:35:03
[integration/dp-fac-001-after-b7083dfdc cc86064b9] Record DP INT Judge ledger batch 2026-07-04T20:35:03Z
 1 file changed, 0 insertions(+), 0 deletions(-)
[076/102] DP-LEARNER-SIGNAL-WP-000001 d2f2ecc5f
DP-LEARNER-SIGNAL-WP-000001|judge_pass|d2f2ecc5f|reports/judge/dp-int-v1/DP-INT-JUDGE-ARTIFACT-GAP-REJUDGE-20260704.md|2026-07-04 20:35:04
[integration/dp-fac-001-after-b7083dfdc c46113cfc] Record DP INT Judge ledger batch 2026-07-04T20:35:04Z
 1 file changed, 0 insertions(+), 0 deletions(-)
[077/102] DP-LEARNER-SIGNAL-WP-000002 9584facf173e171dcbe21c069113c5451b6bbf98
DP-LEARNER-SIGNAL-WP-000002|judge_pass|9584facf173e171dcbe21c069113c5451b6bbf98|reports/judge/dp-int-v1/DP-INT-JUDGE-ARTIFACT-GAP-REJUDGE-20260704.md|2026-07-04 20:35:04
[integration/dp-fac-001-after-b7083dfdc 46b9b2838] Record DP INT Judge ledger batch 2026-07-04T20:35:04Z
 1 file changed, 0 insertions(+), 0 deletions(-)
[078/102] DP-LEARNER-SIGNAL-WP-000003 86a7565085c39a3d9fb1d0dc0fdf20ab996df156
DP-LEARNER-SIGNAL-WP-000003|judge_pass|86a7565085c39a3d9fb1d0dc0fdf20ab996df156|reports/judge/dp-int-v1/DP-INT-JUDGE-ARTIFACT-GAP-REJUDGE-20260704.md|2026-07-04 20:35:04
[integration/dp-fac-001-after-b7083dfdc 468f87b9b] Record DP INT Judge ledger batch 2026-07-04T20:35:04Z
 1 file changed, 0 insertions(+), 0 deletions(-)
[079/102] DP-LEARNER-SIGNAL-WP-000004 583a533493197df72e3d2cd47dd03f4165c06b87
DP-LEARNER-SIGNAL-WP-000004|judge_pass|583a533493197df72e3d2cd47dd03f4165c06b87|reports/judge/dp-int-v1/DP-INT-JUDGE-ARTIFACT-GAP-REJUDGE-20260704.md|2026-07-04 20:35:05
[integration/dp-fac-001-after-b7083dfdc b61451946] Record DP INT Judge ledger batch 2026-07-04T20:35:05Z
 1 file changed, 0 insertions(+), 0 deletions(-)
[080/102] DP-LEARNER-SIGNAL-WP-000005 a821774c2f692d5249c1cd5f104fea54fa7a3835
DP-LEARNER-SIGNAL-WP-000005|judge_pass|a821774c2f692d5249c1cd5f104fea54fa7a3835|reports/judge/dp-int-v1/DP-INT-JUDGE-ARTIFACT-GAP-REJUDGE-20260704.md|2026-07-04 20:35:05
[integration/dp-fac-001-after-b7083dfdc e8764c4f0] Record DP INT Judge ledger batch 2026-07-04T20:35:05Z
 1 file changed, 0 insertions(+), 0 deletions(-)
[081/102] DP-LEARNER-SIGNAL-WP-000006 96015232f3cebc65a57aa8f92e8008992b2fe722
DP-LEARNER-SIGNAL-WP-000006|judge_pass|96015232f3cebc65a57aa8f92e8008992b2fe722|reports/judge/dp-int-v1/DP-INT-JUDGE-ARTIFACT-GAP-REJUDGE-20260704.md|2026-07-04 20:35:05
[integration/dp-fac-001-after-b7083dfdc 3e7dae966] Record DP INT Judge ledger batch 2026-07-04T20:35:05Z
 1 file changed, 0 insertions(+), 0 deletions(-)
[082/102] DP-LEARNER-SIGNAL-WP-000007 5531c3c2d25359b6645534fd6f93d45180ac3126
DP-LEARNER-SIGNAL-WP-000007|judge_pass|5531c3c2d25359b6645534fd6f93d45180ac3126|reports/judge/dp-int-v1/DP-INT-JUDGE-ARTIFACT-GAP-REJUDGE-20260704.md|2026-07-04 20:35:06
[integration/dp-fac-001-after-b7083dfdc d45f5ccc1] Record DP INT Judge ledger batch 2026-07-04T20:35:06Z
 1 file changed, 0 insertions(+), 0 deletions(-)
[083/102] DP-LEARNER-SIGNAL-WP-000008 5d07693f9b0c086099ec01c88c1291ebd414aed8
DP-LEARNER-SIGNAL-WP-000008|judge_pass|5d07693f9b0c086099ec01c88c1291ebd414aed8|reports/judge/dp-int-v1/DP-INT-JUDGE-ARTIFACT-GAP-REJUDGE-20260704.md|2026-07-04 20:35:06
[integration/dp-fac-001-after-b7083dfdc b0ad5f438] Record DP INT Judge ledger batch 2026-07-04T20:35:06Z
 1 file changed, 0 insertions(+), 0 deletions(-)
[084/102] DP-LEARNER-SIGNAL-WP-000009 cac15a03db98af50955ae7c0f1885f01050fbbb2
DP-LEARNER-SIGNAL-WP-000009|judge_pass|cac15a03db98af50955ae7c0f1885f01050fbbb2|reports/judge/dp-int-v1/DP-INT-JUDGE-ARTIFACT-GAP-REJUDGE-20260704.md|2026-07-04 20:35:06
[integration/dp-fac-001-after-b7083dfdc 263c5e6f5] Record DP INT Judge ledger batch 2026-07-04T20:35:06Z
 1 file changed, 0 insertions(+), 0 deletions(-)
[085/102] DP-LEARNER-SIGNAL-WP-000010 6dc7f49304655e83a366b876c63f4b5b7c224c28
DP-LEARNER-SIGNAL-WP-000010|judge_pass|6dc7f49304655e83a366b876c63f4b5b7c224c28|reports/judge/dp-int-v1/DP-INT-JUDGE-ARTIFACT-GAP-REJUDGE-20260704.md|2026-07-04 20:35:07
[integration/dp-fac-001-after-b7083dfdc d9f6345cd] Record DP INT Judge ledger batch 2026-07-04T20:35:07Z
 1 file changed, 0 insertions(+), 0 deletions(-)
[086/102] DP-LEARNER-SIGNAL-WP-000011 9967e874c79d10210230856b2086bf5ed953befe
DP-LEARNER-SIGNAL-WP-000011|judge_pass|9967e874c79d10210230856b2086bf5ed953befe|reports/judge/dp-int-v1/DP-INT-JUDGE-ARTIFACT-GAP-REJUDGE-20260704.md|2026-07-04 20:35:07
[integration/dp-fac-001-after-b7083dfdc bd8f66167] Record DP INT Judge ledger batch 2026-07-04T20:35:07Z
 1 file changed, 0 insertions(+), 0 deletions(-)
[087/102] DP-LEARNER-SIGNAL-WP-000012 b41aff0053cece178a73532c828101f40a7618e1
DP-LEARNER-SIGNAL-WP-000012|judge_pass|b41aff0053cece178a73532c828101f40a7618e1|reports/judge/dp-int-v1/DP-INT-JUDGE-ARTIFACT-GAP-REJUDGE-20260704.md|2026-07-04 20:35:07
[integration/dp-fac-001-after-b7083dfdc 87654f175] Record DP INT Judge ledger batch 2026-07-04T20:35:08Z
 1 file changed, 0 insertions(+), 0 deletions(-)
[088/102] DP-LEARNER-SIGNAL-WP-000013 c99f08396ba692943b31075c5a842b276e490b4c
DP-LEARNER-SIGNAL-WP-000013|judge_pass|c99f08396ba692943b31075c5a842b276e490b4c|reports/judge/dp-int-v1/DP-INT-JUDGE-ARTIFACT-GAP-REJUDGE-20260704.md|2026-07-04 20:35:08
[integration/dp-fac-001-after-b7083dfdc d9e285fab] Record DP INT Judge ledger batch 2026-07-04T20:35:08Z
 1 file changed, 0 insertions(+), 0 deletions(-)
[089/102] DP-PED-BRIDGE-WP-000001 15ec0ce0735483b4d3bfd2cf04f92c0b3683bc94
DP-PED-BRIDGE-WP-000001|judge_pass|15ec0ce0735483b4d3bfd2cf04f92c0b3683bc94|reports/judge/dp-int-v1/DP-INT-JUDGE-ARTIFACT-GAP-REJUDGE-20260704.md|2026-07-04 20:35:08
[integration/dp-fac-001-after-b7083dfdc bb061e2ec] Record DP INT Judge ledger batch 2026-07-04T20:35:08Z
 1 file changed, 0 insertions(+), 0 deletions(-)
[090/102] DP-PED-BRIDGE-WP-000002 aa58b871175bc074a43ab35899f189a3d16194c3
DP-PED-BRIDGE-WP-000002|judge_pass|aa58b871175bc074a43ab35899f189a3d16194c3|reports/judge/dp-int-v1/DP-INT-JUDGE-ARTIFACT-GAP-REJUDGE-20260704.md|2026-07-04 20:35:08
[integration/dp-fac-001-after-b7083dfdc fc74b7630] Record DP INT Judge ledger batch 2026-07-04T20:35:09Z
 1 file changed, 0 insertions(+), 0 deletions(-)
[091/102] DP-PED-BRIDGE-WP-000003 875be755e
DP-PED-BRIDGE-WP-000003|judge_pass|875be755e|reports/judge/dp-int-v1/DP-INT-JUDGE-ARTIFACT-GAP-REJUDGE-20260704.md|2026-07-04 20:35:09
[integration/dp-fac-001-after-b7083dfdc 60841cb09] Record DP INT Judge ledger batch 2026-07-04T20:35:09Z
 1 file changed, 0 insertions(+), 0 deletions(-)
[092/102] DP-PED-BRIDGE-WP-000004 73e45139eed375d0845ec1bd81894a64a9e03ed9
DP-PED-BRIDGE-WP-000004|judge_pass|73e45139eed375d0845ec1bd81894a64a9e03ed9|reports/judge/dp-int-v1/DP-INT-JUDGE-ARTIFACT-GAP-REJUDGE-20260704.md|2026-07-04 20:35:09
[integration/dp-fac-001-after-b7083dfdc d0a2f9a40] Record DP INT Judge ledger batch 2026-07-04T20:35:09Z
 1 file changed, 0 insertions(+), 0 deletions(-)
[093/102] DP-PED-BRIDGE-WP-000005 ee09564c7
DP-PED-BRIDGE-WP-000005|judge_pass|ee09564c7|reports/judge/dp-int-v1/DP-INT-JUDGE-ARTIFACT-GAP-REJUDGE-20260704.md|2026-07-04 20:35:09
[integration/dp-fac-001-after-b7083dfdc 9fc7f386f] Record DP INT Judge ledger batch 2026-07-04T20:35:10Z
 1 file changed, 0 insertions(+), 0 deletions(-)
[094/102] DP-PED-BRIDGE-WP-000006 528d6b9f6
DP-PED-BRIDGE-WP-000006|judge_pass|528d6b9f6|reports/judge/dp-int-v1/DP-INT-JUDGE-ARTIFACT-GAP-REJUDGE-20260704.md|2026-07-04 20:35:10
[integration/dp-fac-001-after-b7083dfdc e74d00afc] Record DP INT Judge ledger batch 2026-07-04T20:35:10Z
 1 file changed, 0 insertions(+), 0 deletions(-)
[095/102] DP-PED-BRIDGE-WP-000007 d7a0289c4
DP-PED-BRIDGE-WP-000007|judge_pass|d7a0289c4|reports/judge/dp-int-v1/DP-INT-JUDGE-ARTIFACT-GAP-REJUDGE-20260704.md|2026-07-04 20:35:10
[integration/dp-fac-001-after-b7083dfdc 1d03969c8] Record DP INT Judge ledger batch 2026-07-04T20:35:10Z
 1 file changed, 0 insertions(+), 0 deletions(-)
[096/102] DP-PED-BRIDGE-WP-000008 43daf16fd
DP-PED-BRIDGE-WP-000008|judge_pass|43daf16fd|reports/judge/dp-int-v1/DP-INT-JUDGE-ARTIFACT-GAP-REJUDGE-20260704.md|2026-07-04 20:35:11
[integration/dp-fac-001-after-b7083dfdc d5b8fcb48] Record DP INT Judge ledger batch 2026-07-04T20:35:11Z
 1 file changed, 0 insertions(+), 0 deletions(-)
[097/102] DP-PED-BRIDGE-WP-000009 63bc5853c
DP-PED-BRIDGE-WP-000009|judge_pass|63bc5853c|reports/judge/dp-int-v1/DP-INT-JUDGE-ARTIFACT-GAP-REJUDGE-20260704.md|2026-07-04 20:35:11
[integration/dp-fac-001-after-b7083dfdc 59b2bcdde] Record DP INT Judge ledger batch 2026-07-04T20:35:11Z
 1 file changed, 0 insertions(+), 0 deletions(-)
[098/102] DP-PED-BRIDGE-WP-000011 403169b46
DP-PED-BRIDGE-WP-000011|judge_pass|403169b46|reports/judge/dp-int-v1/DP-INT-JUDGE-ARTIFACT-GAP-REJUDGE-20260704.md|2026-07-04 20:35:11
[integration/dp-fac-001-after-b7083dfdc e18c88112] Record DP INT Judge ledger batch 2026-07-04T20:35:11Z
 1 file changed, 0 insertions(+), 0 deletions(-)
[099/102] DP-PED-BRIDGE-WP-000012 7b0e0d39f
DP-PED-BRIDGE-WP-000012|judge_pass|7b0e0d39f|reports/judge/dp-int-v1/DP-INT-JUDGE-ARTIFACT-GAP-REJUDGE-20260704.md|2026-07-04 20:35:12
[integration/dp-fac-001-after-b7083dfdc ff3127df8] Record DP INT Judge ledger batch 2026-07-04T20:35:12Z
 1 file changed, 0 insertions(+), 0 deletions(-)
[100/102] DP-PED-BRIDGE-WP-000013 fb34f7ea3
DP-PED-BRIDGE-WP-000013|judge_pass|fb34f7ea3|reports/judge/dp-int-v1/DP-INT-JUDGE-ARTIFACT-GAP-REJUDGE-20260704.md|2026-07-04 20:35:12
[integration/dp-fac-001-after-b7083dfdc e1c32f725] Record DP INT Judge ledger batch 2026-07-04T20:35:12Z
 1 file changed, 0 insertions(+), 0 deletions(-)
[101/102] DP-PED-BRIDGE-WP-000015 bc2d709ef
DP-PED-BRIDGE-WP-000015|judge_pass|bc2d709ef|reports/judge/dp-int-v1/DP-INT-JUDGE-ARTIFACT-GAP-REJUDGE-20260704.md|2026-07-04 20:35:12
[integration/dp-fac-001-after-b7083dfdc 8123ef46d] Record DP INT Judge ledger batch 2026-07-04T20:35:12Z
 1 file changed, 0 insertions(+), 0 deletions(-)
[102/102] DP-PED-BRIDGE-WP-000016 2f66687c935d59f59ce1ae04b769b99e20923319
DP-PED-BRIDGE-WP-000016|judge_pass|2f66687c935d59f59ce1ae04b769b99e20923319|reports/judge/dp-int-v1/DP-INT-JUDGE-ARTIFACT-GAP-REJUDGE-20260704.md|2026-07-04 20:35:13
[integration/dp-fac-001-after-b7083dfdc ae8127e93] Record DP INT Judge ledger batch 2026-07-04T20:35:13Z
 1 file changed, 0 insertions(+), 0 deletions(-)
