
> mercyblade@0.0.0 typecheck
> npm run typecheck:app


> mercyblade@0.0.0 typecheck:app
> node --max-old-space-size=8192 ./node_modules/typescript/bin/tsc -p tsconfig.typecheck.json --noEmit

       77.91 real        82.11 user         5.93 sys
          2580234240  maximum resident set size
                   0  average shared memory size
                   0  average unshared data size
                   0  average unshared stack size
              806371  page reclaims
                  10  page faults
                   0  swaps
                   0  block input operations
                   0  block output operations
                   0  messages sent
                   0  messages received
                   0  signals received
                5110  voluntary context switches
              161368  involuntary context switches
           705914450  instructions retired
           825811125  cycles elapsed
            20361216  peak memory footprint
